


ARM Macro Assembler    Page 1 


    1 00000000         ;///////////////////////////////////////////////////////
                       ///////////////////////////////////////////////////
    2 00000000         ;///////////////////////////////////////////////////////
                       ///////////////////////////////////////////////////
    3 00000000         ;///////////////////////////////////////////////////////
                       ///////////////////////////////////////////////////
    4 00000000         ; 2013.08.20:
    5 00000000         ;  由于原中断ID号定义中，DMA 相关的中断命名为channel，容
                       易和通道混淆，实际是对应 STREAM 号。
    6 00000000         ;  因此，将相关中断ID命名为 STREAM。
    7 00000000         ;///////////////////////////////////////////////////////
                       ///////////////////////////////////////////////////
    8 00000000         ;///////////////////////////////////////////////////////
                       ///////////////////////////////////////////////////
    9 00000000         ;///////////////////////////////////////////////////////
                       ///////////////////////////////////////////////////
   10 00000000         
   11 00000000         
   12 00000000         ;/*
   13 00000000         ;*******************************************************
                       *************************************************
   14 00000000         ;                                    EXCEPTION VECTORS &
                        STARTUP CODE
   15 00000000         ;
   16 00000000         ; File      : cstartup.s
   17 00000000         ; For       : ARMv7M Cortex-M4
   18 00000000         ; Mode      : Thumb2
   19 00000000         ; Toolchain : RealView Development Suite
   20 00000000         ;             RealView Microcontroller Development Kit (
                       MDK)
   21 00000000         ;             ARM Developer Suite (ADS)
   22 00000000         ;             Keil uVision
   23 00000000         ;*******************************************************
                       *************************************************
   24 00000000         ;*/
   25 00000000         
   26 00000000         ;/*
   27 00000000         ;*******************************************************
                       *************************************************
   28 00000000         ;*                           <<< Use Configuration Wizar
                       d in Context Menu >>>
   29 00000000         ;*
   30 00000000         ;* Note(s) : (1) The 礦ision4 Configuration Wizard enabl
                       es menu driven configuration of assembler, 
   31 00000000         ;*               C/C++, or debugger initialization files
                       . The Configuration Wizard uses control items 
   32 00000000         ;*               that are embedded into the comments of 
                       the configuration file.
   33 00000000         ;*
   34 00000000         ;*******************************************************
                       *************************************************
   35 00000000         ;*/
   36 00000000         
   37 00000000         ;/*
   38 00000000         ;*******************************************************
                       *************************************************
   39 00000000         ;*                                              STACK DE
                       FINITIONS
   40 00000000         ;*



ARM Macro Assembler    Page 2 


   41 00000000         ;* Configuration Wizard Menu:
   42 00000000         ;* // <h> Stack Configuration
   43 00000000         ;* //   <o> Stack Size (in Bytes) <0x0-0xFFFFFFFF:8>
   44 00000000         ;* // </h>;
   45 00000000         ;*******************************************************
                       **************************************************
   46 00000000         ;*/
   47 00000000         
   48 00000000 00001800 
                       Stack_Size
                               EQU              0x00001800
   49 00000000         
   50 00000000                 AREA             STACK, NOINIT, READWRITE, ALIGN
=3
   51 00000000         Stack_Mem
                               SPACE            Stack_Size
   52 00001800         __initial_sp
   53 00001800         
   54 00001800         
   55 00001800         ;/*
   56 00001800         ;*******************************************************
                       *************************************************
   57 00001800         ;*                                              STACK DE
                       FINITIONS
   58 00001800         ; <h> Heap Configuration
   59 00001800         ;   <o>  Heap Size (in Bytes) <0x0-0xFFFFFFFF:8>
   60 00001800         ; </h>
   61 00001800         ;*******************************************************
                       **************************************************
   62 00001800         ;*/
   63 00001800         
   64 00001800 00000000 
                       Heap_Size
                               EQU              0x00000000
   65 00001800         
   66 00001800                 AREA             HEAP, NOINIT, READWRITE, ALIGN=
3
   67 00000000         __heap_base
   68 00000000         Heap_Mem
                               SPACE            Heap_Size
   69 00000000         __heap_limit
   70 00000000         
   71 00000000                 PRESERVE8
   72 00000000                 THUMB
   73 00000000         
   74 00000000         ; Vector Table Mapped to Address 0 at Reset
   75 00000000                 AREA             RESET, DATA, READONLY
   76 00000000                 EXPORT           __Vectors
   77 00000000                 EXPORT           __Vectors_End
   78 00000000                 EXPORT           __Vectors_Size
   79 00000000         
   80 00000000                 IMPORT           BSP_IntHandlerWWDG
   81 00000000                 IMPORT           BSP_IntHandlerPVD
   82 00000000                 IMPORT           BSP_IntHandlerTAMPER
   83 00000000                 IMPORT           BSP_IntHandlerRTC
   84 00000000                 IMPORT           BSP_IntHandlerFLASH
   85 00000000                 IMPORT           BSP_IntHandlerRCC
   86 00000000                 IMPORT           BSP_IntHandlerEXTI0
   87 00000000                 IMPORT           BSP_IntHandlerEXTI1



ARM Macro Assembler    Page 3 


   88 00000000                 IMPORT           BSP_IntHandlerEXTI2
   89 00000000                 IMPORT           BSP_IntHandlerEXTI3
   90 00000000                 IMPORT           BSP_IntHandlerEXTI4
   91 00000000         
   92 00000000         ;/// 2013.08.20
   93 00000000         ;                IMPORT  BSP_IntHandlerDMA1_CH1
   94 00000000         ;                IMPORT  BSP_IntHandlerDMA1_CH2
   95 00000000         ;                IMPORT  BSP_IntHandlerDMA1_CH3
   96 00000000         ;                IMPORT  BSP_IntHandlerDMA1_CH4
   97 00000000         ;                IMPORT  BSP_IntHandlerDMA1_CH5
   98 00000000         ;                IMPORT  BSP_IntHandlerDMA1_CH6
   99 00000000         ;                IMPORT  BSP_IntHandlerDMA1_CH7
  100 00000000                 IMPORT           BSP_IntHandlerDMA1_STREAM0
  101 00000000                 IMPORT           BSP_IntHandlerDMA1_STREAM1
  102 00000000                 IMPORT           BSP_IntHandlerDMA1_STREAM2
  103 00000000                 IMPORT           BSP_IntHandlerDMA1_STREAM3
  104 00000000                 IMPORT           BSP_IntHandlerDMA1_STREAM4
  105 00000000                 IMPORT           BSP_IntHandlerDMA1_STREAM5
  106 00000000                 IMPORT           BSP_IntHandlerDMA1_STREAM6
  107 00000000         
  108 00000000                 IMPORT           BSP_IntHandlerADC1_2
  109 00000000                 IMPORT           BSP_IntHandlerCAN1_TX
  110 00000000                 IMPORT           BSP_IntHandlerCAN1_RX0
  111 00000000                 IMPORT           BSP_IntHandlerCAN1_RX1
  112 00000000                 IMPORT           BSP_IntHandlerCAN1_SCE
  113 00000000                 IMPORT           BSP_IntHandlerEXTI9_5
  114 00000000                 IMPORT           BSP_IntHandlerTIM1_BRK
  115 00000000                 IMPORT           BSP_IntHandlerTIM1_UP
  116 00000000                 IMPORT           BSP_IntHandlerTIM1_TRG_COM
  117 00000000                 IMPORT           BSP_IntHandlerTIM1_CC
  118 00000000                 IMPORT           BSP_IntHandlerTIM2
  119 00000000                 IMPORT           BSP_IntHandlerTIM3
  120 00000000                 IMPORT           BSP_IntHandlerTIM4
  121 00000000                 IMPORT           BSP_IntHandlerI2C1_EV
  122 00000000                 IMPORT           BSP_IntHandlerI2C1_ER
  123 00000000                 IMPORT           BSP_IntHandlerI2C2_EV
  124 00000000                 IMPORT           BSP_IntHandlerI2C2_ER
  125 00000000                 IMPORT           BSP_IntHandlerSPI1
  126 00000000                 IMPORT           BSP_IntHandlerSPI2
  127 00000000                 IMPORT           BSP_IntHandlerUSART1
  128 00000000                 IMPORT           BSP_IntHandlerUSART2
  129 00000000                 IMPORT           BSP_IntHandlerUSART3
  130 00000000                 IMPORT           BSP_IntHandlerEXTI15_10
  131 00000000                 IMPORT           BSP_IntHandlerRTCAlarm
  132 00000000                 IMPORT           BSP_IntHandlerUSBWakeUp
  133 00000000                 IMPORT           BSP_IntHandlerTIM8_BRK_TIM12
  134 00000000                 IMPORT           BSP_IntHandlerTIM8_UP_TIM13
  135 00000000                 IMPORT           BSP_IntHandlerTIM8_TRG_COM_TIM1
4
  136 00000000                 IMPORT           BSP_IntHandlerTIM8_CC
  137 00000000                 IMPORT           BSP_IntHandlerDMA1_STREAM7
  138 00000000                 IMPORT           BSP_IntHandlerFSMC
  139 00000000                 IMPORT           BSP_IntHandlerSDIO
  140 00000000                 IMPORT           BSP_IntHandlerTIM5
  141 00000000                 IMPORT           BSP_IntHandlerSPI3
  142 00000000                 IMPORT           BSP_IntHandlerUSART4
  143 00000000                 IMPORT           BSP_IntHandlerUSART5
  144 00000000                 IMPORT           BSP_IntHandlerTIM6
  145 00000000                 IMPORT           BSP_IntHandlerTIM7



ARM Macro Assembler    Page 4 


  146 00000000         
  147 00000000         ;///2013.08.20:
  148 00000000         ;                IMPORT  BSP_IntHandlerDMA2_CH1
  149 00000000         ;                IMPORT  BSP_IntHandlerDMA2_CH2
  150 00000000         ;                IMPORT  BSP_IntHandlerDMA2_CH3
  151 00000000         ;                IMPORT  BSP_IntHandlerDMA2_CH4
  152 00000000         ;                IMPORT  BSP_IntHandlerDMA2_CH5
  153 00000000                 IMPORT           BSP_IntHandlerDMA2_STREAM0
  154 00000000                 IMPORT           BSP_IntHandlerDMA2_STREAM1
  155 00000000                 IMPORT           BSP_IntHandlerDMA2_STREAM2
  156 00000000                 IMPORT           BSP_IntHandlerDMA2_STREAM3
  157 00000000                 IMPORT           BSP_IntHandlerDMA2_STREAM4
  158 00000000         
  159 00000000         
  160 00000000                 IMPORT           BSP_IntHandlerETH
  161 00000000                 IMPORT           BSP_IntHandlerETHWakeup
  162 00000000                 IMPORT           BSP_IntHandlerCAN2_TX
  163 00000000                 IMPORT           BSP_IntHandlerCAN2_RX0
  164 00000000                 IMPORT           BSP_IntHandlerCAN2_RX1
  165 00000000                 IMPORT           BSP_IntHandlerCAN2_SCE
  166 00000000                 IMPORT           BSP_IntHandlerOTG
  167 00000000         
  168 00000000         ;///2013.08.20
  169 00000000         ;                IMPORT  BSP_IntHandlerDMA2_CH6
  170 00000000         ;                IMPORT  BSP_IntHandlerDMA2_CH7
  171 00000000         ;                IMPORT  BSP_IntHandlerDMA2_CH8
  172 00000000                 IMPORT           BSP_IntHandlerDMA2_STREAM5
  173 00000000                 IMPORT           BSP_IntHandlerDMA2_STREAM6
  174 00000000                 IMPORT           BSP_IntHandlerDMA2_STREAM7
  175 00000000         
  176 00000000         
  177 00000000                 IMPORT           BSP_IntHandlerUSART6
  178 00000000                 IMPORT           BSP_IntHandlerI2C3_EV
  179 00000000                 IMPORT           BSP_IntHandlerI2C3_ER
  180 00000000                 IMPORT           BSP_IntHandlerOTG_HS_EP1_OUT
  181 00000000                 IMPORT           BSP_IntHandlerOTG_HS_EP1_IN
  182 00000000                 IMPORT           BSP_IntHandlerOTG_HS_WKUP
  183 00000000                 IMPORT           BSP_IntHandlerOTG_HS
  184 00000000                 IMPORT           BSP_IntHandlerDCMI
  185 00000000                 IMPORT           BSP_IntHandlerCRYP
  186 00000000                 IMPORT           BSP_IntHandlerHASH_RNG
  187 00000000         
  188 00000000                 IMPORT           OS_CPU_PendSVHandler
  189 00000000                 IMPORT           OS_CPU_SysTickHandler
  190 00000000         
  191 00000000 00000000 
                       __Vectors
                               DCD              __initial_sp ;/*  0, Top of Sta
                                                            ck
  192 00000004 00000000        DCD              Reset_Handler ;/*  1, Reset Han
                                                            dler
  193 00000008 00000000        DCD              App_NMI_ISR ;/*  2, NMI.       
                                                                               
                                                                               
                                                              */
  194 0000000C 00000000        DCD              App_Fault_ISR ;/*  3, Hard Faul
                                                            t.                 
                                                                               
                                                                */



ARM Macro Assembler    Page 5 


  195 00000010 00000000        DCD              App_MemFault_ISR ;/*  4, Memory
                                                             Management.       
                                                                               
                                                                   */
  196 00000014 00000000        DCD              App_BusFault_ISR ;/*  5, Bus Fa
                                                            ult.               
                                                                               
                                                                   */
  197 00000018 00000000        DCD              App_UsageFault_ISR ;/*  6, Usag
                                                            e Fault.           
                                                                               
                                                                     */
  198 0000001C 00000000        DCD              App_Spurious_ISR ;/*  7, Reserv
                                                            ed.                
                                                                               
                                                                   */
  199 00000020 00000000        DCD              App_Spurious_ISR ;/*  8, Reserv
                                                            ed.                
                                                                               
                                                                   */
  200 00000024 00000000        DCD              App_Spurious_ISR ;/*  9, Reserv
                                                            ed.                
                                                                               
                                                                   */
  201 00000028 00000000        DCD              App_Spurious_ISR ;/* 10, Reserv
                                                            ed.                
                                                                               
                                                                   */
  202 0000002C 00000000        DCD              App_Spurious_ISR ;/* 11, SVCall
                                                            .                  
                                                                               
                                                                   */
  203 00000030 00000000        DCD              App_Spurious_ISR ;/* 12, Debug 
                                                            Monitor.           
                                                                               
                                                                   */
  204 00000034 00000000        DCD              App_Spurious_ISR ;/* 13, Reserv
                                                            ed.                
                                                                               
                                                                   */
  205 00000038 00000000        DCD              OS_CPU_PendSVHandler ;/* 14, Pe
                                                            ndSV Handler.      
                                                                               
                                                                       */
  206 0000003C 00000000        DCD              OS_CPU_SysTickHandler ;/* 15, u
                                                            C/OS-III Tick ISR H
                                                            andler.            
                                                                        */
  207 00000040         
  208 00000040         ; External Interrupts
  209 00000040 00000000        DCD              BSP_IntHandlerWWDG ;/* 16, INTI
                                                            SR[  0]  Window Wat
                                                            chdog.             
                                                                   */
  210 00000044 00000000        DCD              BSP_IntHandlerPVD ;/* 17, INTIS
                                                            R[  1]  PVD through
                                                             EXTI Line Detectio
                                                            n.    */
  211 00000048 00000000        DCD              BSP_IntHandlerTAMPER ;/* 18, IN



ARM Macro Assembler    Page 6 


                                                            TISR[  2]  Tamper I
                                                            nterrupt.          
                                                                     */
  212 0000004C 00000000        DCD              BSP_IntHandlerRTC ;/* 19, INTIS
                                                            R[  3]  RTC Global 
                                                            Interrupt.         
                                                                  */
  213 00000050 00000000        DCD              BSP_IntHandlerFLASH ;/* 20, INT
                                                            ISR[  4]  FLASH Glo
                                                            bal Interrupt.     
                                                                    */
  214 00000054 00000000        DCD              BSP_IntHandlerRCC ;/* 21, INTIS
                                                            R[  5]  RCC Global 
                                                            Interrupt.         
                                                                  */
  215 00000058 00000000        DCD              BSP_IntHandlerEXTI0 ;/* 22, INT
                                                            ISR[  6]  EXTI Line
                                                            0 Interrupt.       
                                                                    */
  216 0000005C 00000000        DCD              BSP_IntHandlerEXTI1 ;/* 23, INT
                                                            ISR[  7]  EXTI Line
                                                            1 Interrupt.       
                                                                    */
  217 00000060 00000000        DCD              BSP_IntHandlerEXTI2 ;/* 24, INT
                                                            ISR[  8]  EXTI Line
                                                            2 Interrupt.       
                                                                    */
  218 00000064 00000000        DCD              BSP_IntHandlerEXTI3 ;/* 25, INT
                                                            ISR[  9]  EXTI Line
                                                            3 Interrupt.       
                                                                    */
  219 00000068 00000000        DCD              BSP_IntHandlerEXTI4 ;/* 26, INT
                                                            ISR[ 10]  EXTI Line
                                                            4 Interrupt.       
                                                                    */
  220 0000006C         
  221 0000006C         ;///2013.08.20
  222 0000006C         ;                DCD     BSP_IntHandlerDMA1_CH1         
                            ;/* 27, INTISR[ 11]  DMA Channel1 Global Interrupt.
                             */
  223 0000006C         ;                DCD     BSP_IntHandlerDMA1_CH2         
                            ;/* 28, INTISR[ 12]  DMA Channel2 Global Interrupt.
                             */
  224 0000006C         ;                DCD     BSP_IntHandlerDMA1_CH3         
                            ;/* 29, INTISR[ 13]  DMA Channel3 Global Interrupt.
                             */
  225 0000006C         ;                DCD     BSP_IntHandlerDMA1_CH4         
                            ;/* 30, INTISR[ 14]  DMA Channel4 Global Interrupt.
                             */
  226 0000006C         ;                DCD     BSP_IntHandlerDMA1_CH5         
                            ;/* 31, INTISR[ 15]  DMA Channel5 Global Interrupt.
                             */
  227 0000006C         ;                DCD     BSP_IntHandlerDMA1_CH6         
                            ;/* 32, INTISR[ 16]  DMA Channel6 Global Interrupt.
                             */
  228 0000006C         ;                DCD     BSP_IntHandlerDMA1_CH7         
                            ;/* 33, INTISR[ 17]  DMA Channel7 Global Interrupt.
                             */
  229 0000006C 00000000        DCD              BSP_IntHandlerDMA1_STREAM0 ;/* 



ARM Macro Assembler    Page 7 


                                                            27, INTISR[ 11]  DM
                                                            A Channel1 Global I
                                                            nterrupt.      */
  230 00000070 00000000        DCD              BSP_IntHandlerDMA1_STREAM1 ;/* 
                                                            28, INTISR[ 12]  DM
                                                            A Channel2 Global I
                                                            nterrupt.      */
  231 00000074 00000000        DCD              BSP_IntHandlerDMA1_STREAM2 ;/* 
                                                            29, INTISR[ 13]  DM
                                                            A Channel3 Global I
                                                            nterrupt.      */
  232 00000078 00000000        DCD              BSP_IntHandlerDMA1_STREAM3 ;/* 
                                                            30, INTISR[ 14]  DM
                                                            A Channel4 Global I
                                                            nterrupt.      */
  233 0000007C 00000000        DCD              BSP_IntHandlerDMA1_STREAM4 ;/* 
                                                            31, INTISR[ 15]  DM
                                                            A Channel5 Global I
                                                            nterrupt.      */
  234 00000080 00000000        DCD              BSP_IntHandlerDMA1_STREAM5 ;/* 
                                                            32, INTISR[ 16]  DM
                                                            A Channel6 Global I
                                                            nterrupt.      */
  235 00000084 00000000        DCD              BSP_IntHandlerDMA1_STREAM6 ;/* 
                                                            33, INTISR[ 17]  DM
                                                            A Channel7 Global I
                                                            nterrupt.      */  
                                                              
  236 00000088         
  237 00000088         
  238 00000088 00000000        DCD              BSP_IntHandlerADC1_2 ;/* 34, IN
                                                            TISR[ 18]  ADC1 & A
                                                            DC2 Global Interrup
                                                            t.       */
  239 0000008C 00000000        DCD              BSP_IntHandlerCAN1_TX ;/* 35, I
                                                            NTISR[ 19]  USB Hig
                                                            h Prio / CAN TX  In
                                                            terrupts. */
  240 00000090 00000000        DCD              BSP_IntHandlerCAN1_RX0 ;/* 36, 
                                                            INTISR[ 20]  USB Lo
                                                            w  Prio / CAN RX0 I
                                                            nterrupts. */
  241 00000094 00000000        DCD              BSP_IntHandlerCAN1_RX1 ;/* 37, 
                                                            INTISR[ 21]  CAN RX
                                                            1 Interrupt.       
                                                                       */
  242 00000098 00000000        DCD              BSP_IntHandlerCAN1_SCE ;/* 38, 
                                                            INTISR[ 22]  CAN SC
                                                            E Interrupt.       
                                                                       */
  243 0000009C 00000000        DCD              BSP_IntHandlerEXTI9_5 ;/* 39, I
                                                            NTISR[ 23]  EXTI Li
                                                            ne[9:5] Interrupt. 
                                                                      */
  244 000000A0 00000000        DCD              BSP_IntHandlerTIM1_BRK ;/* 40, 
                                                            INTISR[ 24]  TIM1 B
                                                            reak  Interrupt.   
                                                                       */
  245 000000A4 00000000        DCD              BSP_IntHandlerTIM1_UP ;/* 41, I



ARM Macro Assembler    Page 8 


                                                            NTISR[ 25]  TIM1 Up
                                                            date Interrupt.    
                                                                      */
  246 000000A8 00000000        DCD              BSP_IntHandlerTIM1_TRG_COM ;/* 
                                                            42, INTISR[ 26]  TI
                                                            M1 Trig & Commutati
                                                            on Interrupts. */
  247 000000AC 00000000        DCD              BSP_IntHandlerTIM1_CC ;/* 43, I
                                                            NTISR[ 27]  TIM1 Ca
                                                            pture Compare Inter
                                                            rupt.     */
  248 000000B0 00000000        DCD              BSP_IntHandlerTIM2 ;/* 44, INTI
                                                            SR[ 28]  TIM2 Globa
                                                            l Interrupt.       
                                                                   */
  249 000000B4 00000000        DCD              BSP_IntHandlerTIM3 ;/* 45, INTI
                                                            SR[ 29]  TIM3 Globa
                                                            l Interrupt.       
                                                                   */
  250 000000B8 00000000        DCD              BSP_IntHandlerTIM4 ;/* 46, INTI
                                                            SR[ 30]  TIM4 Globa
                                                            l Interrupt.       
                                                                   */
  251 000000BC 00000000        DCD              BSP_IntHandlerI2C1_EV ;/* 47, I
                                                            NTISR[ 31]  I2C1 Ev
                                                            ent  Interrupt.    
                                                                      */
  252 000000C0 00000000        DCD              BSP_IntHandlerI2C1_ER ;/* 48, I
                                                            NTISR[ 32]  I2C1 Er
                                                            ror  Interrupt.    
                                                                      */
  253 000000C4 00000000        DCD              BSP_IntHandlerI2C2_EV ;/* 49, I
                                                            NTISR[ 33]  I2C2 Ev
                                                            ent  Interrupt.    
                                                                      */
  254 000000C8 00000000        DCD              BSP_IntHandlerI2C2_ER ;/* 50, I
                                                            NTISR[ 34]  I2C2 Er
                                                            ror  Interrupt.    
                                                                      */
  255 000000CC 00000000        DCD              BSP_IntHandlerSPI1 ;/* 51, INTI
                                                            SR[ 35]  SPI1 Globa
                                                            l Interrupt.       
                                                                   */
  256 000000D0 00000000        DCD              BSP_IntHandlerSPI2 ;/* 52, INTI
                                                            SR[ 36]  SPI2 Globa
                                                            l Interrupt.       
                                                                   */
  257 000000D4 00000000        DCD              BSP_IntHandlerUSART1 ;/* 53, IN
                                                            TISR[ 37]  USART1 G
                                                            lobal Interrupt.   
                                                                     */
  258 000000D8 00000000        DCD              BSP_IntHandlerUSART2 ;/* 54, IN
                                                            TISR[ 38]  USART2 G
                                                            lobal Interrupt.   
                                                                     */
  259 000000DC 00000000        DCD              BSP_IntHandlerUSART3 ;/* 55, IN
                                                            TISR[ 39]  USART3 G
                                                            lobal Interrupt.   
                                                                     */



ARM Macro Assembler    Page 9 


  260 000000E0 00000000        DCD              BSP_IntHandlerEXTI15_10 ;/* 56,
                                                             INTISR[ 40]  EXTI 
                                                            Line [15:10] Interr
                                                            upts.       */
  261 000000E4 00000000        DCD              BSP_IntHandlerRTCAlarm ;/* 57, 
                                                            INTISR[ 41]  RTC Al
                                                            arm EXT Line Interr
                                                            upt.       */
  262 000000E8 00000000        DCD              BSP_IntHandlerUSBWakeUp ;/* 58,
                                                             INTISR[ 42]  USB W
                                                            akeup from Suspend 
                                                            EXTI Int.   */
  263 000000EC 00000000        DCD              BSP_IntHandlerTIM8_BRK_TIM12 ;/
                                                            * 59, INTISR[ 43]  
                                                            TIM8 Break and TIM1
                                                            2 global Int.    */
                                                            
  264 000000F0 00000000        DCD              BSP_IntHandlerTIM8_UP_TIM13 ;/*
                                                             60, INTISR[ 44]  T
                                                            IM8 Update and TIM1
                                                            3 global Int.   */
  265 000000F4 00000000        DCD              BSP_IntHandlerTIM8_TRG_COM_TIM1
4 
                                                            ;/* 61, INTISR[ 45]
                                                              TIM8 Trigger/Comm
                                                            utation and TIM14. 
                                                            */
  266 000000F8 00000000        DCD              BSP_IntHandlerTIM8_CC ;/* 62, I
                                                            NTISR[ 46]  TIM8 Ca
                                                            pture Compare Int. 
                                                                      */
  267 000000FC 00000000        DCD              BSP_IntHandlerDMA1_STREAM7 ;/* 
                                                            63, INTISR[ 47]  DM
                                                            A1 Stream7 Int.    
                                                                           */
  268 00000100 00000000        DCD              BSP_IntHandlerFSMC ;/* 64, INTI
                                                            SR[ 48]  FSMC globa
                                                            l Int.             
                                                                   */
  269 00000104 00000000        DCD              BSP_IntHandlerSDIO ;/* 65, INTI
                                                            SR[ 49]  SDIO globa
                                                            l Int.             
                                                                   */
  270 00000108 00000000        DCD              BSP_IntHandlerTIM5 ;/* 66, INTI
                                                            SR[ 50]  TIM5 globa
                                                            l Interrupt.       
                                                                   */
  271 0000010C 00000000        DCD              BSP_IntHandlerSPI3 ;/* 67, INTI
                                                            SR[ 51]  SPI3 globa
                                                            l Interrupt.       
                                                                   */
  272 00000110 00000000        DCD              BSP_IntHandlerUSART4 ;/* 68, IN
                                                            TISR[ 52]  UART4 gl
                                                            obal Interrupt.    
                                                                     */
  273 00000114 00000000        DCD              BSP_IntHandlerUSART5 ;/* 69, IN
                                                            TISR[ 53]  UART5 gl
                                                            obal Interrupt.    
                                                                     */



ARM Macro Assembler    Page 10 


  274 00000118 00000000        DCD              BSP_IntHandlerTIM6 ;/* 70, INTI
                                                            SR[ 54]  TIM6 globa
                                                            l Interrupt.       
                                                                   */
  275 0000011C 00000000        DCD              BSP_IntHandlerTIM7 ;/* 71, INTI
                                                            SR[ 55]  TIM7 globa
                                                            l Interrupt.       
                                                                   */
  276 00000120         
  277 00000120         
  278 00000120         ;///2013.08.20
  279 00000120         ;                DCD     BSP_IntHandlerDMA2_CH1         
                            ;/* 72, INTISR[ 56]  DMA2 Channel 1 global Interrup
                       t.    */
  280 00000120         ;                DCD     BSP_IntHandlerDMA2_CH2         
                            ;/* 73, INTISR[ 57]  DMA2 Channel 2 global Interrup
                       t.    */
  281 00000120         ;                DCD     BSP_IntHandlerDMA2_CH3         
                            ;/* 74, INTISR[ 58]  DMA2 Channel 3 global Interrup
                       t.    */
  282 00000120         ;                DCD     BSP_IntHandlerDMA2_CH4         
                            ;/* 75, INTISR[ 59]  DMA2 Channel 4 global Interrup
                       t.    */
  283 00000120         ;                DCD     BSP_IntHandlerDMA2_CH5         
                            ;/* 76, INTISR[ 60]  DMA2 Channel 5 global Interrup
                       t.    */
  284 00000120 00000000        DCD              BSP_IntHandlerDMA2_STREAM0 ;/* 
                                                            72, INTISR[ 56]  DM
                                                            A2 Channel 1 global
                                                             Interrupt.    */
  285 00000124 00000000        DCD              BSP_IntHandlerDMA2_STREAM1 ;/* 
                                                            73, INTISR[ 57]  DM
                                                            A2 Channel 2 global
                                                             Interrupt.    */
  286 00000128 00000000        DCD              BSP_IntHandlerDMA2_STREAM2 ;/* 
                                                            74, INTISR[ 58]  DM
                                                            A2 Channel 3 global
                                                             Interrupt.    */
  287 0000012C 00000000        DCD              BSP_IntHandlerDMA2_STREAM3 ;/* 
                                                            75, INTISR[ 59]  DM
                                                            A2 Channel 4 global
                                                             Interrupt.    */
  288 00000130 00000000        DCD              BSP_IntHandlerDMA2_STREAM4 ;/* 
                                                            76, INTISR[ 60]  DM
                                                            A2 Channel 5 global
                                                             Interrupt.    */
  289 00000134         
  290 00000134 00000000        DCD              BSP_IntHandlerETH ;/* 77, INTIS
                                                            R[ 61]  ETH global 
                                                            Interrupt.         
                                                                  */
  291 00000138 00000000        DCD              BSP_IntHandlerETHWakeup ;/* 78,
                                                             INTISR[ 62]  ETH W
                                                            akeUp from EXTI lin
                                                            e Int.      */
  292 0000013C 00000000        DCD              BSP_IntHandlerCAN2_TX ;/* 79, I
                                                            NTISR[ 63]  CAN2 TX
                                                             Interrupts.       
                                                                      */



ARM Macro Assembler    Page 11 


  293 00000140 00000000        DCD              BSP_IntHandlerCAN2_RX0 ;/* 80, 
                                                            INTISR[ 64]  CAN2 R
                                                            X0 Interrupts.     
                                                                       */
  294 00000144 00000000        DCD              BSP_IntHandlerCAN2_RX1 ;/* 81, 
                                                            INTISR[ 65]  CAN2 R
                                                            X1 Interrupt.      
                                                                       */
  295 00000148 00000000        DCD              BSP_IntHandlerCAN2_SCE ;/* 82, 
                                                            INTISR[ 66]  CAN2 S
                                                            CE Interrupt.      
                                                                       */
  296 0000014C 00000000        DCD              BSP_IntHandlerOTG ;/* 83, INTIS
                                                            R[ 67]  OTG global 
                                                            Interrupt.         
                                                                  */
  297 00000150         
  298 00000150         ;///2013.08.20
  299 00000150         ;                DCD     BSP_IntHandlerDMA2_CH6         
                            ;/* 84, INTISR[ 68]  DMA2 Channel 6 global Interrup
                       t.    */
  300 00000150         ;                DCD     BSP_IntHandlerDMA2_CH7         
                            ;/* 85, INTISR[ 69]  DMA2 Channel 7 global Interrup
                       t.    */
  301 00000150         ;                DCD     BSP_IntHandlerDMA2_CH8         
                            ;/* 86, INTISR[ 70]  DMA2 Channel 8 global Interrup
                       t.    */
  302 00000150 00000000        DCD              BSP_IntHandlerDMA2_STREAM5 ;/* 
                                                            84, INTISR[ 68]  DM
                                                            A2 Channel 7 global
                                                             Interrupt.    */
  303 00000154 00000000        DCD              BSP_IntHandlerDMA2_STREAM6 ;/* 
                                                            95, INTISR[ 69]  DM
                                                            A2 Channel 7 global
                                                             Interrupt.    */
  304 00000158 00000000        DCD              BSP_IntHandlerDMA2_STREAM7 ;/* 
                                                            06, INTISR[ 70]  DM
                                                            A2 Channel 8 global
                                                             Interrupt.    */
  305 0000015C         
  306 0000015C         
  307 0000015C 00000000        DCD              BSP_IntHandlerUSART6 ;/* 87, IN
                                                            TISR[ 71]  UART6 gl
                                                            obal Interrupt.    
                                                                     */
  308 00000160 00000000        DCD              BSP_IntHandlerI2C3_EV ;/* 88, I
                                                            NTISR[ 72]  I2C3 Ev
                                                            ent  Interrupt.    
                                                                      */
  309 00000164 00000000        DCD              BSP_IntHandlerI2C3_ER ;/* 89, I
                                                            NTISR[ 73]  I2C3 Er
                                                            ror  Interrupt.    
                                                                      */
  310 00000168 00000000        DCD              BSP_IntHandlerOTG_HS_EP1_OUT ;/
                                                            * 90, INTISR[ 74]  
                                                            OTG HS EP1 Output I
                                                            nterrupt.        */
                                                            
  311 0000016C 00000000        DCD              BSP_IntHandlerOTG_HS_EP1_IN ;/*



ARM Macro Assembler    Page 12 


                                                             91, INTISR[ 75]  O
                                                            TG HS EP1 Input Int
                                                            errupt.         */
  312 00000170 00000000        DCD              BSP_IntHandlerOTG_HS_WKUP ;/* 9
                                                            2, INTISR[ 76]  OTG
                                                             HS Wakeup Interrup
                                                            t.            */
  313 00000174 00000000        DCD              BSP_IntHandlerOTG_HS ;/* 93, IN
                                                            TISR[ 77]  OTG HS I
                                                            nterrupt.          
                                                                     */
  314 00000178 00000000        DCD              BSP_IntHandlerDCMI ;/* 94, INTI
                                                            SR[ 78]  DCMI Inter
                                                            rupt.              
                                                                   */
  315 0000017C 00000000        DCD              BSP_IntHandlerCRYP ;/* 95, INTI
                                                            SR[ 79]  CRYPT Inte
                                                            rrupt.             
                                                                   */
  316 00000180 00000000        DCD              BSP_IntHandlerHASH_RNG ;/* 96, 
                                                            INTISR[ 80]  HASH R
                                                            NG Interrupt.      
                                                                       */ 
  317 00000184         __Vectors_End
  318 00000184         
  319 00000184 00000184 
                       __Vectors_Size
                               EQU              __Vectors_End - __Vectors
  320 00000184         
  321 00000184                 AREA             |.text|, CODE, READONLY
  322 00000000         
  323 00000000         ; Reset handler
  324 00000000         Reset_Handler
                               PROC
  325 00000000                 EXPORT           Reset_Handler             [WEAK
]
  326 00000000         ;///增加引用系统时钟初始化函数：
  327 00000000                 IMPORT           SystemInit
  328 00000000         
  329 00000000         
  330 00000000                 IMPORT           __main
  331 00000000         
  332 00000000         ;///增加矢量重新映射
  333 00000000 4808            LDR              R0, =SystemInit
  334 00000002 4780            BLX              R0
  335 00000004         
  336 00000004         
  337 00000004 4808            LDR              R0, =__main
  338 00000006 4700            BX               R0
  339 00000008                 ENDP
  340 00000008         
  341 00000008         ; Dummy Exception Handlers (infinite loops which can be 
                       modified)                
  342 00000008         
  343 00000008         App_NMI_ISR
                               PROC
  344 00000008                 EXPORT           App_NMI_ISR                   [
WEAK]
  345 00000008 E7FE            B                .



ARM Macro Assembler    Page 13 


  346 0000000A                 ENDP
  348 0000000A         App_Fault_ISR
                               PROC
  349 0000000A                 EXPORT           App_Fault_ISR                 [
WEAK]
  350 0000000A         ;LDR  R0, =OS_CPU_PendSVHandler
  351 0000000A         ;BX  R0
  352 0000000A E7FE            B                .
  353 0000000C                 ENDP
  355 0000000C         App_MemFault_ISR
                               PROC
  356 0000000C                 EXPORT           App_MemFault_ISR             [W
EAK]
  357 0000000C E7FE            B                .
  358 0000000E                 ENDP
  360 0000000E         App_BusFault_ISR
                               PROC
  361 0000000E                 EXPORT           App_BusFault_ISR             [W
EAK]
  362 0000000E E7FE            B                .
  363 00000010                 ENDP
  365 00000010         App_UsageFault_ISR
                               PROC
  366 00000010                 EXPORT           App_UsageFault_ISR            [
WEAK]
  367 00000010 E7FE            B                .
  368 00000012                 ENDP
  370 00000012         App_Spurious_ISR
                               PROC
  371 00000012                 EXPORT           App_Spurious_ISR               
 [WEAK]
  372 00000012 E7FE            B                .
  373 00000014                 ENDP
  375 00000014         App_Reserved_ISR
                               PROC
  376 00000014                 EXPORT           App_Reserved_ISR               
 [WEAK]
  377 00000014 E7FE            B                .
  378 00000016                 ENDP
  379 00000016         
  380 00000016         
  381 00000016 00 00           ALIGN
  382 00000018         
  383 00000018         
  384 00000018         ; User Inital Stack & Heap
  385 00000018                 IF               :DEF:__MICROLIB
  392 00000018         
  393 00000018                 IMPORT           __use_two_region_memory
  394 00000018                 EXPORT           __user_initial_stackheap
  395 00000018         
  396 00000018         __user_initial_stackheap
  397 00000018         
  398 00000018 4804            LDR              R0, =  Heap_Mem
  399 0000001A 4905            LDR              R1, =(Stack_Mem + Stack_Size)
  400 0000001C 4A03            LDR              R2, = (Heap_Mem +  Heap_Size)
  401 0000001E 4B05            LDR              R3, = Stack_Mem
  402 00000020 4770            BX               LR
  403 00000022         
  404 00000022 00 00           ALIGN



ARM Macro Assembler    Page 14 


  405 00000024         
  406 00000024                 ENDIF
  407 00000024         
  408 00000024                 END
              00000000 
              00000000 
              00000000 
              00001800 
              00000000 
Command Line: --debug --xref --cpu=Cortex-M3 --apcs=interwork --depend=.\Output
\cstartup.d -o.\Output\cstartup.o -ID:\Keil\ARM\CMSIS\Include -ID:\Keil\ARM\INC
\ST\STM32F2xx --list=.\Listing\cstartup.lst ..\BSP\KeilMDK\cstartup.s



ARM Macro Assembler    Page 1 Alphabetic symbol ordering
Relocatable symbols

STACK 00000000

Symbol: STACK
   Definitions
      At line 50 in file ..\BSP\KeilMDK\cstartup.s
   Uses
      None
Comment: STACK unused
Stack_Mem 00000000

Symbol: Stack_Mem
   Definitions
      At line 51 in file ..\BSP\KeilMDK\cstartup.s
   Uses
      At line 399 in file ..\BSP\KeilMDK\cstartup.s
      At line 401 in file ..\BSP\KeilMDK\cstartup.s

__initial_sp 00001800

Symbol: __initial_sp
   Definitions
      At line 52 in file ..\BSP\KeilMDK\cstartup.s
   Uses
      At line 191 in file ..\BSP\KeilMDK\cstartup.s
Comment: __initial_sp used once
3 symbols



ARM Macro Assembler    Page 1 Alphabetic symbol ordering
Relocatable symbols

HEAP 00000000

Symbol: HEAP
   Definitions
      At line 66 in file ..\BSP\KeilMDK\cstartup.s
   Uses
      None
Comment: HEAP unused
Heap_Mem 00000000

Symbol: Heap_Mem
   Definitions
      At line 68 in file ..\BSP\KeilMDK\cstartup.s
   Uses
      At line 398 in file ..\BSP\KeilMDK\cstartup.s
      At line 400 in file ..\BSP\KeilMDK\cstartup.s

__heap_base 00000000

Symbol: __heap_base
   Definitions
      At line 67 in file ..\BSP\KeilMDK\cstartup.s
   Uses
      None
Comment: __heap_base unused
__heap_limit 00000000

Symbol: __heap_limit
   Definitions
      At line 69 in file ..\BSP\KeilMDK\cstartup.s
   Uses
      None
Comment: __heap_limit unused
4 symbols



ARM Macro Assembler    Page 1 Alphabetic symbol ordering
Relocatable symbols

RESET 00000000

Symbol: RESET
   Definitions
      At line 75 in file ..\BSP\KeilMDK\cstartup.s
   Uses
      None
Comment: RESET unused
__Vectors 00000000

Symbol: __Vectors
   Definitions
      At line 191 in file ..\BSP\KeilMDK\cstartup.s
   Uses
      At line 76 in file ..\BSP\KeilMDK\cstartup.s
      At line 319 in file ..\BSP\KeilMDK\cstartup.s

__Vectors_End 00000184

Symbol: __Vectors_End
   Definitions
      At line 317 in file ..\BSP\KeilMDK\cstartup.s
   Uses
      At line 77 in file ..\BSP\KeilMDK\cstartup.s
      At line 319 in file ..\BSP\KeilMDK\cstartup.s

3 symbols



ARM Macro Assembler    Page 1 Alphabetic symbol ordering
Relocatable symbols

.text 00000000

Symbol: .text
   Definitions
      At line 321 in file ..\BSP\KeilMDK\cstartup.s
   Uses
      None
Comment: .text unused
App_BusFault_ISR 0000000E

Symbol: App_BusFault_ISR
   Definitions
      At line 360 in file ..\BSP\KeilMDK\cstartup.s
   Uses
      At line 196 in file ..\BSP\KeilMDK\cstartup.s
      At line 361 in file ..\BSP\KeilMDK\cstartup.s

App_Fault_ISR 0000000A

Symbol: App_Fault_ISR
   Definitions
      At line 348 in file ..\BSP\KeilMDK\cstartup.s
   Uses
      At line 194 in file ..\BSP\KeilMDK\cstartup.s
      At line 349 in file ..\BSP\KeilMDK\cstartup.s

App_MemFault_ISR 0000000C

Symbol: App_MemFault_ISR
   Definitions
      At line 355 in file ..\BSP\KeilMDK\cstartup.s
   Uses
      At line 195 in file ..\BSP\KeilMDK\cstartup.s
      At line 356 in file ..\BSP\KeilMDK\cstartup.s

App_NMI_ISR 00000008

Symbol: App_NMI_ISR
   Definitions
      At line 343 in file ..\BSP\KeilMDK\cstartup.s
   Uses
      At line 193 in file ..\BSP\KeilMDK\cstartup.s
      At line 344 in file ..\BSP\KeilMDK\cstartup.s

App_Reserved_ISR 00000014

Symbol: App_Reserved_ISR
   Definitions
      At line 375 in file ..\BSP\KeilMDK\cstartup.s
   Uses
      At line 376 in file ..\BSP\KeilMDK\cstartup.s
Comment: App_Reserved_ISR used once
App_Spurious_ISR 00000012

Symbol: App_Spurious_ISR
   Definitions
      At line 370 in file ..\BSP\KeilMDK\cstartup.s
   Uses
      At line 198 in file ..\BSP\KeilMDK\cstartup.s



ARM Macro Assembler    Page 2 Alphabetic symbol ordering
Relocatable symbols

      At line 199 in file ..\BSP\KeilMDK\cstartup.s
      At line 200 in file ..\BSP\KeilMDK\cstartup.s
      At line 201 in file ..\BSP\KeilMDK\cstartup.s
      At line 202 in file ..\BSP\KeilMDK\cstartup.s
      At line 203 in file ..\BSP\KeilMDK\cstartup.s
      At line 204 in file ..\BSP\KeilMDK\cstartup.s
      At line 371 in file ..\BSP\KeilMDK\cstartup.s

App_UsageFault_ISR 00000010

Symbol: App_UsageFault_ISR
   Definitions
      At line 365 in file ..\BSP\KeilMDK\cstartup.s
   Uses
      At line 197 in file ..\BSP\KeilMDK\cstartup.s
      At line 366 in file ..\BSP\KeilMDK\cstartup.s

Reset_Handler 00000000

Symbol: Reset_Handler
   Definitions
      At line 324 in file ..\BSP\KeilMDK\cstartup.s
   Uses
      At line 192 in file ..\BSP\KeilMDK\cstartup.s
      At line 325 in file ..\BSP\KeilMDK\cstartup.s

__user_initial_stackheap 00000018

Symbol: __user_initial_stackheap
   Definitions
      At line 396 in file ..\BSP\KeilMDK\cstartup.s
   Uses
      At line 394 in file ..\BSP\KeilMDK\cstartup.s
Comment: __user_initial_stackheap used once
10 symbols



ARM Macro Assembler    Page 1 Alphabetic symbol ordering
Absolute symbols

Heap_Size 00000000

Symbol: Heap_Size
   Definitions
      At line 64 in file ..\BSP\KeilMDK\cstartup.s
   Uses
      At line 68 in file ..\BSP\KeilMDK\cstartup.s
      At line 400 in file ..\BSP\KeilMDK\cstartup.s

Stack_Size 00001800

Symbol: Stack_Size
   Definitions
      At line 48 in file ..\BSP\KeilMDK\cstartup.s
   Uses
      At line 51 in file ..\BSP\KeilMDK\cstartup.s
      At line 399 in file ..\BSP\KeilMDK\cstartup.s

__Vectors_Size 00000184

Symbol: __Vectors_Size
   Definitions
      At line 319 in file ..\BSP\KeilMDK\cstartup.s
   Uses
      At line 78 in file ..\BSP\KeilMDK\cstartup.s
Comment: __Vectors_Size used once
3 symbols



ARM Macro Assembler    Page 1 Alphabetic symbol ordering
External symbols

BSP_IntHandlerADC1_2 00000000

Symbol: BSP_IntHandlerADC1_2
   Definitions
      At line 108 in file ..\BSP\KeilMDK\cstartup.s
   Uses
      At line 238 in file ..\BSP\KeilMDK\cstartup.s
Comment: BSP_IntHandlerADC1_2 used once
BSP_IntHandlerCAN1_RX0 00000000

Symbol: BSP_IntHandlerCAN1_RX0
   Definitions
      At line 110 in file ..\BSP\KeilMDK\cstartup.s
   Uses
      At line 240 in file ..\BSP\KeilMDK\cstartup.s
Comment: BSP_IntHandlerCAN1_RX0 used once
BSP_IntHandlerCAN1_RX1 00000000

Symbol: BSP_IntHandlerCAN1_RX1
   Definitions
      At line 111 in file ..\BSP\KeilMDK\cstartup.s
   Uses
      At line 241 in file ..\BSP\KeilMDK\cstartup.s
Comment: BSP_IntHandlerCAN1_RX1 used once
BSP_IntHandlerCAN1_SCE 00000000

Symbol: BSP_IntHandlerCAN1_SCE
   Definitions
      At line 112 in file ..\BSP\KeilMDK\cstartup.s
   Uses
      At line 242 in file ..\BSP\KeilMDK\cstartup.s
Comment: BSP_IntHandlerCAN1_SCE used once
BSP_IntHandlerCAN1_TX 00000000

Symbol: BSP_IntHandlerCAN1_TX
   Definitions
      At line 109 in file ..\BSP\KeilMDK\cstartup.s
   Uses
      At line 239 in file ..\BSP\KeilMDK\cstartup.s
Comment: BSP_IntHandlerCAN1_TX used once
BSP_IntHandlerCAN2_RX0 00000000

Symbol: BSP_IntHandlerCAN2_RX0
   Definitions
      At line 163 in file ..\BSP\KeilMDK\cstartup.s
   Uses
      At line 293 in file ..\BSP\KeilMDK\cstartup.s
Comment: BSP_IntHandlerCAN2_RX0 used once
BSP_IntHandlerCAN2_RX1 00000000

Symbol: BSP_IntHandlerCAN2_RX1
   Definitions
      At line 164 in file ..\BSP\KeilMDK\cstartup.s
   Uses
      At line 294 in file ..\BSP\KeilMDK\cstartup.s
Comment: BSP_IntHandlerCAN2_RX1 used once
BSP_IntHandlerCAN2_SCE 00000000

Symbol: BSP_IntHandlerCAN2_SCE



ARM Macro Assembler    Page 2 Alphabetic symbol ordering
External symbols

   Definitions
      At line 165 in file ..\BSP\KeilMDK\cstartup.s
   Uses
      At line 295 in file ..\BSP\KeilMDK\cstartup.s
Comment: BSP_IntHandlerCAN2_SCE used once
BSP_IntHandlerCAN2_TX 00000000

Symbol: BSP_IntHandlerCAN2_TX
   Definitions
      At line 162 in file ..\BSP\KeilMDK\cstartup.s
   Uses
      At line 292 in file ..\BSP\KeilMDK\cstartup.s
Comment: BSP_IntHandlerCAN2_TX used once
BSP_IntHandlerCRYP 00000000

Symbol: BSP_IntHandlerCRYP
   Definitions
      At line 185 in file ..\BSP\KeilMDK\cstartup.s
   Uses
      At line 315 in file ..\BSP\KeilMDK\cstartup.s
Comment: BSP_IntHandlerCRYP used once
BSP_IntHandlerDCMI 00000000

Symbol: BSP_IntHandlerDCMI
   Definitions
      At line 184 in file ..\BSP\KeilMDK\cstartup.s
   Uses
      At line 314 in file ..\BSP\KeilMDK\cstartup.s
Comment: BSP_IntHandlerDCMI used once
BSP_IntHandlerDMA1_STREAM0 00000000

Symbol: BSP_IntHandlerDMA1_STREAM0
   Definitions
      At line 100 in file ..\BSP\KeilMDK\cstartup.s
   Uses
      At line 229 in file ..\BSP\KeilMDK\cstartup.s
Comment: BSP_IntHandlerDMA1_STREAM0 used once
BSP_IntHandlerDMA1_STREAM1 00000000

Symbol: BSP_IntHandlerDMA1_STREAM1
   Definitions
      At line 101 in file ..\BSP\KeilMDK\cstartup.s
   Uses
      At line 230 in file ..\BSP\KeilMDK\cstartup.s
Comment: BSP_IntHandlerDMA1_STREAM1 used once
BSP_IntHandlerDMA1_STREAM2 00000000

Symbol: BSP_IntHandlerDMA1_STREAM2
   Definitions
      At line 102 in file ..\BSP\KeilMDK\cstartup.s
   Uses
      At line 231 in file ..\BSP\KeilMDK\cstartup.s
Comment: BSP_IntHandlerDMA1_STREAM2 used once
BSP_IntHandlerDMA1_STREAM3 00000000

Symbol: BSP_IntHandlerDMA1_STREAM3
   Definitions
      At line 103 in file ..\BSP\KeilMDK\cstartup.s
   Uses



ARM Macro Assembler    Page 3 Alphabetic symbol ordering
External symbols

      At line 232 in file ..\BSP\KeilMDK\cstartup.s
Comment: BSP_IntHandlerDMA1_STREAM3 used once
BSP_IntHandlerDMA1_STREAM4 00000000

Symbol: BSP_IntHandlerDMA1_STREAM4
   Definitions
      At line 104 in file ..\BSP\KeilMDK\cstartup.s
   Uses
      At line 233 in file ..\BSP\KeilMDK\cstartup.s
Comment: BSP_IntHandlerDMA1_STREAM4 used once
BSP_IntHandlerDMA1_STREAM5 00000000

Symbol: BSP_IntHandlerDMA1_STREAM5
   Definitions
      At line 105 in file ..\BSP\KeilMDK\cstartup.s
   Uses
      At line 234 in file ..\BSP\KeilMDK\cstartup.s
Comment: BSP_IntHandlerDMA1_STREAM5 used once
BSP_IntHandlerDMA1_STREAM6 00000000

Symbol: BSP_IntHandlerDMA1_STREAM6
   Definitions
      At line 106 in file ..\BSP\KeilMDK\cstartup.s
   Uses
      At line 235 in file ..\BSP\KeilMDK\cstartup.s
Comment: BSP_IntHandlerDMA1_STREAM6 used once
BSP_IntHandlerDMA1_STREAM7 00000000

Symbol: BSP_IntHandlerDMA1_STREAM7
   Definitions
      At line 137 in file ..\BSP\KeilMDK\cstartup.s
   Uses
      At line 267 in file ..\BSP\KeilMDK\cstartup.s
Comment: BSP_IntHandlerDMA1_STREAM7 used once
BSP_IntHandlerDMA2_STREAM0 00000000

Symbol: BSP_IntHandlerDMA2_STREAM0
   Definitions
      At line 153 in file ..\BSP\KeilMDK\cstartup.s
   Uses
      At line 284 in file ..\BSP\KeilMDK\cstartup.s
Comment: BSP_IntHandlerDMA2_STREAM0 used once
BSP_IntHandlerDMA2_STREAM1 00000000

Symbol: BSP_IntHandlerDMA2_STREAM1
   Definitions
      At line 154 in file ..\BSP\KeilMDK\cstartup.s
   Uses
      At line 285 in file ..\BSP\KeilMDK\cstartup.s
Comment: BSP_IntHandlerDMA2_STREAM1 used once
BSP_IntHandlerDMA2_STREAM2 00000000

Symbol: BSP_IntHandlerDMA2_STREAM2
   Definitions
      At line 155 in file ..\BSP\KeilMDK\cstartup.s
   Uses
      At line 286 in file ..\BSP\KeilMDK\cstartup.s
Comment: BSP_IntHandlerDMA2_STREAM2 used once
BSP_IntHandlerDMA2_STREAM3 00000000



ARM Macro Assembler    Page 4 Alphabetic symbol ordering
External symbols


Symbol: BSP_IntHandlerDMA2_STREAM3
   Definitions
      At line 156 in file ..\BSP\KeilMDK\cstartup.s
   Uses
      At line 287 in file ..\BSP\KeilMDK\cstartup.s
Comment: BSP_IntHandlerDMA2_STREAM3 used once
BSP_IntHandlerDMA2_STREAM4 00000000

Symbol: BSP_IntHandlerDMA2_STREAM4
   Definitions
      At line 157 in file ..\BSP\KeilMDK\cstartup.s
   Uses
      At line 288 in file ..\BSP\KeilMDK\cstartup.s
Comment: BSP_IntHandlerDMA2_STREAM4 used once
BSP_IntHandlerDMA2_STREAM5 00000000

Symbol: BSP_IntHandlerDMA2_STREAM5
   Definitions
      At line 172 in file ..\BSP\KeilMDK\cstartup.s
   Uses
      At line 302 in file ..\BSP\KeilMDK\cstartup.s
Comment: BSP_IntHandlerDMA2_STREAM5 used once
BSP_IntHandlerDMA2_STREAM6 00000000

Symbol: BSP_IntHandlerDMA2_STREAM6
   Definitions
      At line 173 in file ..\BSP\KeilMDK\cstartup.s
   Uses
      At line 303 in file ..\BSP\KeilMDK\cstartup.s
Comment: BSP_IntHandlerDMA2_STREAM6 used once
BSP_IntHandlerDMA2_STREAM7 00000000

Symbol: BSP_IntHandlerDMA2_STREAM7
   Definitions
      At line 174 in file ..\BSP\KeilMDK\cstartup.s
   Uses
      At line 304 in file ..\BSP\KeilMDK\cstartup.s
Comment: BSP_IntHandlerDMA2_STREAM7 used once
BSP_IntHandlerETH 00000000

Symbol: BSP_IntHandlerETH
   Definitions
      At line 160 in file ..\BSP\KeilMDK\cstartup.s
   Uses
      At line 290 in file ..\BSP\KeilMDK\cstartup.s
Comment: BSP_IntHandlerETH used once
BSP_IntHandlerETHWakeup 00000000

Symbol: BSP_IntHandlerETHWakeup
   Definitions
      At line 161 in file ..\BSP\KeilMDK\cstartup.s
   Uses
      At line 291 in file ..\BSP\KeilMDK\cstartup.s
Comment: BSP_IntHandlerETHWakeup used once
BSP_IntHandlerEXTI0 00000000

Symbol: BSP_IntHandlerEXTI0
   Definitions



ARM Macro Assembler    Page 5 Alphabetic symbol ordering
External symbols

      At line 86 in file ..\BSP\KeilMDK\cstartup.s
   Uses
      At line 215 in file ..\BSP\KeilMDK\cstartup.s
Comment: BSP_IntHandlerEXTI0 used once
BSP_IntHandlerEXTI1 00000000

Symbol: BSP_IntHandlerEXTI1
   Definitions
      At line 87 in file ..\BSP\KeilMDK\cstartup.s
   Uses
      At line 216 in file ..\BSP\KeilMDK\cstartup.s
Comment: BSP_IntHandlerEXTI1 used once
BSP_IntHandlerEXTI15_10 00000000

Symbol: BSP_IntHandlerEXTI15_10
   Definitions
      At line 130 in file ..\BSP\KeilMDK\cstartup.s
   Uses
      At line 260 in file ..\BSP\KeilMDK\cstartup.s
Comment: BSP_IntHandlerEXTI15_10 used once
BSP_IntHandlerEXTI2 00000000

Symbol: BSP_IntHandlerEXTI2
   Definitions
      At line 88 in file ..\BSP\KeilMDK\cstartup.s
   Uses
      At line 217 in file ..\BSP\KeilMDK\cstartup.s
Comment: BSP_IntHandlerEXTI2 used once
BSP_IntHandlerEXTI3 00000000

Symbol: BSP_IntHandlerEXTI3
   Definitions
      At line 89 in file ..\BSP\KeilMDK\cstartup.s
   Uses
      At line 218 in file ..\BSP\KeilMDK\cstartup.s
Comment: BSP_IntHandlerEXTI3 used once
BSP_IntHandlerEXTI4 00000000

Symbol: BSP_IntHandlerEXTI4
   Definitions
      At line 90 in file ..\BSP\KeilMDK\cstartup.s
   Uses
      At line 219 in file ..\BSP\KeilMDK\cstartup.s
Comment: BSP_IntHandlerEXTI4 used once
BSP_IntHandlerEXTI9_5 00000000

Symbol: BSP_IntHandlerEXTI9_5
   Definitions
      At line 113 in file ..\BSP\KeilMDK\cstartup.s
   Uses
      At line 243 in file ..\BSP\KeilMDK\cstartup.s
Comment: BSP_IntHandlerEXTI9_5 used once
BSP_IntHandlerFLASH 00000000

Symbol: BSP_IntHandlerFLASH
   Definitions
      At line 84 in file ..\BSP\KeilMDK\cstartup.s
   Uses
      At line 213 in file ..\BSP\KeilMDK\cstartup.s



ARM Macro Assembler    Page 6 Alphabetic symbol ordering
External symbols

Comment: BSP_IntHandlerFLASH used once
BSP_IntHandlerFSMC 00000000

Symbol: BSP_IntHandlerFSMC
   Definitions
      At line 138 in file ..\BSP\KeilMDK\cstartup.s
   Uses
      At line 268 in file ..\BSP\KeilMDK\cstartup.s
Comment: BSP_IntHandlerFSMC used once
BSP_IntHandlerHASH_RNG 00000000

Symbol: BSP_IntHandlerHASH_RNG
   Definitions
      At line 186 in file ..\BSP\KeilMDK\cstartup.s
   Uses
      At line 316 in file ..\BSP\KeilMDK\cstartup.s
Comment: BSP_IntHandlerHASH_RNG used once
BSP_IntHandlerI2C1_ER 00000000

Symbol: BSP_IntHandlerI2C1_ER
   Definitions
      At line 122 in file ..\BSP\KeilMDK\cstartup.s
   Uses
      At line 252 in file ..\BSP\KeilMDK\cstartup.s
Comment: BSP_IntHandlerI2C1_ER used once
BSP_IntHandlerI2C1_EV 00000000

Symbol: BSP_IntHandlerI2C1_EV
   Definitions
      At line 121 in file ..\BSP\KeilMDK\cstartup.s
   Uses
      At line 251 in file ..\BSP\KeilMDK\cstartup.s
Comment: BSP_IntHandlerI2C1_EV used once
BSP_IntHandlerI2C2_ER 00000000

Symbol: BSP_IntHandlerI2C2_ER
   Definitions
      At line 124 in file ..\BSP\KeilMDK\cstartup.s
   Uses
      At line 254 in file ..\BSP\KeilMDK\cstartup.s
Comment: BSP_IntHandlerI2C2_ER used once
BSP_IntHandlerI2C2_EV 00000000

Symbol: BSP_IntHandlerI2C2_EV
   Definitions
      At line 123 in file ..\BSP\KeilMDK\cstartup.s
   Uses
      At line 253 in file ..\BSP\KeilMDK\cstartup.s
Comment: BSP_IntHandlerI2C2_EV used once
BSP_IntHandlerI2C3_ER 00000000

Symbol: BSP_IntHandlerI2C3_ER
   Definitions
      At line 179 in file ..\BSP\KeilMDK\cstartup.s
   Uses
      At line 309 in file ..\BSP\KeilMDK\cstartup.s
Comment: BSP_IntHandlerI2C3_ER used once
BSP_IntHandlerI2C3_EV 00000000




ARM Macro Assembler    Page 7 Alphabetic symbol ordering
External symbols

Symbol: BSP_IntHandlerI2C3_EV
   Definitions
      At line 178 in file ..\BSP\KeilMDK\cstartup.s
   Uses
      At line 308 in file ..\BSP\KeilMDK\cstartup.s
Comment: BSP_IntHandlerI2C3_EV used once
BSP_IntHandlerOTG 00000000

Symbol: BSP_IntHandlerOTG
   Definitions
      At line 166 in file ..\BSP\KeilMDK\cstartup.s
   Uses
      At line 296 in file ..\BSP\KeilMDK\cstartup.s
Comment: BSP_IntHandlerOTG used once
BSP_IntHandlerOTG_HS 00000000

Symbol: BSP_IntHandlerOTG_HS
   Definitions
      At line 183 in file ..\BSP\KeilMDK\cstartup.s
   Uses
      At line 313 in file ..\BSP\KeilMDK\cstartup.s
Comment: BSP_IntHandlerOTG_HS used once
BSP_IntHandlerOTG_HS_EP1_IN 00000000

Symbol: BSP_IntHandlerOTG_HS_EP1_IN
   Definitions
      At line 181 in file ..\BSP\KeilMDK\cstartup.s
   Uses
      At line 311 in file ..\BSP\KeilMDK\cstartup.s
Comment: BSP_IntHandlerOTG_HS_EP1_IN used once
BSP_IntHandlerOTG_HS_EP1_OUT 00000000

Symbol: BSP_IntHandlerOTG_HS_EP1_OUT
   Definitions
      At line 180 in file ..\BSP\KeilMDK\cstartup.s
   Uses
      At line 310 in file ..\BSP\KeilMDK\cstartup.s
Comment: BSP_IntHandlerOTG_HS_EP1_OUT used once
BSP_IntHandlerOTG_HS_WKUP 00000000

Symbol: BSP_IntHandlerOTG_HS_WKUP
   Definitions
      At line 182 in file ..\BSP\KeilMDK\cstartup.s
   Uses
      At line 312 in file ..\BSP\KeilMDK\cstartup.s
Comment: BSP_IntHandlerOTG_HS_WKUP used once
BSP_IntHandlerPVD 00000000

Symbol: BSP_IntHandlerPVD
   Definitions
      At line 81 in file ..\BSP\KeilMDK\cstartup.s
   Uses
      At line 210 in file ..\BSP\KeilMDK\cstartup.s
Comment: BSP_IntHandlerPVD used once
BSP_IntHandlerRCC 00000000

Symbol: BSP_IntHandlerRCC
   Definitions
      At line 85 in file ..\BSP\KeilMDK\cstartup.s



ARM Macro Assembler    Page 8 Alphabetic symbol ordering
External symbols

   Uses
      At line 214 in file ..\BSP\KeilMDK\cstartup.s
Comment: BSP_IntHandlerRCC used once
BSP_IntHandlerRTC 00000000

Symbol: BSP_IntHandlerRTC
   Definitions
      At line 83 in file ..\BSP\KeilMDK\cstartup.s
   Uses
      At line 212 in file ..\BSP\KeilMDK\cstartup.s
Comment: BSP_IntHandlerRTC used once
BSP_IntHandlerRTCAlarm 00000000

Symbol: BSP_IntHandlerRTCAlarm
   Definitions
      At line 131 in file ..\BSP\KeilMDK\cstartup.s
   Uses
      At line 261 in file ..\BSP\KeilMDK\cstartup.s
Comment: BSP_IntHandlerRTCAlarm used once
BSP_IntHandlerSDIO 00000000

Symbol: BSP_IntHandlerSDIO
   Definitions
      At line 139 in file ..\BSP\KeilMDK\cstartup.s
   Uses
      At line 269 in file ..\BSP\KeilMDK\cstartup.s
Comment: BSP_IntHandlerSDIO used once
BSP_IntHandlerSPI1 00000000

Symbol: BSP_IntHandlerSPI1
   Definitions
      At line 125 in file ..\BSP\KeilMDK\cstartup.s
   Uses
      At line 255 in file ..\BSP\KeilMDK\cstartup.s
Comment: BSP_IntHandlerSPI1 used once
BSP_IntHandlerSPI2 00000000

Symbol: BSP_IntHandlerSPI2
   Definitions
      At line 126 in file ..\BSP\KeilMDK\cstartup.s
   Uses
      At line 256 in file ..\BSP\KeilMDK\cstartup.s
Comment: BSP_IntHandlerSPI2 used once
BSP_IntHandlerSPI3 00000000

Symbol: BSP_IntHandlerSPI3
   Definitions
      At line 141 in file ..\BSP\KeilMDK\cstartup.s
   Uses
      At line 271 in file ..\BSP\KeilMDK\cstartup.s
Comment: BSP_IntHandlerSPI3 used once
BSP_IntHandlerTAMPER 00000000

Symbol: BSP_IntHandlerTAMPER
   Definitions
      At line 82 in file ..\BSP\KeilMDK\cstartup.s
   Uses
      At line 211 in file ..\BSP\KeilMDK\cstartup.s
Comment: BSP_IntHandlerTAMPER used once



ARM Macro Assembler    Page 9 Alphabetic symbol ordering
External symbols

BSP_IntHandlerTIM1_BRK 00000000

Symbol: BSP_IntHandlerTIM1_BRK
   Definitions
      At line 114 in file ..\BSP\KeilMDK\cstartup.s
   Uses
      At line 244 in file ..\BSP\KeilMDK\cstartup.s
Comment: BSP_IntHandlerTIM1_BRK used once
BSP_IntHandlerTIM1_CC 00000000

Symbol: BSP_IntHandlerTIM1_CC
   Definitions
      At line 117 in file ..\BSP\KeilMDK\cstartup.s
   Uses
      At line 247 in file ..\BSP\KeilMDK\cstartup.s
Comment: BSP_IntHandlerTIM1_CC used once
BSP_IntHandlerTIM1_TRG_COM 00000000

Symbol: BSP_IntHandlerTIM1_TRG_COM
   Definitions
      At line 116 in file ..\BSP\KeilMDK\cstartup.s
   Uses
      At line 246 in file ..\BSP\KeilMDK\cstartup.s
Comment: BSP_IntHandlerTIM1_TRG_COM used once
BSP_IntHandlerTIM1_UP 00000000

Symbol: BSP_IntHandlerTIM1_UP
   Definitions
      At line 115 in file ..\BSP\KeilMDK\cstartup.s
   Uses
      At line 245 in file ..\BSP\KeilMDK\cstartup.s
Comment: BSP_IntHandlerTIM1_UP used once
BSP_IntHandlerTIM2 00000000

Symbol: BSP_IntHandlerTIM2
   Definitions
      At line 118 in file ..\BSP\KeilMDK\cstartup.s
   Uses
      At line 248 in file ..\BSP\KeilMDK\cstartup.s
Comment: BSP_IntHandlerTIM2 used once
BSP_IntHandlerTIM3 00000000

Symbol: BSP_IntHandlerTIM3
   Definitions
      At line 119 in file ..\BSP\KeilMDK\cstartup.s
   Uses
      At line 249 in file ..\BSP\KeilMDK\cstartup.s
Comment: BSP_IntHandlerTIM3 used once
BSP_IntHandlerTIM4 00000000

Symbol: BSP_IntHandlerTIM4
   Definitions
      At line 120 in file ..\BSP\KeilMDK\cstartup.s
   Uses
      At line 250 in file ..\BSP\KeilMDK\cstartup.s
Comment: BSP_IntHandlerTIM4 used once
BSP_IntHandlerTIM5 00000000

Symbol: BSP_IntHandlerTIM5



ARM Macro Assembler    Page 10 Alphabetic symbol ordering
External symbols

   Definitions
      At line 140 in file ..\BSP\KeilMDK\cstartup.s
   Uses
      At line 270 in file ..\BSP\KeilMDK\cstartup.s
Comment: BSP_IntHandlerTIM5 used once
BSP_IntHandlerTIM6 00000000

Symbol: BSP_IntHandlerTIM6
   Definitions
      At line 144 in file ..\BSP\KeilMDK\cstartup.s
   Uses
      At line 274 in file ..\BSP\KeilMDK\cstartup.s
Comment: BSP_IntHandlerTIM6 used once
BSP_IntHandlerTIM7 00000000

Symbol: BSP_IntHandlerTIM7
   Definitions
      At line 145 in file ..\BSP\KeilMDK\cstartup.s
   Uses
      At line 275 in file ..\BSP\KeilMDK\cstartup.s
Comment: BSP_IntHandlerTIM7 used once
BSP_IntHandlerTIM8_BRK_TIM12 00000000

Symbol: BSP_IntHandlerTIM8_BRK_TIM12
   Definitions
      At line 133 in file ..\BSP\KeilMDK\cstartup.s
   Uses
      At line 263 in file ..\BSP\KeilMDK\cstartup.s
Comment: BSP_IntHandlerTIM8_BRK_TIM12 used once
BSP_IntHandlerTIM8_CC 00000000

Symbol: BSP_IntHandlerTIM8_CC
   Definitions
      At line 136 in file ..\BSP\KeilMDK\cstartup.s
   Uses
      At line 266 in file ..\BSP\KeilMDK\cstartup.s
Comment: BSP_IntHandlerTIM8_CC used once
BSP_IntHandlerTIM8_TRG_COM_TIM14 00000000

Symbol: BSP_IntHandlerTIM8_TRG_COM_TIM14
   Definitions
      At line 135 in file ..\BSP\KeilMDK\cstartup.s
   Uses
      At line 265 in file ..\BSP\KeilMDK\cstartup.s
Comment: BSP_IntHandlerTIM8_TRG_COM_TIM14 used once
BSP_IntHandlerTIM8_UP_TIM13 00000000

Symbol: BSP_IntHandlerTIM8_UP_TIM13
   Definitions
      At line 134 in file ..\BSP\KeilMDK\cstartup.s
   Uses
      At line 264 in file ..\BSP\KeilMDK\cstartup.s
Comment: BSP_IntHandlerTIM8_UP_TIM13 used once
BSP_IntHandlerUSART1 00000000

Symbol: BSP_IntHandlerUSART1
   Definitions
      At line 127 in file ..\BSP\KeilMDK\cstartup.s
   Uses



ARM Macro Assembler    Page 11 Alphabetic symbol ordering
External symbols

      At line 257 in file ..\BSP\KeilMDK\cstartup.s
Comment: BSP_IntHandlerUSART1 used once
BSP_IntHandlerUSART2 00000000

Symbol: BSP_IntHandlerUSART2
   Definitions
      At line 128 in file ..\BSP\KeilMDK\cstartup.s
   Uses
      At line 258 in file ..\BSP\KeilMDK\cstartup.s
Comment: BSP_IntHandlerUSART2 used once
BSP_IntHandlerUSART3 00000000

Symbol: BSP_IntHandlerUSART3
   Definitions
      At line 129 in file ..\BSP\KeilMDK\cstartup.s
   Uses
      At line 259 in file ..\BSP\KeilMDK\cstartup.s
Comment: BSP_IntHandlerUSART3 used once
BSP_IntHandlerUSART4 00000000

Symbol: BSP_IntHandlerUSART4
   Definitions
      At line 142 in file ..\BSP\KeilMDK\cstartup.s
   Uses
      At line 272 in file ..\BSP\KeilMDK\cstartup.s
Comment: BSP_IntHandlerUSART4 used once
BSP_IntHandlerUSART5 00000000

Symbol: BSP_IntHandlerUSART5
   Definitions
      At line 143 in file ..\BSP\KeilMDK\cstartup.s
   Uses
      At line 273 in file ..\BSP\KeilMDK\cstartup.s
Comment: BSP_IntHandlerUSART5 used once
BSP_IntHandlerUSART6 00000000

Symbol: BSP_IntHandlerUSART6
   Definitions
      At line 177 in file ..\BSP\KeilMDK\cstartup.s
   Uses
      At line 307 in file ..\BSP\KeilMDK\cstartup.s
Comment: BSP_IntHandlerUSART6 used once
BSP_IntHandlerUSBWakeUp 00000000

Symbol: BSP_IntHandlerUSBWakeUp
   Definitions
      At line 132 in file ..\BSP\KeilMDK\cstartup.s
   Uses
      At line 262 in file ..\BSP\KeilMDK\cstartup.s
Comment: BSP_IntHandlerUSBWakeUp used once
BSP_IntHandlerWWDG 00000000

Symbol: BSP_IntHandlerWWDG
   Definitions
      At line 80 in file ..\BSP\KeilMDK\cstartup.s
   Uses
      At line 209 in file ..\BSP\KeilMDK\cstartup.s
Comment: BSP_IntHandlerWWDG used once
OS_CPU_PendSVHandler 00000000



ARM Macro Assembler    Page 12 Alphabetic symbol ordering
External symbols


Symbol: OS_CPU_PendSVHandler
   Definitions
      At line 188 in file ..\BSP\KeilMDK\cstartup.s
   Uses
      At line 205 in file ..\BSP\KeilMDK\cstartup.s
Comment: OS_CPU_PendSVHandler used once
OS_CPU_SysTickHandler 00000000

Symbol: OS_CPU_SysTickHandler
   Definitions
      At line 189 in file ..\BSP\KeilMDK\cstartup.s
   Uses
      At line 206 in file ..\BSP\KeilMDK\cstartup.s
Comment: OS_CPU_SysTickHandler used once
SystemInit 00000000

Symbol: SystemInit
   Definitions
      At line 327 in file ..\BSP\KeilMDK\cstartup.s
   Uses
      At line 333 in file ..\BSP\KeilMDK\cstartup.s
Comment: SystemInit used once
__main 00000000

Symbol: __main
   Definitions
      At line 330 in file ..\BSP\KeilMDK\cstartup.s
   Uses
      At line 337 in file ..\BSP\KeilMDK\cstartup.s
Comment: __main used once
__use_two_region_memory 00000000

Symbol: __use_two_region_memory
   Definitions
      At line 393 in file ..\BSP\KeilMDK\cstartup.s
   Uses
      None
Comment: __use_two_region_memory unused
86 symbols
443 symbols in table
