ARM Linker, 4.1 [Build 791] [Standard]

==============================================================================

Section Cross References

    app_hooks.o(.text) refers to app.o(.text) for App_TimeTickFunc
    app.o(.text) refers to os_cpu_a.o(.text) for OS_CPU_SR_Save
    app.o(.text) refers to bsp_i2c.o(.text) for BSP_WriteI2C1
    app.o(.text) refers to miscfnx.o(.text) for Calc_CRCByte
    app.o(.text) refers to app_led.o(.text) for LedHandler
    app.o(.text) refers to app.o(.data) for g_I2C_RdyF
    app.o(.text) refers to app.o(.bss) for LJBPosInfo
    app.o(.text) refers to f205_flash.o(.text) for F205_ReadParams
    app.o(.text) refers to os_task.o(.text) for OSTaskCreateExt
    app.o(.text) refers to fflt_clz.o(x$fpl$fflt) for __aeabi_i2f
    app.o(.text) refers to fdiv.o(x$fpl$fdiv) for __aeabi_fdiv
    app.o(.text) refers to bsp_gpio.o(.text) for BSP_FeedDog
    app.o(.text) refers to bsp_led.o(.text) for BSP_LED_On
    app.o(.text) refers to cpu_core.o(.text) for CPU_Init
    app.o(.text) refers to lib_mem.o(.text) for Mem_Init
    app.o(.text) refers to bsp.o(.text) for BSP_CPU_TickInit
    app.o(.text) refers to os_core.o(.text) for OSStatInit
    app.o(.text) refers to bsp_ser.o(.text) for BSP_Ser_Printf
    app.o(.text) refers to os_time.o(.text) for OSTimeDly
    app.o(.text) refers to app_usart1.o(.text) for AppTaskUsart1
    app.o(.text) refers to app_usart6.o(.text) for AppTaskUsart6
    app.o(.text) refers to app_adc.o(.text) for AppTaskADC
    app.o(.text) refers to app_i2c1.o(.text) for AppTaskI2C1
    app.o(.text) refers to rt_memclr_w.o(.text) for __aeabi_memclr4
    app.o(.text) refers to rt_memclr.o(.text) for __aeabi_memclr
    app.o(.text) refers to bsp_int.o(.text) for BSP_IntDisAll
    app.o(.text) refers to usart_common.o(.text) for Usart_InitInfo
    app.o(.text) refers to os_core.o(.data) for OSCPUUsage
    app.o(.text) refers to app_adc.o(.bss) for AdcBuf
    app.o(.text) refers to bsp.o(.bss) for BSP_Info
    app.o(.text) refers to app_usart1.o(.bss) for Usart1RxBuf
    app.o(.text) refers to app_usart6.o(.bss) for Usart6RxBuf
    miscfnx.o(.text) refers to miscfnx.o(.constdata) for CRCTable
    usart_common.o(.text) refers to miscfnx.o(.text) for Calc_CRCByte
    usart_common.o(.text) refers to usart_common.o(i._SetRxData) for _SetRxData
    usart_common.o(.text) refers to usart_common.o(i._InitRx) for _InitRx
    usart_common.o(.text) refers to os_sem.o(.text) for OSSemPend
    usart_common.o(.text) refers to bsp_gpio.o(.text) for BSP_EnableUsartTx
    usart_common.o(.text) refers to os_time.o(.text) for OSTimeDly
    usart_common.o(.text) refers to bsp_usart.o(.text) for BSP_USART_TxData
    usart_common.o(.text) refers to usart_common.o(.data) for __StartF
    usart_common.o(.text) refers to usart_common.o(.bss) for __RxLen
    usart_common.o(.text) refers to bsp.o(.bss) for BSP_Info
    usart_common.o(.text) refers to app.o(.bss) for AppInfo
    usart_common.o(.text) refers to usart_common.o(.constdata) for _USART_TIME_OUT
    usart_common.o(.text) refers to bsp_usart.o(.bss) for Sem_UsartTxRdy
    usart_common.o(.data) refers to app_usart1.o(.text) for Usart1_RxFrameHandler
    usart_common.o(.data) refers to usart_common.o(.text) for NULL_RxHandler
    usart_common.o(.data) refers to app_usart6.o(.text) for Usart6_RxFrameHandler
    f205_flash.o(.text) refers to stm32f2xx_flash.o(.text) for FLASH_Unlock
    app_led.o(.text) refers to bsp_led.o(.text) for BSP_LED_Off
    app_led.o(.text) refers to app.o(.bss) for AppInfo
    app_adc.o(.text) refers to fflt_clz.o(x$fpl$ffltu) for __aeabi_ui2f
    app_adc.o(.text) refers to fmul.o(x$fpl$fmul) for __aeabi_fmul
    app_adc.o(.text) refers to frleqf.o(x$fpl$frleqf) for __aeabi_cfrcmple
    app_adc.o(.text) refers to fleqf.o(x$fpl$fleqf) for __aeabi_cfcmple
    app_adc.o(.text) refers to fdiv.o(x$fpl$fdiv) for __aeabi_fdiv
    app_adc.o(.text) refers to ffixu.o(x$fpl$ffixu) for __aeabi_f2uiz
    app_adc.o(.text) refers to stm32f2xx_adc.o(.text) for ADC_GetFlagStatus
    app_adc.o(.text) refers to bsp_adc.o(.text) for BSP_ADC_Init
    app_adc.o(.text) refers to os_time.o(.text) for OSTimeDly
    app_adc.o(.text) refers to app_adc.o(.bss) for _ResBuf
    app_adc.o(.text) refers to app.o(.bss) for AppInfo
    app_adc.o(.text) refers to app_adc.o(.data) for _OldDigRes
    app_adc.o(.text) refers to app.o(.data) for g_UsartRWPowOffComplete
    app_adc.o(.text) refers to bsp.o(.bss) for BSP_Info
    app_i2c1.o(.text) refers to os_time.o(.text) for OSTimeDly
    app_i2c1.o(.text) refers to bsp_i2c.o(.text) for BSP_WriteI2C1
    app_usart1.o(.text) refers to usart_common.o(.text) for Usart_RxDataHandler
    app_usart1.o(.text) refers to os_time.o(.text) for OSTimeDly
    app_usart1.o(.text) refers to os_cpu_a.o(.text) for OS_CPU_SR_Save
    app_usart1.o(.text) refers to bsp_i2c.o(.text) for BSP_ReadI2C1
    app_usart1.o(.text) refers to miscfnx.o(.text) for Calc_CRCByte
[...]
    ADC_GetSoftwareStartConvStatus           0x0801ac57   Thumb Code    26  stm32f2xx_adc.o(.text)
    ADC_EOCOnEachRegularChannelCmd           0x0801ac71   Thumb Code    22  stm32f2xx_adc.o(.text)
    ADC_ContinuousModeCmd                    0x0801ac87   Thumb Code    22  stm32f2xx_adc.o(.text)
    ADC_DiscModeChannelCountConfig           0x0801ac9d   Thumb Code    28  stm32f2xx_adc.o(.text)
    ADC_DiscModeCmd                          0x0801acb9   Thumb Code    22  stm32f2xx_adc.o(.text)
    ADC_GetConversionValue                   0x0801accf   Thumb Code     8  stm32f2xx_adc.o(.text)
    ADC_GetMultiModeConversionValue          0x0801acd7   Thumb Code     6  stm32f2xx_adc.o(.text)
    ADC_DMACmd                               0x0801acdd   Thumb Code    22  stm32f2xx_adc.o(.text)
    ADC_DMARequestAfterLastTransferCmd       0x0801acf3   Thumb Code    22  stm32f2xx_adc.o(.text)
    ADC_MultiModeDMARequestAfterLastTransferCmd 0x0801ad09   Thumb Code    34  stm32f2xx_adc.o(.text)
    ADC_InjectedChannelConfig                0x0801ad2b   Thumb Code   154  stm32f2xx_adc.o(.text)
    ADC_InjectedSequencerLengthConfig        0x0801adc5   Thumb Code    28  stm32f2xx_adc.o(.text)
    ADC_SetInjectedOffset                    0x0801ade1   Thumb Code    14  stm32f2xx_adc.o(.text)
    ADC_ExternalTrigInjectedConvConfig       0x0801adef   Thumb Code    20  stm32f2xx_adc.o(.text)
    ADC_ExternalTrigInjectedConvEdgeConfig   0x0801ae03   Thumb Code    20  stm32f2xx_adc.o(.text)
    ADC_SoftwareStartInjectedConv            0x0801ae17   Thumb Code    38  stm32f2xx_adc.o(.text)
    ADC_GetSoftwareStartInjectedConvCmdStatus 0x0801ae3d   Thumb Code    26  stm32f2xx_adc.o(.text)
    ADC_AutoInjectedConvCmd                  0x0801ae57   Thumb Code    22  stm32f2xx_adc.o(.text)
    ADC_InjectedDiscModeCmd                  0x0801ae6d   Thumb Code    22  stm32f2xx_adc.o(.text)
    ADC_GetInjectedConversionValue           0x0801ae83   Thumb Code    20  stm32f2xx_adc.o(.text)
    ADC_ITConfig                             0x0801ae97   Thumb Code    40  stm32f2xx_adc.o(.text)
    ADC_GetFlagStatus                        0x0801aebf   Thumb Code    24  stm32f2xx_adc.o(.text)
    ADC_ClearFlag                            0x0801aed7   Thumb Code     8  stm32f2xx_adc.o(.text)
    ADC_GetITStatus                          0x0801aedf   Thumb Code    50  stm32f2xx_adc.o(.text)
    ADC_ClearITPendingBit                    0x0801af11   Thumb Code    16  stm32f2xx_adc.o(.text)
    DMA_DeInit                               0x0801af21   Thumb Code   300  stm32f2xx_dma.o(.text)
    DMA_Init                                 0x0801b04d   Thumb Code   110  stm32f2xx_dma.o(.text)
    DMA_StructInit                           0x0801b0bb   Thumb Code    36  stm32f2xx_dma.o(.text)
    DMA_Cmd                                  0x0801b0df   Thumb Code    22  stm32f2xx_dma.o(.text)
    DMA_PeriphIncOffsetSizeConfig            0x0801b0f5   Thumb Code    22  stm32f2xx_dma.o(.text)
    DMA_FlowControllerConfig                 0x0801b10b   Thumb Code    22  stm32f2xx_dma.o(.text)
    DMA_SetCurrDataCounter                   0x0801b121   Thumb Code     4  stm32f2xx_dma.o(.text)
    DMA_GetCurrDataCounter                   0x0801b125   Thumb Code     8  stm32f2xx_dma.o(.text)
    DMA_DoubleBufferModeConfig               0x0801b12d   Thumb Code    24  stm32f2xx_dma.o(.text)
    DMA_DoubleBufferModeCmd                  0x0801b145   Thumb Code    22  stm32f2xx_dma.o(.text)
    DMA_MemoryTargetConfig                   0x0801b15b   Thumb Code    10  stm32f2xx_dma.o(.text)
    DMA_GetCurrentMemoryTarget               0x0801b165   Thumb Code    26  stm32f2xx_dma.o(.text)
    DMA_GetCmdStatus                         0x0801b17f   Thumb Code    26  stm32f2xx_dma.o(.text)
    DMA_GetFIFOStatus                        0x0801b199   Thumb Code    14  stm32f2xx_dma.o(.text)
    DMA_GetFlagStatus                        0x0801b1a7   Thumb Code    58  stm32f2xx_dma.o(.text)
    DMA_ClearFlag                            0x0801b1e1   Thumb Code    40  stm32f2xx_dma.o(.text)
    DMA_ITConfig                             0x0801b209   Thumb Code    62  stm32f2xx_dma.o(.text)
    DMA_GetITStatus                          0x0801b247   Thumb Code    88  stm32f2xx_dma.o(.text)
    DMA_ClearITPendingBit                    0x0801b29f   Thumb Code    40  stm32f2xx_dma.o(.text)
    EXTI_DeInit                              0x0801b2f9   Thumb Code    34  stm32f2xx_exti.o(.text)
    EXTI_Init                                0x0801b31b   Thumb Code   158  stm32f2xx_exti.o(.text)
    EXTI_StructInit                          0x0801b3b9   Thumb Code    22  stm32f2xx_exti.o(.text)
    EXTI_GenerateSWInterrupt                 0x0801b3cf   Thumb Code    14  stm32f2xx_exti.o(.text)
    EXTI_GetFlagStatus                       0x0801b3dd   Thumb Code    26  stm32f2xx_exti.o(.text)
    EXTI_ClearFlag                           0x0801b3f7   Thumb Code     6  stm32f2xx_exti.o(.text)
    EXTI_GetITStatus                         0x0801b3fd   Thumb Code    38  stm32f2xx_exti.o(.text)
    EXTI_ClearITPendingBit                   0x0801b423   Thumb Code     6  stm32f2xx_exti.o(.text)
    FLASH_SetLatency                         0x0801b441   Thumb Code     6  stm32f2xx_flash.o(.text)
    FLASH_PrefetchBufferCmd                  0x0801b447   Thumb Code    30  stm32f2xx_flash.o(.text)
    FLASH_InstructionCacheCmd                0x0801b465   Thumb Code    30  stm32f2xx_flash.o(.text)
    FLASH_DataCacheCmd                       0x0801b483   Thumb Code    30  stm32f2xx_flash.o(.text)
    FLASH_InstructionCacheReset              0x0801b4a1   Thumb Code    14  stm32f2xx_flash.o(.text)
    FLASH_DataCacheReset                     0x0801b4af   Thumb Code    14  stm32f2xx_flash.o(.text)
    FLASH_Unlock                             0x0801b4bd   Thumb Code    24  stm32f2xx_flash.o(.text)
    FLASH_Lock                               0x0801b4d5   Thumb Code    14  stm32f2xx_flash.o(.text)
    FLASH_GetStatus                          0x0801b4e3   Thumb Code    78  stm32f2xx_flash.o(.text)
    FLASH_WaitForLastOperation               0x0801b531   Thumb Code    28  stm32f2xx_flash.o(.text)
    FLASH_EraseSector                        0x0801b54d   Thumb Code   142  stm32f2xx_flash.o(.text)
    FLASH_EraseAllSectors                    0x0801b5db   Thumb Code   114  stm32f2xx_flash.o(.text)
    FLASH_ProgramDoubleWord                  0x0801b64d   Thumb Code    80  stm32f2xx_flash.o(.text)
    FLASH_ProgramWord                        0x0801b69d   Thumb Code    76  stm32f2xx_flash.o(.text)
    FLASH_ProgramHalfWord                    0x0801b6e9   Thumb Code    76  stm32f2xx_flash.o(.text)
    FLASH_ProgramByte                        0x0801b735   Thumb Code    72  stm32f2xx_flash.o(.text)
    FLASH_OB_Unlock                          0x0801b77d   Thumb Code    24  stm32f2xx_flash.o(.text)
    FLASH_OB_Lock                            0x0801b795   Thumb Code    14  stm32f2xx_flash.o(.text)
    FLASH_OB_WRPConfig                       0x0801b7a3   Thumb Code    52  stm32f2xx_flash.o(.text)
    FLASH_OB_RDPConfig                       0x0801b7d7   Thumb Code    24  stm32f2xx_flash.o(.text)
    FLASH_OB_UserConfig                      0x0801b7ef   Thumb Code   102  stm32f2xx_flash.o(.text)
    FLASH_OB_BORConfig                       0x0801b855   Thumb Code    24  stm32f2xx_flash.o(.text)
    FLASH_OB_Launch                          0x0801b86d   Thumb Code    28  stm32f2xx_flash.o(.text)
    FLASH_OB_GetUser                         0x0801b889   Thumb Code    10  stm32f2xx_flash.o(.text)
    FLASH_OB_GetWRP                          0x0801b893   Thumb Code     8  stm32f2xx_flash.o(.text)
    FLASH_OB_GetRDP                          0x0801b89b   Thumb Code    24  stm32f2xx_flash.o(.text)
    FLASH_OB_GetBOR                          0x0801b8b3   Thumb Code    10  stm32f2xx_flash.o(.text)
    FLASH_ITConfig                           0x0801b8bd   Thumb Code    30  stm32f2xx_flash.o(.text)
    FLASH_GetFlagStatus                      0x0801b8db   Thumb Code    26  stm32f2xx_flash.o(.text)
    FLASH_ClearFlag                          0x0801b8f5   Thumb Code     6  stm32f2xx_flash.o(.text)
    GPIO_DeInit                              0x0801b90d   Thumb Code   220  stm32f2xx_gpio.o(.text)
    GPIO_Init                                0x0801b9e9   Thumb Code   202  stm32f2xx_gpio.o(.text)
    GPIO_StructInit                          0x0801bab3   Thumb Code    20  stm32f2xx_gpio.o(.text)
    GPIO_PinLockConfig                       0x0801bac7   Thumb Code    20  stm32f2xx_gpio.o(.text)
    GPIO_ReadInputDataBit                    0x0801badb   Thumb Code    24  stm32f2xx_gpio.o(.text)
    GPIO_ReadInputData                       0x0801baf3   Thumb Code     8  stm32f2xx_gpio.o(.text)
    GPIO_ReadOutputDataBit                   0x0801bafb   Thumb Code    24  stm32f2xx_gpio.o(.text)
    GPIO_ReadOutputData                      0x0801bb13   Thumb Code     8  stm32f2xx_gpio.o(.text)
    GPIO_SetBits                             0x0801bb1b   Thumb Code     4  stm32f2xx_gpio.o(.text)
    GPIO_ResetBits                           0x0801bb1f   Thumb Code     4  stm32f2xx_gpio.o(.text)
    GPIO_WriteBit                            0x0801bb23   Thumb Code    10  stm32f2xx_gpio.o(.text)
    GPIO_Write                               0x0801bb2d   Thumb Code     4  stm32f2xx_gpio.o(.text)
    GPIO_ToggleBits                          0x0801bb31   Thumb Code    10  stm32f2xx_gpio.o(.text)
    GPIO_PinAFConfig                         0x0801bb3b   Thumb Code    94  stm32f2xx_gpio.o(.text)
    I2C_DeInit                               0x0801bbbd   Thumb Code    82  stm32f2xx_i2c.o(.text)
    I2C_Init                                 0x0801bc0f   Thumb Code   246  stm32f2xx_i2c.o(.text)
    I2C_StructInit                           0x0801bd05   Thumb Code    34  stm32f2xx_i2c.o(.text)
    I2C_Cmd                                  0x0801bd27   Thumb Code    26  stm32f2xx_i2c.o(.text)
    I2C_GenerateSTART                        0x0801bd41   Thumb Code    26  stm32f2xx_i2c.o(.text)
    I2C_GenerateSTOP                         0x0801bd5b   Thumb Code    26  stm32f2xx_i2c.o(.text)
    I2C_Send7bitAddress                      0x0801bd75   Thumb Code    16  stm32f2xx_i2c.o(.text)
    I2C_AcknowledgeConfig                    0x0801bd85   Thumb Code    26  stm32f2xx_i2c.o(.text)
    I2C_OwnAddress2Config                    0x0801bd9f   Thumb Code    28  stm32f2xx_i2c.o(.text)
    I2C_DualAddressCmd                       0x0801bdbb   Thumb Code    26  stm32f2xx_i2c.o(.text)
    I2C_GeneralCallCmd                       0x0801bdd5   Thumb Code    26  stm32f2xx_i2c.o(.text)
    I2C_SoftwareResetCmd                     0x0801bdef   Thumb Code    22  stm32f2xx_i2c.o(.text)
    I2C_StretchClockCmd                      0x0801be05   Thumb Code    26  stm32f2xx_i2c.o(.text)
    I2C_FastModeDutyCycleConfig              0x0801be1f   Thumb Code    30  stm32f2xx_i2c.o(.text)
    I2C_NACKPositionConfig                   0x0801be3d   Thumb Code    30  stm32f2xx_i2c.o(.text)
    I2C_SMBusAlertConfig                     0x0801be5b   Thumb Code    30  stm32f2xx_i2c.o(.text)
    I2C_ARPCmd                               0x0801be79   Thumb Code    26  stm32f2xx_i2c.o(.text)
    I2C_SendData                             0x0801be93   Thumb Code     4  stm32f2xx_i2c.o(.text)
    I2C_ReceiveData                          0x0801be97   Thumb Code     8  stm32f2xx_i2c.o(.text)
    I2C_TransmitPEC                          0x0801be9f   Thumb Code    26  stm32f2xx_i2c.o(.text)
    I2C_PECPositionConfig                    0x0801beb9   Thumb Code    30  stm32f2xx_i2c.o(.text)
    I2C_CalculatePEC                         0x0801bed7   Thumb Code    26  stm32f2xx_i2c.o(.text)
    I2C_GetPEC                               0x0801bef1   Thumb Code    10  stm32f2xx_i2c.o(.text)
    I2C_DMACmd                               0x0801befb   Thumb Code    26  stm32f2xx_i2c.o(.text)
    I2C_DMALastTransferCmd                   0x0801bf15   Thumb Code    26  stm32f2xx_i2c.o(.text)
    I2C_ReadRegister                         0x0801bf2f   Thumb Code    14  stm32f2xx_i2c.o(.text)
    I2C_ITConfig                             0x0801bf3d   Thumb Code    30  stm32f2xx_i2c.o(.text)
    I2C_CheckEvent                           0x0801bf5b   Thumb Code    50  stm32f2xx_i2c.o(.text)
    I2C_GetLastEvent                         0x0801bf8d   Thumb Code    56  stm32f2xx_i2c.o(.text)
    I2C_GetFlagStatus                        0x0801bfc5   Thumb Code    56  stm32f2xx_i2c.o(.text)
    I2C_ClearFlag                            0x0801bffd   Thumb Code    16  stm32f2xx_i2c.o(.text)
    I2C_GetITStatus                          0x0801c00d   Thumb Code    44  stm32f2xx_i2c.o(.text)
    I2C_ClearITPendingBit                    0x0801c039   Thumb Code    16  stm32f2xx_i2c.o(.text)
    RCC_DeInit                               0x0801c049   Thumb Code    64  stm32f2xx_rcc.o(.text)
    RCC_HSEConfig                            0x0801c089   Thumb Code    14  stm32f2xx_rcc.o(.text)
    RCC_GetFlagStatus                        0x0801c097   Thumb Code    68  stm32f2xx_rcc.o(.text)
    RCC_WaitForHSEStartUp                    0x0801c0db   Thumb Code    56  stm32f2xx_rcc.o(.text)
    RCC_AdjustHSICalibrationValue            0x0801c113   Thumb Code    22  stm32f2xx_rcc.o(.text)
    RCC_HSICmd                               0x0801c129   Thumb Code     6  stm32f2xx_rcc.o(.text)
    RCC_LSEConfig                            0x0801c12f   Thumb Code    46  stm32f2xx_rcc.o(.text)
    RCC_LSICmd                               0x0801c15d   Thumb Code     6  stm32f2xx_rcc.o(.text)
    RCC_PLLConfig                            0x0801c163   Thumb Code    34  stm32f2xx_rcc.o(.text)
    RCC_PLLCmd                               0x0801c185   Thumb Code     6  stm32f2xx_rcc.o(.text)
    RCC_PLLI2SConfig                         0x0801c18b   Thumb Code    14  stm32f2xx_rcc.o(.text)
    RCC_PLLI2SCmd                            0x0801c199   Thumb Code     6  stm32f2xx_rcc.o(.text)
    RCC_ClockSecuritySystemCmd               0x0801c19f   Thumb Code     6  stm32f2xx_rcc.o(.text)
    RCC_MCO1Config                           0x0801c1a5   Thumb Code    28  stm32f2xx_rcc.o(.text)
    RCC_MCO2Config                           0x0801c1c1   Thumb Code    28  stm32f2xx_rcc.o(.text)
    RCC_SYSCLKConfig                         0x0801c1dd   Thumb Code    22  stm32f2xx_rcc.o(.text)
    RCC_GetSYSCLKSource                      0x0801c1f3   Thumb Code    10  stm32f2xx_rcc.o(.text)
    RCC_HCLKConfig                           0x0801c1fd   Thumb Code    22  stm32f2xx_rcc.o(.text)
    RCC_PCLK1Config                          0x0801c213   Thumb Code    22  stm32f2xx_rcc.o(.text)
    RCC_PCLK2Config                          0x0801c229   Thumb Code    22  stm32f2xx_rcc.o(.text)
    RCC_GetClocksFreq                        0x0801c23f   Thumb Code   222  stm32f2xx_rcc.o(.text)
    RCC_RTCCLKConfig                         0x0801c31d   Thumb Code    54  stm32f2xx_rcc.o(.text)
    RCC_RTCCLKCmd                            0x0801c353   Thumb Code     6  stm32f2xx_rcc.o(.text)
    RCC_BackupResetCmd                       0x0801c359   Thumb Code     6  stm32f2xx_rcc.o(.text)
    RCC_I2SCLKConfig                         0x0801c35f   Thumb Code     6  stm32f2xx_rcc.o(.text)
    RCC_AHB1PeriphClockCmd                   0x0801c365   Thumb Code    30  stm32f2xx_rcc.o(.text)
    RCC_AHB2PeriphClockCmd                   0x0801c383   Thumb Code    30  stm32f2xx_rcc.o(.text)
    RCC_AHB3PeriphClockCmd                   0x0801c3a1   Thumb Code    30  stm32f2xx_rcc.o(.text)
    RCC_APB1PeriphClockCmd                   0x0801c3bf   Thumb Code    30  stm32f2xx_rcc.o(.text)
    RCC_APB2PeriphClockCmd                   0x0801c3dd   Thumb Code    30  stm32f2xx_rcc.o(.text)
    RCC_AHB1PeriphResetCmd                   0x0801c3fb   Thumb Code    30  stm32f2xx_rcc.o(.text)
    RCC_AHB2PeriphResetCmd                   0x0801c419   Thumb Code   136  stm32f2xx_rcc.o(.text)
    RCC_AHB3PeriphResetCmd                   0x0801c4a1   Thumb Code    30  stm32f2xx_rcc.o(.text)
    RCC_APB1PeriphResetCmd                   0x0801c4bf   Thumb Code    30  stm32f2xx_rcc.o(.text)
    RCC_APB2PeriphResetCmd                   0x0801c4dd   Thumb Code    30  stm32f2xx_rcc.o(.text)
    RCC_AHB1PeriphClockLPModeCmd             0x0801c4fb   Thumb Code    30  stm32f2xx_rcc.o(.text)
    RCC_AHB2PeriphClockLPModeCmd             0x0801c519   Thumb Code    30  stm32f2xx_rcc.o(.text)
    RCC_AHB3PeriphClockLPModeCmd             0x0801c537   Thumb Code    30  stm32f2xx_rcc.o(.text)
    RCC_APB1PeriphClockLPModeCmd             0x0801c555   Thumb Code    30  stm32f2xx_rcc.o(.text)
    RCC_APB2PeriphClockLPModeCmd             0x0801c573   Thumb Code    30  stm32f2xx_rcc.o(.text)
    RCC_ITConfig                             0x0801c591   Thumb Code    36  stm32f2xx_rcc.o(.text)
    RCC_ClearFlag                            0x0801c5b5   Thumb Code    14  stm32f2xx_rcc.o(.text)
    RCC_GetITStatus                          0x0801c5c3   Thumb Code    26  stm32f2xx_rcc.o(.text)
    RCC_ClearITPendingBit                    0x0801c5dd   Thumb Code     6  stm32f2xx_rcc.o(.text)
    SYSCFG_DeInit                            0x0801c619   Thumb Code    22  stm32f2xx_syscfg.o(.text)
    SYSCFG_MemoryRemapConfig                 0x0801c62f   Thumb Code     6  stm32f2xx_syscfg.o(.text)
    SYSCFG_EXTILineConfig                    0x0801c635   Thumb Code    84  stm32f2xx_syscfg.o(.text)
    SYSCFG_ETH_MediaInterfaceConfig          0x0801c689   Thumb Code     6  stm32f2xx_syscfg.o(.text)
    SYSCFG_CompensationCellCmd               0x0801c68f   Thumb Code     6  stm32f2xx_syscfg.o(.text)
    SYSCFG_GetCompensationCellStatus         0x0801c695   Thumb Code    26  stm32f2xx_syscfg.o(.text)
    TIM_DeInit                               0x0801c6c5   Thumb Code   346  stm32f2xx_tim.o(.text)
    TIM_TimeBaseInit                         0x0801c81f   Thumb Code   116  stm32f2xx_tim.o(.text)
    TIM_TimeBaseStructInit                   0x0801c893   Thumb Code    20  stm32f2xx_tim.o(.text)
    TIM_PrescalerConfig                      0x0801c8a7   Thumb Code     6  stm32f2xx_tim.o(.text)
    TIM_CounterModeConfig                    0x0801c8ad   Thumb Code    24  stm32f2xx_tim.o(.text)
    TIM_SetCounter                           0x0801c8c5   Thumb Code     4  stm32f2xx_tim.o(.text)
    TIM_SetAutoreload                        0x0801c8c9   Thumb Code     4  stm32f2xx_tim.o(.text)
    TIM_GetCounter                           0x0801c8cd   Thumb Code     6  stm32f2xx_tim.o(.text)
    TIM_GetPrescaler                         0x0801c8d3   Thumb Code     6  stm32f2xx_tim.o(.text)
    TIM_UpdateDisableConfig                  0x0801c8d9   Thumb Code    26  stm32f2xx_tim.o(.text)
    TIM_UpdateRequestConfig                  0x0801c8f3   Thumb Code    26  stm32f2xx_tim.o(.text)
    TIM_ARRPreloadConfig                     0x0801c90d   Thumb Code    26  stm32f2xx_tim.o(.text)
    TIM_SelectOnePulseMode                   0x0801c927   Thumb Code    22  stm32f2xx_tim.o(.text)
    TIM_SetClockDivision                     0x0801c93d   Thumb Code    22  stm32f2xx_tim.o(.text)
    TIM_Cmd                                  0x0801c953   Thumb Code    26  stm32f2xx_tim.o(.text)
    TIM_OC1Init                              0x0801c96d   Thumb Code   150  stm32f2xx_tim.o(.text)
    TIM_OC2Init                              0x0801ca03   Thumb Code   230  stm32f2xx_tim.o(.text)
    TIM_OC3Init                              0x0801cae9   Thumb Code   174  stm32f2xx_tim.o(.text)
    TIM_OC4Init                              0x0801cb97   Thumb Code   124  stm32f2xx_tim.o(.text)
    TIM_OCStructInit                         0x0801cc13   Thumb Code    22  stm32f2xx_tim.o(.text)
    TIM_SelectOCxM                           0x0801cc29   Thumb Code   108  stm32f2xx_tim.o(.text)
    TIM_SetCompare1                          0x0801cc95   Thumb Code     4  stm32f2xx_tim.o(.text)
    TIM_SetCompare2                          0x0801cc99   Thumb Code     4  stm32f2xx_tim.o(.text)
    TIM_SetCompare3                          0x0801cc9d   Thumb Code     4  stm32f2xx_tim.o(.text)
    TIM_SetCompare4                          0x0801cca1   Thumb Code     4  stm32f2xx_tim.o(.text)
    TIM_ForcedOC1Config                      0x0801cca5   Thumb Code    24  stm32f2xx_tim.o(.text)
    TIM_ForcedOC2Config                      0x0801ccbd   Thumb Code    28  stm32f2xx_tim.o(.text)
    TIM_ForcedOC3Config                      0x0801ccd9   Thumb Code    24  stm32f2xx_tim.o(.text)
    TIM_ForcedOC4Config                      0x0801ccf1   Thumb Code    28  stm32f2xx_tim.o(.text)
    TIM_OC1PreloadConfig                     0x0801cd0d   Thumb Code    24  stm32f2xx_tim.o(.text)
    TIM_OC2PreloadConfig                     0x0801cd25   Thumb Code    28  stm32f2xx_tim.o(.text)
    TIM_OC3PreloadConfig                     0x0801cd41   Thumb Code    24  stm32f2xx_tim.o(.text)
    TIM_OC4PreloadConfig                     0x0801cd59   Thumb Code    28  stm32f2xx_tim.o(.text)
    TIM_OC1FastConfig                        0x0801cd75   Thumb Code    24  stm32f2xx_tim.o(.text)
    TIM_OC2FastConfig                        0x0801cd8d   Thumb Code    28  stm32f2xx_tim.o(.text)
    TIM_OC3FastConfig                        0x0801cda9   Thumb Code    24  stm32f2xx_tim.o(.text)
    TIM_OC4FastConfig                        0x0801cdc1   Thumb Code    28  stm32f2xx_tim.o(.text)
    TIM_ClearOC1Ref                          0x0801cddd   Thumb Code    24  stm32f2xx_tim.o(.text)
    TIM_ClearOC2Ref                          0x0801cdf5   Thumb Code    24  stm32f2xx_tim.o(.text)
    TIM_ClearOC3Ref                          0x0801ce0d   Thumb Code    24  stm32f2xx_tim.o(.text)
    TIM_ClearOC4Ref                          0x0801ce25   Thumb Code    24  stm32f2xx_tim.o(.text)
    TIM_OC1PolarityConfig                    0x0801ce3d   Thumb Code    24  stm32f2xx_tim.o(.text)
    TIM_OC1NPolarityConfig                   0x0801ce55   Thumb Code    24  stm32f2xx_tim.o(.text)
    TIM_OC2PolarityConfig                    0x0801ce6d   Thumb Code    28  stm32f2xx_tim.o(.text)
    TIM_OC2NPolarityConfig                   0x0801ce89   Thumb Code    28  stm32f2xx_tim.o(.text)
    TIM_OC3PolarityConfig                    0x0801cea5   Thumb Code    28  stm32f2xx_tim.o(.text)
    TIM_OC3NPolarityConfig                   0x0801cec1   Thumb Code    28  stm32f2xx_tim.o(.text)
    TIM_OC4PolarityConfig                    0x0801cedd   Thumb Code    28  stm32f2xx_tim.o(.text)
    TIM_CCxCmd                               0x0801cef9   Thumb Code    56  stm32f2xx_tim.o(.text)
    TIM_CCxNCmd                              0x0801cf31   Thumb Code    46  stm32f2xx_tim.o(.text)
    TIM_SetIC4Prescaler                      0x0801cf5f   Thumb Code    26  stm32f2xx_tim.o(.text)
    TIM_SetIC3Prescaler                      0x0801cfcd   Thumb Code    22  stm32f2xx_tim.o(.text)
    TIM_SetIC2Prescaler                      0x0801d033   Thumb Code    26  stm32f2xx_tim.o(.text)
    TIM_SetIC1Prescaler                      0x0801d0a1   Thumb Code    22  stm32f2xx_tim.o(.text)
    TIM_ICInit                               0x0801d0fd   Thumb Code   110  stm32f2xx_tim.o(.text)
    TIM_ICStructInit                         0x0801d16b   Thumb Code    24  stm32f2xx_tim.o(.text)
    TIM_PWMIConfig                           0x0801d183   Thumb Code   136  stm32f2xx_tim.o(.text)
    TIM_GetCapture1                          0x0801d20b   Thumb Code     6  stm32f2xx_tim.o(.text)
    TIM_GetCapture2                          0x0801d211   Thumb Code     6  stm32f2xx_tim.o(.text)
    TIM_GetCapture3                          0x0801d217   Thumb Code     6  stm32f2xx_tim.o(.text)
    TIM_GetCapture4                          0x0801d21d   Thumb Code     6  stm32f2xx_tim.o(.text)
    TIM_BDTRConfig                           0x0801d223   Thumb Code    44  stm32f2xx_tim.o(.text)
    TIM_BDTRStructInit                       0x0801d24f   Thumb Code    20  stm32f2xx_tim.o(.text)
    TIM_CtrlPWMOutputs                       0x0801d263   Thumb Code    30  stm32f2xx_tim.o(.text)
    TIM_SelectCOM                            0x0801d281   Thumb Code    26  stm32f2xx_tim.o(.text)
    TIM_CCPreloadControl                     0x0801d29b   Thumb Code    26  stm32f2xx_tim.o(.text)
    TIM_ITConfig                             0x0801d2b5   Thumb Code    30  stm32f2xx_tim.o(.text)
    TIM_GenerateEvent                        0x0801d2d3   Thumb Code     4  stm32f2xx_tim.o(.text)
    TIM_GetFlagStatus                        0x0801d2d7   Thumb Code    24  stm32f2xx_tim.o(.text)
    TIM_ClearFlag                            0x0801d2ef   Thumb Code     8  stm32f2xx_tim.o(.text)
    TIM_GetITStatus                          0x0801d2f7   Thumb Code    40  stm32f2xx_tim.o(.text)
    TIM_ClearITPendingBit                    0x0801d31f   Thumb Code     8  stm32f2xx_tim.o(.text)
    TIM_DMAConfig                            0x0801d327   Thumb Code    10  stm32f2xx_tim.o(.text)
    TIM_DMACmd                               0x0801d331   Thumb Code    30  stm32f2xx_tim.o(.text)
    TIM_SelectCCDMA                          0x0801d34f   Thumb Code    26  stm32f2xx_tim.o(.text)
    TIM_InternalClockConfig                  0x0801d369   Thumb Code    14  stm32f2xx_tim.o(.text)
    TIM_SelectInputTrigger                   0x0801d377   Thumb Code    24  stm32f2xx_tim.o(.text)
    TIM_ITRxExternalClockConfig              0x0801d38f   Thumb Code    24  stm32f2xx_tim.o(.text)
    TIM_TIxExternalClockConfig               0x0801d3a7   Thumb Code    62  stm32f2xx_tim.o(.text)
    TIM_ETRConfig                            0x0801d3e5   Thumb Code    32  stm32f2xx_tim.o(.text)
    TIM_ETRClockMode1Config                  0x0801d405   Thumb Code    60  stm32f2xx_tim.o(.text)
    TIM_ETRClockMode2Config                  0x0801d441   Thumb Code    32  stm32f2xx_tim.o(.text)
    TIM_SelectOutputTrigger                  0x0801d461   Thumb Code    22  stm32f2xx_tim.o(.text)
    TIM_SelectSlaveMode                      0x0801d477   Thumb Code    22  stm32f2xx_tim.o(.text)
    TIM_SelectMasterSlaveMode                0x0801d48d   Thumb Code    22  stm32f2xx_tim.o(.text)
    TIM_EncoderInterfaceConfig               0x0801d4a3   Thumb Code    78  stm32f2xx_tim.o(.text)
    TIM_SelectHallSensor                     0x0801d4f1   Thumb Code    26  stm32f2xx_tim.o(.text)
    TIM_RemapConfig                          0x0801d50b   Thumb Code     6  stm32f2xx_tim.o(.text)
    USART_DeInit                             0x0801d511   Thumb Code   156  stm32f2xx_usart.o(.text)
    USART_Init                               0x0801d5ad   Thumb Code   240  stm32f2xx_usart.o(.text)
    USART_StructInit                         0x0801d69d   Thumb Code    30  stm32f2xx_usart.o(.text)
    USART_ClockInit                          0x0801d6bb   Thumb Code    42  stm32f2xx_usart.o(.text)
    USART_ClockStructInit                    0x0801d6e5   Thumb Code    14  stm32f2xx_usart.o(.text)
    USART_Cmd                                0x0801d6f3   Thumb Code    26  stm32f2xx_usart.o(.text)
    USART_SetPrescaler                       0x0801d70d   Thumb Code    18  stm32f2xx_usart.o(.text)
    USART_OverSampling8Cmd                   0x0801d71f   Thumb Code    22  stm32f2xx_usart.o(.text)
    USART_OneBitMethodCmd                    0x0801d735   Thumb Code    26  stm32f2xx_usart.o(.text)
    USART_SendData                           0x0801d74f   Thumb Code     8  stm32f2xx_usart.o(.text)
    USART_ReceiveData                        0x0801d757   Thumb Code    10  stm32f2xx_usart.o(.text)
    USART_SetAddress                         0x0801d761   Thumb Code    22  stm32f2xx_usart.o(.text)
    USART_ReceiverWakeUpCmd                  0x0801d777   Thumb Code    26  stm32f2xx_usart.o(.text)
    USART_WakeUpConfig                       0x0801d791   Thumb Code    22  stm32f2xx_usart.o(.text)
    USART_LINBreakDetectLengthConfig         0x0801d7a7   Thumb Code    22  stm32f2xx_usart.o(.text)
    USART_LINCmd                             0x0801d7bd   Thumb Code    26  stm32f2xx_usart.o(.text)
    USART_SendBreak                          0x0801d7d7   Thumb Code    10  stm32f2xx_usart.o(.text)
    USART_HalfDuplexCmd                      0x0801d7e1   Thumb Code    26  stm32f2xx_usart.o(.text)
    USART_SetGuardTime                       0x0801d7fb   Thumb Code    16  stm32f2xx_usart.o(.text)
    USART_SmartCardCmd                       0x0801d80b   Thumb Code    26  stm32f2xx_usart.o(.text)
    USART_SmartCardNACKCmd                   0x0801d825   Thumb Code    26  stm32f2xx_usart.o(.text)
    USART_IrDAConfig                         0x0801d83f   Thumb Code    22  stm32f2xx_usart.o(.text)
    USART_IrDACmd                            0x0801d855   Thumb Code    26  stm32f2xx_usart.o(.text)
    USART_DMACmd                             0x0801d86f   Thumb Code    30  stm32f2xx_usart.o(.text)
    USART_ITConfig                           0x0801d88d   Thumb Code    88  stm32f2xx_usart.o(.text)
    USART_GetFlagStatus                      0x0801d8e5   Thumb Code    58  stm32f2xx_usart.o(.text)
    USART_ClearFlag                          0x0801d91f   Thumb Code    20  stm32f2xx_usart.o(.text)
    USART_GetITStatus                        0x0801d933   Thumb Code   104  stm32f2xx_usart.o(.text)
    USART_ClearITPendingBit                  0x0801d99b   Thumb Code    40  stm32f2xx_usart.o(.text)
    __aeabi_llsr                             0x0801d9c3   Thumb Code     0  llushr.o(.text)
    _ll_ushift_r                             0x0801d9c3   Thumb Code    38  llushr.o(.text)
    __c89vsnprintf                           0x0801d9e9   Thumb Code    46  c89vsnprintf.o(.text)
    __aeabi_memclr                           0x0801da1d   Thumb Code     0  rt_memclr.o(.text)
    __rt_memclr                              0x0801da1d   Thumb Code    68  rt_memclr.o(.text)
    _memset                                  0x0801da21   Thumb Code     0  rt_memclr.o(.text)
    __aeabi_memclr4                          0x0801da61   Thumb Code     0  rt_memclr_w.o(.text)
    __aeabi_memclr8                          0x0801da61   Thumb Code     0  rt_memclr_w.o(.text)
    __rt_memclr_w                            0x0801da61   Thumb Code    78  rt_memclr_w.o(.text)
    _memset_w                                0x0801da65   Thumb Code     0  rt_memclr_w.o(.text)
    __use_two_region_memory                  0x0801daaf   Thumb Code     2  heapauxi.o(.text)
    __rt_heap_escrow$2region                 0x0801dab1   Thumb Code     2  heapauxi.o(.text)
    __rt_heap_expand$2region                 0x0801dab3   Thumb Code     2  heapauxi.o(.text)
    _printf_pre_padding                      0x0801dab5   Thumb Code    46  _printf_pad.o(.text)
    _printf_post_padding                     0x0801dae3   Thumb Code    36  _printf_pad.o(.text)
    _printf_truncate_signed                  0x0801db07   Thumb Code    18  _printf_truncate.o(.text)
    _printf_truncate_unsigned                0x0801db19   Thumb Code    18  _printf_truncate.o(.text)
    _printf_str                              0x0801db2b   Thumb Code    82  _printf_str.o(.text)
    _printf_int_dec                          0x0801db7d   Thumb Code   102  _printf_dec.o(.text)
    _printf_charcount                        0x0801dbf5   Thumb Code    42  _printf_charcount.o(.text)
    _printf_char_common                      0x0801dc2b   Thumb Code    32  _printf_char_common.o(.text)
    _sputc                                   0x0801dc51   Thumb Code    10  _sputc.o(.text)
    _snputc                                  0x0801dc5b   Thumb Code    16  _snputc.o(.text)
    _printf_wctomb                           0x0801dc6d   Thumb Code   182  _printf_wctomb.o(.text)
    _printf_longlong_dec                     0x0801dd29   Thumb Code   104  _printf_longlong_dec.o(.text)
    _printf_longlong_oct                     0x0801dda1   Thumb Code    76  _printf_oct_int_ll.o(.text)
    _printf_int_oct                          0x0801dded   Thumb Code    24  _printf_oct_int_ll.o(.text)
    _printf_ll_oct                           0x0801de05   Thumb Code    12  _printf_oct_int_ll.o(.text)
    _printf_longlong_hex                     0x0801de19   Thumb Code    92  _printf_hex_int_ll_ptr.o(.text)
    _printf_int_hex                          0x0801de75   Thumb Code    28  _printf_hex_int_ll_ptr.o(.text)
    _printf_ll_hex                           0x0801de91   Thumb Code    12  _printf_hex_int_ll_ptr.o(.text)
    _printf_hex_ptr                          0x0801de9d   Thumb Code    18  _printf_hex_int_ll_ptr.o(.text)
    __printf                                 0x0801deb5   Thumb Code   390  __printf_flags_ss_wp.o(.text)
    _ll_udiv10                               0x0801e041   Thumb Code   138  lludiv10.o(.text)
    _printf_int_common                       0x0801e0cb   Thumb Code   184  _printf_intcommon.o(.text)
    __lib_sel_fp_printf                      0x0801e183   Thumb Code     2  _printf_fp_dec.o(.text)
    _printf_fp_dec_real                      0x0801e32f   Thumb Code   626  _printf_fp_dec.o(.text)
    _printf_cs_common                        0x0801e5a1   Thumb Code    20  _printf_char.o(.text)
    _printf_char                             0x0801e5b5   Thumb Code    16  _printf_char.o(.text)
    _printf_string                           0x0801e5c5   Thumb Code     8  _printf_char.o(.text)
    _printf_lcs_common                       0x0801e5cd   Thumb Code    20  _printf_wchar.o(.text)
    _printf_wchar                            0x0801e5e1   Thumb Code    16  _printf_wchar.o(.text)
    _printf_wstring                          0x0801e5f1   Thumb Code     8  _printf_wchar.o(.text)
    _wcrtomb                                 0x0801e5f9   Thumb Code    64  _wcrtomb.o(.text)
    __user_setup_stackheap                   0x0801e639   Thumb Code    74  sys_stackheap_outer.o(.text)
    __rt_ctype_table                         0x0801e685   Thumb Code    16  rt_ctype_table.o(.text)
    __rt_locale                              0x0801e695   Thumb Code     8  rt_locale_intlibspace.o(.text)
    _printf_fp_infnan                        0x0801e69d   Thumb Code   112  _printf_fp_infnan.o(.text)
    _btod_etento                             0x0801e71d   Thumb Code   222  bigflt0.o(.text)
    exit                                     0x0801e801   Thumb Code    12  exit.o(.text)
    __user_libspace                          0x0801e80d   Thumb Code     8  libspace.o(.text)
    __user_perproc_libspace                  0x0801e80d   Thumb Code     0  libspace.o(.text)
    __user_perthread_libspace                0x0801e80d   Thumb Code     0  libspace.o(.text)
    strcmp                                   0x0801e815   Thumb Code   128  strcmpv7m.o(.text)
    __rt_fp_status_addr                      0x0801e895   Thumb Code     8  rt_fp_status_addr_intlibspace.o(.text)
    _sys_exit                                0x0801e89d   Thumb Code     8  sys_exit.o(.text)
    __I$use$semihosting                      0x0801e8a9   Thumb Code     0  use_no_semi.o(.text)
    __use_no_semihosting_swi                 0x0801e8a9   Thumb Code     2  use_no_semi.o(.text)
    __semihosting_library_function           0x0801e8ab   Thumb Code     0  indicate_semi.o(.text)
    _btod_d2e                                0x0801e8ab   Thumb Code    62  btod.o(CL$$btod_d2e)
    _d2e_denorm_low                          0x0801e8e9   Thumb Code    70  btod.o(CL$$btod_d2e_denorm_low)
    _d2e_norm_op1                            0x0801e92f   Thumb Code    96  btod.o(CL$$btod_d2e_norm_op1)
    __btod_div_common                        0x0801e98f   Thumb Code   696  btod.o(CL$$btod_div_common)
    _e2e                                     0x0801ecc7   Thumb Code   198  btod.o(CL$$btod_e2e)
    _btod_ediv                               0x0801ed8d   Thumb Code    40  btod.o(CL$$btod_ediv)
    _btod_emul                               0x0801edb5   Thumb Code    40  btod.o(CL$$btod_emul)
    __btod_mult_common                       0x0801eddd   Thumb Code   580  btod.o(CL$$btod_mult_common)
    _InitRx                                  0x0801f021   Thumb Code    42  usart_common.o(i._InitRx)
    _SetRxData                               0x0801f059   Thumb Code   262  usart_common.o(i._SetRxData)
    __ARM_fpclassify                         0x0801f16d   Thumb Code    40  fpclassify.o(i.__ARM_fpclassify)
    _is_digit                                0x0801f195   Thumb Code    14  __printf_wp.o(i._is_digit)
    _get_lc_numeric                          0x0801f1a5   Thumb Code    44  lc_numeric_c.o(locale$$code)
    _get_lc_ctype                            0x0801f1d1   Thumb Code    44  lc_ctype_c.o(locale$$code)
    __fpl_fcmp_Inf                           0x0801f1fd   Thumb Code    24  fcmpi.o(x$fpl$fcmpinf)
    __aeabi_fdiv                             0x0801f215   Thumb Code     0  fdiv.o(x$fpl$fdiv)
    _fdiv                                    0x0801f215   Thumb Code   384  fdiv.o(x$fpl$fdiv)
    __aeabi_f2uiz                            0x0801f399   Thumb Code     0  ffixu.o(x$fpl$ffixu)
    _ffixu                                   0x0801f399   Thumb Code    62  ffixu.o(x$fpl$ffixu)
    __aeabi_i2f                              0x0801f3d9   Thumb Code     0  fflt_clz.o(x$fpl$fflt)
    _fflt                                    0x0801f3d9   Thumb Code    48  fflt_clz.o(x$fpl$fflt)
    __aeabi_ui2f                             0x0801f409   Thumb Code     0  fflt_clz.o(x$fpl$ffltu)
    _ffltu                                   0x0801f409   Thumb Code    38  fflt_clz.o(x$fpl$ffltu)
    __aeabi_cfcmple                          0x0801f431   Thumb Code     0  fleqf.o(x$fpl$fleqf)
    _fcmple                                  0x0801f431   Thumb Code   104  fleqf.o(x$fpl$fleqf)
    __fpl_fcmple_InfNaN                      0x0801f483   Thumb Code     0  fleqf.o(x$fpl$fleqf)
    __aeabi_fmul                             0x0801f499   Thumb Code     0  fmul.o(x$fpl$fmul)
    _fmul                                    0x0801f499   Thumb Code   258  fmul.o(x$fpl$fmul)
    __fpl_fnaninf                            0x0801f59b   Thumb Code   140  fnaninf.o(x$fpl$fnaninf)
    _fp_init                                 0x0801f627   Thumb Code    14  fpinit.o(x$fpl$fpinit)
    __fplib_config_pureend_doubles           0x0801f633   Thumb Code     0  fpinit.o(x$fpl$fpinit)
    __fpl_fretinf                            0x0801f635   Thumb Code    10  fretinf.o(x$fpl$fretinf)
    __aeabi_cfrcmple                         0x0801f63f   Thumb Code     0  frleqf.o(x$fpl$frleqf)
    _frcmple                                 0x0801f63f   Thumb Code    98  frleqf.o(x$fpl$frleqf)
    _printf_fp_dec                           0x0801f6a1   Thumb Code     4  printf1.o(x$fpl$printf1)
    CRCTable                                 0x0801f6a4   Data         512  miscfnx.o(.constdata)
    __I$use$fp                               0x0801f6a5   Thumb Code     0  usenofp.o(x$fpl$usenofp)
    Minute_Year                              0x0801f8a4   Data         400  miscfnx.o(.constdata)
    Minute_Month_LeapYear                    0x0801fa34   Data          48  miscfnx.o(.constdata)
    Minute_Month_NormalYear                  0x0801fa64   Data          48  miscfnx.o(.constdata)
    Minute_Date                              0x0801fa94   Data         124  miscfnx.o(.constdata)
    Minute_Hour                              0x0801fb10   Data          96  miscfnx.o(.constdata)
    Seconds_Years_From2000                   0x0801fb70   Data         400  miscfnx.o(.constdata)
    Seconds_Months_FromLeapYear              0x0801fd00   Data          48  miscfnx.o(.constdata)
    Seconds_Months_FromNormalYear            0x0801fd30   Data          48  miscfnx.o(.constdata)
    Seconds_Days_FromThisMonth               0x0801fd60   Data         124  miscfnx.o(.constdata)
    Seconds_Hours_FromThisDay                0x0801fddc   Data          96  miscfnx.o(.constdata)
    _USART_TIME_OUT                          0x0801fe3c   Data          24  usart_common.o(.constdata)
    USART_BaudRate                           0x0801fe54   Data          24  bsp.o(.constdata)
    ADC_GPIO_Pins                            0x0801fe6c   Data           2  bsp_adc.o(.constdata)
    ADC1_Channels                            0x0801fe6e   Data           5  bsp_adc.o(.constdata)
    GPIO_PIN                                 0x0801fe74   Data           6  bsp_led.o(.constdata)
    GPIO_CLK                                 0x0801fe7c   Data          12  bsp_led.o(.constdata)
    COM_USART_CLK                            0x0801fe88   Data          24  bsp_usart.o(.constdata)
    COM_TX_PORT_CLK                          0x0801fea0   Data          24  bsp_usart.o(.constdata)
    COM_RX_PORT_CLK                          0x0801feb8   Data          24  bsp_usart.o(.constdata)
    COM_TX_PIN                               0x0801fed0   Data          12  bsp_usart.o(.constdata)
    COM_RX_PIN                               0x0801fedc   Data          12  bsp_usart.o(.constdata)
    COM_TX_PIN_SOURCE                        0x0801fee8   Data           6  bsp_usart.o(.constdata)
    COM_RX_PIN_SOURCE                        0x0801feee   Data           6  bsp_usart.o(.constdata)
    COM_TX_AF                                0x0801fef4   Data           6  bsp_usart.o(.constdata)
    COM_RX_AF                                0x0801fefa   Data           6  bsp_usart.o(.constdata)
    UsartDmaInfo                             0x0801ff00   Data         192  bsp_usart.o(.constdata)
    UsartIntID                               0x0801ffc0   Data          24  bsp_usart.o(.constdata)
    OSUnMapTbl                               0x0802016c   Data         256  os_core.o(.constdata)
    OSDebugEn                                0x0802026c   Data           2  os_dbg.o(.constdata)
    OSEndiannessTest                         0x08020270   Data           4  os_dbg.o(.constdata)
    OSEventEn                                0x08020274   Data           2  os_dbg.o(.constdata)
    OSEventMax                               0x08020276   Data           2  os_dbg.o(.constdata)
    OSEventNameEn                            0x08020278   Data           2  os_dbg.o(.constdata)
    OSEventSize                              0x0802027a   Data           2  os_dbg.o(.constdata)
    OSEventTblSize                           0x0802027c   Data           2  os_dbg.o(.constdata)
    OSEventMultiEn                           0x0802027e   Data           2  os_dbg.o(.constdata)
    OSFlagEn                                 0x08020280   Data           2  os_dbg.o(.constdata)
    OSFlagGrpSize                            0x08020282   Data           2  os_dbg.o(.constdata)
    OSFlagNodeSize                           0x08020284   Data           2  os_dbg.o(.constdata)
    OSFlagWidth                              0x08020286   Data           2  os_dbg.o(.constdata)
    OSFlagMax                                0x08020288   Data           2  os_dbg.o(.constdata)
    OSFlagNameEn                             0x0802028a   Data           2  os_dbg.o(.constdata)
    OSLowestPrio                             0x0802028c   Data           2  os_dbg.o(.constdata)
    OSMboxEn                                 0x0802028e   Data           2  os_dbg.o(.constdata)
    OSMemEn                                  0x08020290   Data           2  os_dbg.o(.constdata)
    OSMemMax                                 0x08020292   Data           2  os_dbg.o(.constdata)
    OSMemNameEn                              0x08020294   Data           2  os_dbg.o(.constdata)
    OSMemSize                                0x08020296   Data           2  os_dbg.o(.constdata)
    OSMemTblSize                             0x08020298   Data           2  os_dbg.o(.constdata)
    OSMutexEn                                0x0802029a   Data           2  os_dbg.o(.constdata)
    OSPtrSize                                0x0802029c   Data           2  os_dbg.o(.constdata)
    OSQEn                                    0x0802029e   Data           2  os_dbg.o(.constdata)
    OSQMax                                   0x080202a0   Data           2  os_dbg.o(.constdata)
    OSQSize                                  0x080202a2   Data           2  os_dbg.o(.constdata)
    OSRdyTblSize                             0x080202a4   Data           2  os_dbg.o(.constdata)
    OSSemEn                                  0x080202a6   Data           2  os_dbg.o(.constdata)
    OSStkWidth                               0x080202a8   Data           2  os_dbg.o(.constdata)
    OSTaskCreateEn                           0x080202aa   Data           2  os_dbg.o(.constdata)
    OSTaskCreateExtEn                        0x080202ac   Data           2  os_dbg.o(.constdata)
    OSTaskDelEn                              0x080202ae   Data           2  os_dbg.o(.constdata)
    OSTaskIdleStkSize                        0x080202b0   Data           2  os_dbg.o(.constdata)
    OSTaskProfileEn                          0x080202b2   Data           2  os_dbg.o(.constdata)
    OSTaskMax                                0x080202b4   Data           2  os_dbg.o(.constdata)
    OSTaskNameEn                             0x080202b6   Data           2  os_dbg.o(.constdata)
    OSTaskStatEn                             0x080202b8   Data           2  os_dbg.o(.constdata)
    OSTaskStatStkSize                        0x080202ba   Data           2  os_dbg.o(.constdata)
    OSTaskStatStkChkEn                       0x080202bc   Data           2  os_dbg.o(.constdata)
    OSTaskSwHookEn                           0x080202be   Data           2  os_dbg.o(.constdata)
    OSTCBPrioTblMax                          0x080202c0   Data           2  os_dbg.o(.constdata)
    OSTCBSize                                0x080202c2   Data           2  os_dbg.o(.constdata)
    OSTicksPerSec                            0x080202c4   Data           2  os_dbg.o(.constdata)
    OSTimeTickHookEn                         0x080202c6   Data           2  os_dbg.o(.constdata)
    OSVersionNbr                             0x080202c8   Data           2  os_dbg.o(.constdata)
    OSTmrEn                                  0x080202ca   Data           2  os_dbg.o(.constdata)
    OSTmrCfgMax                              0x080202cc   Data           2  os_dbg.o(.constdata)
    OSTmrCfgNameEn                           0x080202ce   Data           2  os_dbg.o(.constdata)
    OSTmrCfgWheelSize                        0x080202d0   Data           2  os_dbg.o(.constdata)
    OSTmrCfgTicksPerSec                      0x080202d2   Data           2  os_dbg.o(.constdata)
    OSTmrSize                                0x080202d4   Data           2  os_dbg.o(.constdata)
    OSTmrTblSize                             0x080202d6   Data           2  os_dbg.o(.constdata)
    OSTmrWheelSize                           0x080202d8   Data           2  os_dbg.o(.constdata)
    OSTmrWheelTblSize                        0x080202da   Data           2  os_dbg.o(.constdata)
    OSDataSize                               0x080202dc   Data           2  os_dbg.o(.constdata)
    Region$$Table$$Base                      0x080203b8   Number         0  anon$$obj.o(Region$$Table)
    Region$$Table$$Limit                     0x080203d8   Number         0  anon$$obj.o(Region$$Table)
    __ctype                                  0x08020401   Data           0  lc_ctype_c.o(locale$$data)
    PosIndex                                 0x20000000   Data           1  app.o(.data)
    Tm10ms                                   0x20000002   Data           2  app.o(.data)
    WkTime                                   0x20000004   Data           2  app.o(.data)
    g_I2C_RdyF                               0x20000006   Data           1  app.o(.data)
    g_UsartRWPowOffComplete                  0x20000007   Data           1  app.o(.data)
    CompexInCnt                              0x20000008   Data           1  app.o(.data)
    PowOffTm                                 0x2000000a   Data           2  app.o(.data)
    CompCnt                                  0x2000000c   Data           1  app.o(.data)
    V110Ready                                0x2000000d   Data           1  app.o(.data)
    TimeUsed                                 0x2000000e   Data           1  app.o(.data)
    PowF                                     0x2000000f   Data           1  app.o(.data)
    g_changed                                0x20000010   Data           1  app.o(.data)
    XferRecIndex                             0x20000011   Data           1  app.o(.data)
    LJBNowTime                               0x20000012   Data           6  app.o(.data)
    Usart_RxFrameHandler                     0x20000018   Data          24  usart_common.o(.data)
    __StartF                                 0x20000030   Data           6  usart_common.o(.data)
    __DLE                                    0x20000036   Data           6  usart_common.o(.data)
    _ResIndex                                0x2000003c   Data           2  app_adc.o(.data)
    _ResHandleIndex                          0x2000003e   Data           2  app_adc.o(.data)
    _TotCnt                                  0x20000040   Data           2  app_adc.o(.data)
    _OldDigRes                               0x20000042   Data           5  app_adc.o(.data)
    _DigRes                                  0x20000047   Data           5  app_adc.o(.data)
    cpu_sr                                   0x2000005c   Data           4  bsp_i2c.o(.data)
    sEEAddress                               0x20000060   Data           2  bsp_i2c.o(.data)
    sEETimeout                               0x20000064   Data           4  bsp_i2c.o(.data)
    sEEDataReadPointer                       0x20000068   Data           4  bsp_i2c.o(.data)
    sEEDataWritePointer                      0x2000006c   Data           4  bsp_i2c.o(.data)
    sEEDataNum                               0x20000070   Data           2  bsp_i2c.o(.data)
    GPIO_PORT                                0x20000074   Data          12  bsp_led.o(.data)
    COM_USART                                0x20000080   Data          24  bsp_usart.o(.data)
    COM_TX_PORT                              0x20000098   Data          24  bsp_usart.o(.data)
    COM_RX_PORT                              0x200000b0   Data          24  bsp_usart.o(.data)
    UsartDmaIsr                              0x200000c8   Data          24  bsp_usart.o(.data)
    UsartIsr                                 0x200000e0   Data          24  bsp_usart.o(.data)
    SystemCoreClock                          0x200000f8   Data           4  system_stm32f2xx.o(.data)
    AHBPrescTable                            0x200000fc   Data          16  system_stm32f2xx.o(.data)
    CPU_TS_TmrFreq_Hz                        0x2000010c   Data           4  cpu_core.o(.data)
    OSCtxSwCtr                               0x20000110   Data           4  os_core.o(.data)
    OSEventFreeList                          0x20000114   Data           4  os_core.o(.data)
    OSFlagFreeList                           0x20000118   Data           4  os_core.o(.data)
    OSCPUUsage                               0x2000011c   Data           1  os_core.o(.data)
    OSIdleCtrMax                             0x20000120   Data           4  os_core.o(.data)
    OSIdleCtrRun                             0x20000124   Data           4  os_core.o(.data)
    OSStatRdy                                0x20000128   Data           1  os_core.o(.data)
    OSIntNesting                             0x20000129   Data           1  os_core.o(.data)
    OSLockNesting                            0x2000012a   Data           1  os_core.o(.data)
    OSPrioCur                                0x2000012b   Data           1  os_core.o(.data)
    OSPrioHighRdy                            0x2000012c   Data           1  os_core.o(.data)
    OSRdyGrp                                 0x2000012d   Data           1  os_core.o(.data)
    OSRdyTbl                                 0x2000012e   Data           8  os_core.o(.data)
    OSRunning                                0x20000136   Data           1  os_core.o(.data)
    OSTaskCtr                                0x20000137   Data           1  os_core.o(.data)
    OSIdleCtr                                0x20000138   Data           4  os_core.o(.data)
    OSTCBCur                                 0x2000013c   Data           4  os_core.o(.data)
    OSTCBFreeList                            0x20000140   Data           4  os_core.o(.data)
    OSTCBHighRdy                             0x20000144   Data           4  os_core.o(.data)
    OSTCBList                                0x20000148   Data           4  os_core.o(.data)
    OSTickStepState                          0x2000014c   Data           1  os_core.o(.data)
    OSMemFreeList                            0x20000150   Data           4  os_core.o(.data)
    OSQFreeList                              0x20000154   Data           4  os_core.o(.data)
    OSTaskRegNextAvailID                     0x20000158   Data           1  os_core.o(.data)
    OSTime                                   0x2000015c   Data           4  os_core.o(.data)
    OSTmrFree                                0x20000160   Data           2  os_core.o(.data)
    OSTmrUsed                                0x20000162   Data           2  os_core.o(.data)
    OSTmrTime                                0x20000164   Data           4  os_core.o(.data)
    OSTmrSem                                 0x20000168   Data           4  os_core.o(.data)
    OSTmrSemSignal                           0x2000016c   Data           4  os_core.o(.data)
    OSTmrFreeList                            0x20000170   Data           4  os_core.o(.data)
    OS_CPU_ExceptStkBase                     0x20000174   Data           4  os_cpu_c.o(.data)
    D110VCnt                                 0x2000018c   Data          10  app.o(.bss)
    AppInfo                                  0x20002d98   Data         300  app.o(.bss)
    LJBPosInfo                               0x20002ec4   Data          32  app.o(.bss)
    RecInfo                                  0x20002ee4   Data          16  app.o(.bss)
    CalibrationInfo                          0x20002ef4   Data          20  app.o(.bss)
    UserInf                                  0x20002f08   Data          13  app.o(.bss)
    ParamBuf                                 0x20002f15   Data         256  app.o(.bss)
    D110VADBuf                               0x20003015   Data          50  app.o(.bss)
    __RxLen                                  0x20003048   Data          12  usart_common.o(.bss)
    _TotBuf                                  0x20003054   Data          20  app_adc.o(.bss)
    AdcBuf                                   0x20003068   Data          10  app_adc.o(.bss)
    _ResBuf                                  0x20003072   Data         160  app_adc.o(.bss)
    Usart1RxBuf                              0x20003114   Data        1024  app_usart1.o(.bss)
    Usart1TxBuf                              0x20003514   Data        1024  app_usart1.o(.bss)
    _tmpRxBuf1                               0x20003914   Data        1024  app_usart1.o(.bss)
    _tmpTxBuf1                               0x20003d14   Data        1024  app_usart1.o(.bss)
    _RxInfo1                                 0x20004114   Data          16  app_usart1.o(.bss)
    _TxInfo1                                 0x20004124   Data          16  app_usart1.o(.bss)
    I2CBuf                                   0x20004134   Data         512  app_usart1.o(.bss)
    Usart6RxBuf                              0x20004334   Data        1024  app_usart6.o(.bss)
    Usart6TxBuf                              0x20004734   Data         256  app_usart6.o(.bss)
    _tmpRxBuf6                               0x20004834   Data        1024  app_usart6.o(.bss)
    _tmpTxBuf6                               0x20004c34   Data         256  app_usart6.o(.bss)
    _RxInfo6                                 0x20004d34   Data          16  app_usart6.o(.bss)
    _TxInfo6                                 0x20004d44   Data          16  app_usart6.o(.bss)
    U6_TxFrmBuf                              0x20004d54   Data         266  app_usart6.o(.bss)
    BSP_Info                                 0x20004e60   Data         308  bsp.o(.bss)
    sEEDMA_InitStructure                     0x200050d8   Data          60  bsp_i2c.o(.bss)
    Sem_UsartTxRdy                           0x20005114   Data          24  bsp_usart.o(.bss)
    CPU_Name                                 0x2000512c   Data          16  cpu_core.o(.bss)
    OSEventTbl                               0x2000513c   Data        1920  os_core.o(.bss)
    OSFlagTbl                                0x200058bc   Data          80  os_core.o(.bss)
    OSTaskStatStk                            0x2000590c   Data         512  os_core.o(.bss)
    OSTaskIdleStk                            0x20005b0c   Data         512  os_core.o(.bss)
    OSTCBPrioTbl                             0x20005d0c   Data         256  os_core.o(.bss)
    OSTCBTbl                                 0x20005e0c   Data        1936  os_core.o(.bss)
    OSMemTbl                                 0x2000659c   Data         120  os_core.o(.bss)
    OSQTbl                                   0x20006614   Data          96  os_core.o(.bss)
    OSTmrTbl                                 0x20006674   Data         640  os_core.o(.bss)
    OSTmrTaskStk                             0x200068f4   Data         512  os_core.o(.bss)
    OSTmrWheelTbl                            0x20006af4   Data          64  os_core.o(.bss)
    OS_CPU_ExceptStk                         0x20006b34   Data         512  os_cpu_c.o(.bss)
    __libspace_start                         0x20006d34   Data          96  libspace.o(.bss)
    __temporary_stack_top$libspace           0x20006d94   Data           0  libspace.o(.bss)



==============================================================================

Memory Map of the image

  Image Entry point : 0x08010185

  Load Region LR_IROM1 (Base: 0x08010000, Size: 0x00010690, Max: 0x00030000, ABSOLUTE, COMPRESSED[0x00010580])

    Execution Region ER_IROM1 (Base: 0x08010000, Size: 0x00010504, Max: 0x00030000, ABSOLUTE)

    Base Addr    Size         Type   Attr      Idx    E Section Name        Object

    0x08010000   0x00000184   Data   RO          535    RESET               cstartup.o
    0x08010184   0x00000008   Code   RO         1790  * !!!main             c_w.l(__main.o)
    0x0801018c   0x00000034   Code   RO         2132    !!!scatter          c_w.l(__scatter.o)
    0x080101c0   0x0000005a   Code   RO         2130    !!dczerorl2         c_w.l(__dczerorl2.o)
    0x0801021a   0x00000002   PAD
    0x0801021c   0x0000001c   Code   RO         2134    !!handler_zi        c_w.l(__scatter_zi.o)
    0x08010238   0x00000000   Code   RO         1896    .ARM.Collect$$_printf_percent$$00000000  c_w.l(_printf_percent.o)
    0x08010238   0x00000006   Code   RO         1885    .ARM.Collect$$_printf_percent$$00000001  c_w.l(_printf_n.o)
    0x0801023e   0x00000006   Code   RO         1887    .ARM.Collect$$_printf_percent$$00000002  c_w.l(_printf_p.o)
    0x08010244   0x00000006   Code   RO         1892    .ARM.Collect$$_printf_percent$$00000003  c_w.l(_printf_f.o)
    0x0801024a   0x00000006   Code   RO         1893    .ARM.Collect$$_printf_percent$$00000004  c_w.l(_printf_e.o)
    0x08010250   0x00000006   Code   RO         1894    .ARM.Collect$$_printf_percent$$00000005  c_w.l(_printf_g.o)
    0x08010256   0x00000006   Code   RO         1895    .ARM.Collect$$_printf_percent$$00000006  c_w.l(_printf_a.o)
    0x0801025c   0x0000000a   Code   RO         1900    .ARM.Collect$$_printf_percent$$00000007  c_w.l(_printf_ll.o)
    0x08010266   0x00000006   Code   RO         1889    .ARM.Collect$$_printf_percent$$00000008  c_w.l(_printf_i.o)
    0x0801026c   0x00000006   Code   RO         1890    .ARM.Collect$$_printf_percent$$00000009  c_w.l(_printf_d.o)
    0x08010272   0x00000006   Code   RO         1891    .ARM.Collect$$_printf_percent$$0000000A  c_w.l(_printf_u.o)
    0x08010278   0x00000006   Code   RO         1888    .ARM.Collect$$_printf_percent$$0000000B  c_w.l(_printf_o.o)
    0x0801027e   0x00000006   Code   RO         1886    .ARM.Collect$$_printf_percent$$0000000C  c_w.l(_printf_x.o)
    0x08010284   0x00000006   Code   RO         1897    .ARM.Collect$$_printf_percent$$0000000D  c_w.l(_printf_lli.o)
    0x0801028a   0x00000006   Code   RO         1898    .ARM.Collect$$_printf_percent$$0000000E  c_w.l(_printf_lld.o)
    0x08010290   0x00000006   Code   RO         1899    .ARM.Collect$$_printf_percent$$0000000F  c_w.l(_printf_llu.o)
    0x08010296   0x00000006   Code   RO         1904    .ARM.Collect$$_printf_percent$$00000010  c_w.l(_printf_llo.o)
    0x0801029c   0x00000006   Code   RO         1905    .ARM.Collect$$_printf_percent$$00000011  c_w.l(_printf_llx.o)
    0x080102a2   0x0000000a   Code   RO         1901    .ARM.Collect$$_printf_percent$$00000012  c_w.l(_printf_l.o)
    0x080102ac   0x00000006   Code   RO         1883    .ARM.Collect$$_printf_percent$$00000013  c_w.l(_printf_c.o)
    0x080102b2   0x00000006   Code   RO         1884    .ARM.Collect$$_printf_percent$$00000014  c_w.l(_printf_s.o)
    0x080102b8   0x00000006   Code   RO         1902    .ARM.Collect$$_printf_percent$$00000015  c_w.l(_printf_lc.o)
    0x080102be   0x00000006   Code   RO         1903    .ARM.Collect$$_printf_percent$$00000016  c_w.l(_printf_ls.o)
    0x080102c4   0x00000004   Code   RO         1942    .ARM.Collect$$_printf_percent$$00000017  c_w.l(_printf_percent_end.o)
    0x080102c8   0x00000006   Code   RO         1991    .ARM.Collect$$libinit$$00000000  c_w.l(libinit.o)
    0x080102ce   0x00000000   Code   RO         2008    .ARM.Collect$$libinit$$00000006  c_w.l(libinit2.o)
    0x080102ce   0x00000000   Code   RO         2010    .ARM.Collect$$libinit$$00000008  c_w.l(libinit2.o)
    0x080102ce   0x00000000   Code   RO         2012    .ARM.Collect$$libinit$$0000000A  c_w.l(libinit2.o)
    0x080102ce   0x00000006   Code   RO         2013    .ARM.Collect$$libinit$$0000000B  c_w.l(libinit2.o)
    0x080102d4   0x00000000   Code   RO         2015    .ARM.Collect$$libinit$$0000000D  c_w.l(libinit2.o)
    0x080102d4   0x0000000c   Code   RO         2016    .ARM.Collect$$libinit$$0000000E  c_w.l(libinit2.o)
    0x080102e0   0x00000000   Code   RO         2017    .ARM.Collect$$libinit$$0000000F  c_w.l(libinit2.o)
    0x080102e0   0x00000000   Code   RO         2019    .ARM.Collect$$libinit$$00000011  c_w.l(libinit2.o)
    0x080102e0   0x0000000a   Code   RO         2020    .ARM.Collect$$libinit$$00000012  c_w.l(libinit2.o)
    0x080102ea   0x00000000   Code   RO         2021    .ARM.Collect$$libinit$$00000013  c_w.l(libinit2.o)
    0x080102ea   0x00000000   Code   RO         2023    .ARM.Collect$$libinit$$00000015  c_w.l(libinit2.o)
    0x080102ea   0x00000000   Code   RO         2025    .ARM.Collect$$libinit$$00000017  c_w.l(libinit2.o)
    0x080102ea   0x00000000   Code   RO         2027    .ARM.Collect$$libinit$$00000019  c_w.l(libinit2.o)
    0x080102ea   0x00000000   Code   RO         2029    .ARM.Collect$$libinit$$0000001B  c_w.l(libinit2.o)
    0x080102ea   0x00000000   Code   RO         2031    .ARM.Collect$$libinit$$0000001D  c_w.l(libinit2.o)
    0x080102ea   0x00000000   Code   RO         2033    .ARM.Collect$$libinit$$0000001F  c_w.l(libinit2.o)
    0x080102ea   0x00000000   Code   RO         2035    .ARM.Collect$$libinit$$00000021  c_w.l(libinit2.o)
    0x080102ea   0x00000000   Code   RO         2039    .ARM.Collect$$libinit$$00000028  c_w.l(libinit2.o)
    0x080102ea   0x00000000   Code   RO         2041    .ARM.Collect$$libinit$$0000002A  c_w.l(libinit2.o)
    0x080102ea   0x00000000   Code   RO         2043    .ARM.Collect$$libinit$$0000002C  c_w.l(libinit2.o)
    0x080102ea   0x00000000   Code   RO         2045    .ARM.Collect$$libinit$$0000002E  c_w.l(libinit2.o)
    0x080102ea   0x00000002   Code   RO         2046    .ARM.Collect$$libinit$$0000002F  c_w.l(libinit2.o)
    0x080102ec   0x00000002   Code   RO         2071    .ARM.Collect$$libshutdown$$00000000  c_w.l(libshutdown.o)
    0x080102ee   0x00000000   Code   RO         2085    .ARM.Collect$$libshutdown$$00000003  c_w.l(libshutdown2.o)
    0x080102ee   0x00000000   Code   RO         2088    .ARM.Collect$$libshutdown$$00000006  c_w.l(libshutdown2.o)
    0x080102ee   0x00000000   Code   RO         2091    .ARM.Collect$$libshutdown$$00000009  c_w.l(libshutdown2.o)
    0x080102ee   0x00000000   Code   RO         2093    .ARM.Collect$$libshutdown$$0000000B  c_w.l(libshutdown2.o)
    0x080102ee   0x00000000   Code   RO         2096    .ARM.Collect$$libshutdown$$0000000E  c_w.l(libshutdown2.o)
    0x080102ee   0x00000002   Code   RO         2097    .ARM.Collect$$libshutdown$$0000000F  c_w.l(libshutdown2.o)
    0x080102f0   0x00000000   Code   RO         1812    .ARM.Collect$$rtentry$$00000000  c_w.l(rtentry.o)
    0x080102f0   0x00000000   Code   RO         1916    .ARM.Collect$$rtentry$$00000002  c_w.l(rtentry2.o)
    0x080102f0   0x00000006   Code   RO         1928    .ARM.Collect$$rtentry$$00000004  c_w.l(rtentry4.o)
    0x080102f6   0x00000000   Code   RO         1918    .ARM.Collect$$rtentry$$00000009  c_w.l(rtentry2.o)
    0x080102f6   0x00000004   Code   RO         1919    .ARM.Collect$$rtentry$$0000000A  c_w.l(rtentry2.o)
    0x080102fa   0x00000000   Code   RO         1921    .ARM.Collect$$rtentry$$0000000C  c_w.l(rtentry2.o)
    0x080102fa   0x00000008   Code   RO         1922    .ARM.Collect$$rtentry$$0000000D  c_w.l(rtentry2.o)
    0x08010302   0x00000002   Code   RO         1999    .ARM.Collect$$rtexit$$00000000  c_w.l(rtexit.o)
    0x08010304   0x00000000   Code   RO         2050    .ARM.Collect$$rtexit$$00000002  c_w.l(rtexit2.o)
    0x08010304   0x00000004   Code   RO         2051    .ARM.Collect$$rtexit$$00000003  c_w.l(rtexit2.o)
    0x08010308   0x00000006   Code   RO         2052    .ARM.Collect$$rtexit$$00000004  c_w.l(rtexit2.o)
    0x0801030e   0x00000016   Code   RO            2    .text               app_hooks.o
    0x08010324   0x00000a28   Code   RO          236    .text               app.o
    0x08010d4c   0x00000208   Code   RO          323    .text               miscfnx.o
    0x08010f54   0x0000036c   Code   RO          343    .text               usart_common.o
    0x080112c0   0x000001f0   Code   RO          399    .text               f205_flash.o
    0x080114b0   0x00000178   Code   RO          415    .text               app_led.o
    0x08011628   0x000003d4   Code   RO          450    .text               app_adc.o
    0x080119fc   0x00000088   Code   RO          473    .text               app_i2c1.o
    0x08011a84   0x00000a24   Code   RO          489    .text               app_usart1.o
    0x080124a8   0x00000cf6   Code   RO          512    .text               app_usart6.o
    0x0801319e   0x00000002   PAD
    0x080131a0   0x00000038   Code   RO          536    .text               cstartup.o
    0x080131d8   0x000001a4   Code   RO          541    .text               bsp.o
    0x0801337c   0x00000428   Code   RO          564    .text               bsp_int.o
    0x080137a4   0x0000009e   Code   RO          582    .text               bsp_os.o
    0x08013842   0x00000002   PAD
    0x08013844   0x0000031c   Code   RO          601    .text               bsp_ser.o
    0x08013b60   0x000001e8   Code   RO          629    .text               bsp_adc.o
    0x08013d48   0x00000958   Code   RO          783    .text               bsp_i2c.o
    0x080146a0   0x00000204   Code   RO          822    .text               bsp_gpio.o
    0x080148a4   0x0000014c   Code   RO          838    .text               bsp_led.o
    0x080149f0   0x000000a4   Code   RO          927    .text               bsp_tm3.o
    0x08014a94   0x0000075c   Code   RO          959    .text               bsp_usart.o
    0x080151f0   0x000001dc   Code   RO          983    .text               system_stm32f2xx.o
    0x080153cc   0x0000032c   Code   RO         1004    .text               cpu_core.o
    0x080156f8   0x000007d0   Code   RO         1024    .text               cpu_c.o
    0x08015ec8   0x00000034   Code   RO         1036    .text               cpu_a.o
    0x08015efc   0x0000028e   Code   RO         1039    .text               lib_ascii.o
    0x0801618a   0x00000244   Code   RO         1072    .text               lib_mem.o
    0x080163ce   0x00000002   PAD
    0x080163d0   0x000009d8   Code   RO         1087    .text               lib_str.o
    0x08016da8   0x00000220   Code   RO         1104    .text               lib_mem_a.o
    0x08016fc8   0x00000e88   Code   RO         1107    .text               os_core.o
    0x08017e50   0x00000938   Code   RO         1131    .text               os_flag.o
    0x08018788   0x00000218   Code   RO         1155    .text               os_mem.o
    0x080189a0   0x0000067c   Code   RO         1179    .text               os_q.o
    0x0801901c   0x000003f8   Code   RO         1191    .text               os_sem.o
    0x08019414   0x00000924   Code   RO         1203    .text               os_task.o
    0x08019d38   0x000001d8   Code   RO         1215    .text               os_time.o
    0x08019f10   0x00000744   Code   RO         1227    .text               os_tmr.o
    0x0801a654   0x0000015c   Code   RO         1239    .text               os_dbg.o
    0x0801a7b0   0x000001bc   Code   RO         1254    .text               os_cpu_c.o
    0x0801a96c   0x000000b0   Code   RO         1277    .text               os_cpu_a.o
    0x0801aa1c   0x00000504   Code   RO         1297    .text               stm32f2xx_adc.o
    0x0801af20   0x000003d8   Code   RO         1457    .text               stm32f2xx_dma.o
    0x0801b2f8   0x00000148   Code   RO         1473    .text               stm32f2xx_exti.o
    0x0801b440   0x000004cc   Code   RO         1489    .text               stm32f2xx_flash.o
    0x0801b90c   0x000002b0   Code   RO         1521    .text               stm32f2xx_gpio.o
    0x0801bbbc   0x0000048c   Code   RO         1585    .text               stm32f2xx_i2c.o
    0x0801c048   0x000005d0   Code   RO         1633    .text               stm32f2xx_rcc.o
    0x0801c618   0x000000ac   Code   RO         1715    .text               stm32f2xx_syscfg.o
    0x0801c6c4   0x00000e4c   Code   RO         1731    .text               stm32f2xx_tim.o
    0x0801d510   0x000004b2   Code   RO         1747    .text               stm32f2xx_usart.o
    0x0801d9c2   0x00000026   Code   RO         1780    .text               c_w.l(llushr.o)
    0x0801d9e8   0x00000034   Code   RO         1782    .text               c_w.l(c89vsnprintf.o)
    0x0801da1c   0x00000044   Code   RO         1784    .text               c_w.l(rt_memclr.o)
    0x0801da60   0x0000004e   Code   RO         1786    .text               c_w.l(rt_memclr_w.o)
    0x0801daae   0x00000006   Code   RO         1788    .text               c_w.l(heapauxi.o)
    0x0801dab4   0x00000052   Code   RO         1815    .text               c_w.l(_printf_pad.o)
    0x0801db06   0x00000024   Code   RO         1817    .text               c_w.l(_printf_truncate.o)
    0x0801db2a   0x00000052   Code   RO         1819    .text               c_w.l(_printf_str.o)
    0x0801db7c   0x00000078   Code   RO         1821    .text               c_w.l(_printf_dec.o)
    0x0801dbf4   0x0000002a   Code   RO         1823    .text               c_w.l(_printf_charcount.o)
    0x0801dc1e   0x00000002   PAD
    0x0801dc20   0x00000030   Code   RO         1825    .text               c_w.l(_printf_char_common.o)
    0x0801dc50   0x0000000a   Code   RO         1827    .text               c_w.l(_sputc.o)
    0x0801dc5a   0x00000010   Code   RO         1829    .text               c_w.l(_snputc.o)
    0x0801dc6a   0x00000002   PAD
    0x0801dc6c   0x000000bc   Code   RO         1831    .text               c_w.l(_printf_wctomb.o)
    0x0801dd28   0x00000078   Code   RO         1834    .text               c_w.l(_printf_longlong_dec.o)
    0x0801dda0   0x00000078   Code   RO         1840    .text               c_w.l(_printf_oct_int_ll.o)
    0x0801de18   0x0000009c   Code   RO         1860    .text               c_w.l(_printf_hex_int_ll_ptr.o)
    0x0801deb4   0x0000018c   Code   RO         1880    .text               c_w.l(__printf_flags_ss_wp.o)
    0x0801e040   0x0000008a   Code   RO         1930    .text               c_w.l(lludiv10.o)
    0x0801e0ca   0x000000b8   Code   RO         1932    .text               c_w.l(_printf_intcommon.o)
    0x0801e182   0x0000041e   Code   RO         1934    .text               c_w.l(_printf_fp_dec.o)
    0x0801e5a0   0x0000002c   Code   RO         1938    .text               c_w.l(_printf_char.o)
    0x0801e5cc   0x0000002c   Code   RO         1940    .text               c_w.l(_printf_wchar.o)
    0x0801e5f8   0x00000040   Code   RO         1943    .text               c_w.l(_wcrtomb.o)
    0x0801e638   0x0000004a   Code   RO         1945    .text               c_w.l(sys_stackheap_outer.o)
    0x0801e682   0x00000002   PAD
    0x0801e684   0x00000010   Code   RO         1947    .text               c_w.l(rt_ctype_table.o)
    0x0801e694   0x00000008   Code   RO         1952    .text               c_w.l(rt_locale_intlibspace.o)
    0x0801e69c   0x00000080   Code   RO         1954    .text               c_w.l(_printf_fp_infnan.o)
    0x0801e71c   0x000000e4   Code   RO         1956    .text               c_w.l(bigflt0.o)
    0x0801e800   0x0000000c   Code   RO         1984    .text               c_w.l(exit.o)
    0x0801e80c   0x00000008   Code   RO         1996    .text               c_w.l(libspace.o)
    0x0801e814   0x00000080   Code   RO         2004    .text               c_w.l(strcmpv7m.o)
    0x0801e894   0x00000008   Code   RO         2059    .text               c_w.l(rt_fp_status_addr_intlibspace.o)
    0x0801e89c   0x0000000c   Code   RO         2063    .text               c_w.l(sys_exit.o)
    0x0801e8a8   0x00000002   Code   RO         2074    .text               c_w.l(use_no_semi.o)
    0x0801e8aa   0x00000000   Code   RO         2076    .text               c_w.l(indicate_semi.o)
    0x0801e8aa   0x0000003e   Code   RO         1959    CL$$btod_d2e        c_w.l(btod.o)
    0x0801e8e8   0x00000046   Code   RO         1961    CL$$btod_d2e_denorm_low  c_w.l(btod.o)
    0x0801e92e   0x00000060   Code   RO         1960    CL$$btod_d2e_norm_op1  c_w.l(btod.o)
    0x0801e98e   0x00000338   Code   RO         1969    CL$$btod_div_common  c_w.l(btod.o)
    0x0801ecc6   0x000000c6   Code   RO         1966    CL$$btod_e2e        c_w.l(btod.o)
    0x0801ed8c   0x00000028   Code   RO         1963    CL$$btod_ediv       c_w.l(btod.o)
    0x0801edb4   0x00000028   Code   RO         1962    CL$$btod_emul       c_w.l(btod.o)
    0x0801eddc   0x00000244   Code   RO         1968    CL$$btod_mult_common  c_w.l(btod.o)
    0x0801f020   0x00000038   Code   RO          360    i._InitRx           usart_common.o
    0x0801f058   0x00000114   Code   RO          366    i._SetRxData        usart_common.o
    0x0801f16c   0x00000028   Code   RO         1994    i.__ARM_fpclassify  m_ws.l(fpclassify.o)
    0x0801f194   0x0000000e   Code   RO         1873    i._is_digit         c_w.l(__printf_wp.o)
    0x0801f1a2   0x00000002   PAD
    0x0801f1a4   0x0000002c   Code   RO         1982    locale$$code        c_w.l(lc_numeric_c.o)
    0x0801f1d0   0x0000002c   Code   RO         2002    locale$$code        c_w.l(lc_ctype_c.o)
    0x0801f1fc   0x00000018   Code   RO         1906    x$fpl$fcmpinf       fz_ws.l(fcmpi.o)
    0x0801f214   0x00000184   Code   RO         1793    x$fpl$fdiv          fz_ws.l(fdiv.o)
    0x0801f398   0x0000003e   Code   RO         1796    x$fpl$ffixu         fz_ws.l(ffixu.o)
    0x0801f3d6   0x00000002   PAD
    0x0801f3d8   0x00000030   Code   RO         1801    x$fpl$fflt          fz_ws.l(fflt_clz.o)
    0x0801f408   0x00000026   Code   RO         1800    x$fpl$ffltu         fz_ws.l(fflt_clz.o)
    0x0801f42e   0x00000002   PAD
    0x0801f430   0x00000068   Code   RO         1806    x$fpl$fleqf         fz_ws.l(fleqf.o)
    0x0801f498   0x00000102   Code   RO         1808    x$fpl$fmul          fz_ws.l(fmul.o)
    0x0801f59a   0x0000008c   Code   RO         1908    x$fpl$fnaninf       fz_ws.l(fnaninf.o)
    0x0801f626   0x0000000e   Code   RO         2047    x$fpl$fpinit        fz_ws.l(fpinit.o)
    0x0801f634   0x0000000a   Code   RO         1910    x$fpl$fretinf       fz_ws.l(fretinf.o)
    0x0801f63e   0x00000062   Code   RO         1810    x$fpl$frleqf        fz_ws.l(frleqf.o)
    0x0801f6a0   0x00000004   Code   RO         1912    x$fpl$printf1       fz_ws.l(printf1.o)
    0x0801f6a4   0x00000000   Code   RO         1914    x$fpl$usenofp       fz_ws.l(usenofp.o)
    0x0801f6a4   0x00000798   Data   RO          324    .constdata          miscfnx.o
    0x0801fe3c   0x00000018   Data   RO          345    .constdata          usart_common.o
    0x0801fe54   0x00000018   Data   RO          543    .constdata          bsp.o
    0x0801fe6c   0x00000007   Data   RO          630    .constdata          bsp_adc.o
    0x0801fe73   0x00000001   PAD
    0x0801fe74   0x00000014   Data   RO          839    .constdata          bsp_led.o
    0x0801fe88   0x00000150   Data   RO          961    .constdata          bsp_usart.o
    0x0801ffd8   0x00000100   Data   RO         1006    .constdata          cpu_core.o
    0x080200d8   0x00000094   Data   RO         1088    .constdata          lib_str.o
    0x0802016c   0x00000100   Data   RO         1109    .constdata          os_core.o
    0x0802026c   0x00000072   Data   RO         1240    .constdata          os_dbg.o
    0x080202de   0x00000002   PAD
    0x080202e0   0x00000008   Data   RO         1832    .constdata          c_w.l(_printf_wctomb.o)
    0x080202e8   0x00000028   Data   RO         1861    .constdata          c_w.l(_printf_hex_int_ll_ptr.o)
    0x08020310   0x00000011   Data   RO         1881    .constdata          c_w.l(__printf_flags_ss_wp.o)
    0x08020321   0x00000003   PAD
    0x08020324   0x00000094   Data   RO         1957    .constdata          c_w.l(bigflt0.o)
    0x080203b8   0x00000020   Data   RO         2128    Region$$Table       anon$$obj.o
    0x080203d8   0x0000001c   Data   RO         1981    locale$$data        c_w.l(lc_numeric_c.o)
    0x080203f4   0x00000110   Data   RO         2001    locale$$data        c_w.l(lc_ctype_c.o)


    Execution Region RW_IRAM1 (Base: 0x20000000, Size: 0x00008598, Max: 0x00018000, ABSOLUTE, COMPRESSED[0x0000007c])

    Base Addr    Size         Type   Attr      Idx    E Section Name        Object

    0x20000000   0x00000018   Data   RW          238    .data               app.o
    0x20000018   0x00000024   Data   RW          346    .data               usart_common.o
    0x2000003c   0x00000010   Data   RW          452    .data               app_adc.o
    0x2000004c   0x0000000d   Data   RW          602    .data               bsp_ser.o
    0x20000059   0x00000003   PAD
    0x2000005c   0x00000016   Data   RW          785    .data               bsp_i2c.o
    0x20000072   0x00000002   PAD
    0x20000074   0x0000000c   Data   RW          840    .data               bsp_led.o
    0x20000080   0x00000078   Data   RW          962    .data               bsp_usart.o
    0x200000f8   0x00000014   Data   RW          984    .data               system_stm32f2xx.o
    0x2000010c   0x00000004   Data   RW         1007    .data               cpu_core.o
    0x20000110   0x00000064   Data   RW         1110    .data               os_core.o
    0x20000174   0x00000006   Data   RW         1256    .data               os_cpu_c.o
    0x2000017a   0x00000010   Data   RW         1634    .data               stm32f2xx_rcc.o
    0x2000018a   0x00000002   PAD
    0x2000018c   0x00002ebb   Zero   RW          237    .bss                app.o
    0x20003047   0x00000001   PAD
    0x20003048   0x0000000c   Zero   RW          344    .bss                usart_common.o
    0x20003054   0x000000be   Zero   RW          451    .bss                app_adc.o
    0x20003112   0x00000002   PAD
    0x20003114   0x00001220   Zero   RW          490    .bss                app_usart1.o
    0x20004334   0x00000b2a   Zero   RW          513    .bss                app_usart6.o
    0x20004e5e   0x00000002   PAD
    0x20004e60   0x00000134   Zero   RW          542    .bss                bsp.o
    0x20004f94   0x00000144   Zero   RW          565    .bss                bsp_int.o
    0x200050d8   0x0000003c   Zero   RW          784    .bss                bsp_i2c.o
    0x20005114   0x00000018   Zero   RW          960    .bss                bsp_usart.o
    0x2000512c   0x00000010   Zero   RW         1005    .bss                cpu_core.o
    0x2000513c   0x000019f8   Zero   RW         1108    .bss                os_core.o
    0x20006b34   0x00000200   Zero   RW         1255    .bss                os_cpu_c.o
    0x20006d34   0x00000060   Zero   RW         1997    .bss                c_w.l(libspace.o)
    0x20006d94   0x00000004   PAD
    0x20006d98   0x00000000   Zero   RW          534    HEAP                cstartup.o
    0x20006d98   0x00001800   Zero   RW          533    STACK               cstartup.o


==============================================================================

Image component sizes


      Code (inc. data)   RO Data    RW Data    ZI Data      Debug   Object Name

      2600        276          0         24      11963      23324   app.o
       980         90          0         16        190       3571   app_adc.o
        22          0          0          0          0     332606   app_hooks.o
       136          0          0          0          0        788   app_i2c1.o
       376          4          0          0          0        577   app_led.o
      2596        112          0          0       4640       4135   app_usart1.o
      3318        120          0          0       2858       7106   app_usart6.o
       420         34         24          0        308       7188   bsp.o
       488         48          7          0          0     245010   bsp_adc.o
       516         28          0          0          0       1712   bsp_gpio.o
      2392        126          0         22         60       6002   bsp_i2c.o
      1064         10          0          0        324      13622   bsp_int.o
       332         14         20         12          0       1887   bsp_led.o
       158          0          0          0          0       2202   bsp_os.o
       796         74          0         13          0       3580   bsp_ser.o
       164         16          0          0          0        671   bsp_tm3.o
      1884        116        336        120         24      11275   bsp_usart.o
        52          0          0          0          0        288   cpu_a.o
      2000        112          0          0          0       3485   cpu_c.o
       812         14        256          4         16       6620   cpu_core.o
        56         24        388          0       6144        648   cstartup.o
       496          0          0          0          0       2852   f205_flash.o
       654          0          0          0          0       3848   lib_ascii.o
       580          0          0          0          0       3540   lib_mem.o
       544          0          0          0          0        436   lib_mem_a.o
      2520          6        148          0          0      13826   lib_str.o
       520         44       1944          0          0       3266   miscfnx.o
      3720        306        256        100       6648      19240   os_core.o
       176         36          0          0          0        340   os_cpu_a.o
       444         30          0          6        512      12391   os_cpu_c.o
       348        230        114          0          0       3389   os_dbg.o
      2360         40          0          0          0       7196   os_flag.o
       536         16          0          0          0       3308   os_mem.o
      1660         36          0          0          0       5821   os_q.o
      1016         20          0          0          0       4086   os_sem.o
      2340         86          0          0          0       8292   os_task.o
       472         28          0          0          0       1850   os_time.o
      1860        134          0          0          0       5769   os_tmr.o
      1284         28          0          0          0      10502   stm32f2xx_adc.o
       984         50          0          0          0       6293   stm32f2xx_dma.o
       328         24          0          0          0       2219   stm32f2xx_exti.o
      1228         68          0          0          0       6881   stm32f2xx_flash.o
       688         36          0          0          0       3917   stm32f2xx_gpio.o
      1164         26          0          0          0       8075   stm32f2xx_i2c.o
      1488        158          0         16          0      10943   stm32f2xx_rcc.o
       172         22          0          0          0       1499   stm32f2xx_syscfg.o
      3660         62          0          0          0      23032   stm32f2xx_tim.o
      1202         26          0          0          0       7688   stm32f2xx_usart.o
       476         58          0         20          0       1787   system_stm32f2xx.o
      1208         68         24         36         12       7506   usart_common.o

    ----------------------------------------------------------------------
     55296       2856       3552        396      33704     866089   Object Totals
         0          0         32          0          0          0   (incl. Generated)
         6          0          3          7          5          0   (incl. Padding)

    ----------------------------------------------------------------------

      Code (inc. data)   RO Data    RW Data    ZI Data      Debug   Library Member Name

        90          0          0          0          0          0   __dczerorl2.o
         8          0          0          0          0         68   __main.o
       396          6         17          0          0         92   __printf_flags_ss_wp.o
        14          0          0          0          0         68   __printf_wp.o
        52          8          0          0          0          0   __scatter.o
        28          0          0          0          0          0   __scatter_zi.o
         6          0          0          0          0          0   _printf_a.o
         6          0          0          0          0          0   _printf_c.o
        44          0          0          0          0        108   _printf_char.o
        48          6          0          0          0         96   _printf_char_common.o
        42          0          0          0          0         68   _printf_charcount.o
         6          0          0          0          0          0   _printf_d.o
       120         18          0          0          0         92   _printf_dec.o
         6          0          0          0          0          0   _printf_e.o
         6          0          0          0          0          0   _printf_f.o
      1054          0          0          0          0        216   _printf_fp_dec.o
       128         16          0          0          0         84   _printf_fp_infnan.o
         6          0          0          0          0          0   _printf_g.o
       156          6         40          0          0        160   _printf_hex_int_ll_ptr.o
         6          0          0          0          0          0   _printf_i.o
       184          0          0          0          0         88   _printf_intcommon.o
        10          0          0          0          0          0   _printf_l.o
         6          0          0          0          0          0   _printf_lc.o
        10          0          0          0          0          0   _printf_ll.o
         6          0          0          0          0          0   _printf_lld.o
         6          0          0          0          0          0   _printf_lli.o
         6          0          0          0          0          0   _printf_llo.o
         6          0          0          0          0          0   _printf_llu.o
         6          0          0          0          0          0   _printf_llx.o
       120         16          0          0          0         92   _printf_longlong_dec.o
         6          0          0          0          0          0   _printf_ls.o
         6          0          0          0          0          0   _printf_n.o
         6          0          0          0          0          0   _printf_o.o
       120          8          0          0          0        124   _printf_oct_int_ll.o
         6          0          0          0          0          0   _printf_p.o
        82          0          0          0          0        108   _printf_pad.o
         0          0          0          0          0          0   _printf_percent.o
         4          0          0          0          0          0   _printf_percent_end.o
         6          0          0          0          0          0   _printf_s.o
        82          0          0          0          0         80   _printf_str.o
        36          0          0          0          0         84   _printf_truncate.o
         6          0          0          0          0          0   _printf_u.o
        44          0          0          0          0        108   _printf_wchar.o
       188          6          8          0          0         92   _printf_wctomb.o
         6          0          0          0          0          0   _printf_x.o
        16          0          0          0          0         68   _snputc.o
        10          0          0          0          0         68   _sputc.o
        64          0          0          0          0         92   _wcrtomb.o
       228          6        148          0          0         96   bigflt0.o
      1910        128          0          0          0        672   btod.o
        52          6          0          0          0         80   c89vsnprintf.o
        12          0          0          0          0         72   exit.o
         6          0          0          0          0        152   heapauxi.o
         0          0          0          0          0          0   indicate_semi.o
        44         10        272          0          0         76   lc_ctype_c.o
        44         10         28          0          0         76   lc_numeric_c.o
         6          0          0          0          0          0   libinit.o
        30          0          0          0          0          0   libinit2.o
         2          0          0          0          0          0   libshutdown.o
         2          0          0          0          0          0   libshutdown2.o
         8          4          0          0         96         68   libspace.o
       138          0          0          0          0         80   lludiv10.o
        38          0          0          0          0         68   llushr.o
        16          4          0          0          0         76   rt_ctype_table.o
         8          4          0          0          0         68   rt_fp_status_addr_intlibspace.o
         8          4          0          0          0         68   rt_locale_intlibspace.o
        68          0          0          0          0         68   rt_memclr.o
        78          0          0          0          0         80   rt_memclr_w.o
         0          0          0          0          0          0   rtentry.o
        12          0          0          0          0          0   rtentry2.o
         6          0          0          0          0          0   rtentry4.o
         2          0          0          0          0          0   rtexit.o
        10          0          0          0          0          0   rtexit2.o
       128          0          0          0          0         68   strcmpv7m.o
        12          4          0          0          0         68   sys_exit.o
        74          0          0          0          0         80   sys_stackheap_outer.o
         2          0          0          0          0         68   use_no_semi.o
        24          0          0          0          0         68   fcmpi.o
       388         76          0          0          0         96   fdiv.o
        62          4          0          0          0         84   ffixu.o
        86          0          0          0          0        136   fflt_clz.o
       104          4          0          0          0         84   fleqf.o
       258          4          0          0          0         84   fmul.o
       140          4          0          0          0         84   fnaninf.o
        14          0          0          0          0         76   fpinit.o
        10          0          0          0          0         68   fretinf.o
        98          0          0          0          0         68   frleqf.o
         4          0          0          0          0         68   printf1.o
         0          0          0          0          0          0   usenofp.o
        40          0          0          0          0         68   fpclassify.o

    ----------------------------------------------------------------------
      7456        362        516          0        100       5124   Library Totals
        14          0          3          0          4          0   (incl. Padding)

    ----------------------------------------------------------------------

      Code (inc. data)   RO Data    RW Data    ZI Data      Debug   Library Name

      6214        270        513          0         96       4140   c_w.l
      1188         92          0          0          0        916   fz_ws.l
        40          0          0          0          0         68   m_ws.l

    ----------------------------------------------------------------------
      7456        362        516          0        100       5124   Library Totals

    ----------------------------------------------------------------------

==============================================================================


      Code (inc. data)   RO Data    RW Data    ZI Data      Debug   

     62752       3218       4068        396      33804     863569   Grand Totals
     62752       3218       4068        124      33804     863569   ELF Image Totals (compressed)
     62752       3218       4068        124          0          0   ROM Totals

==============================================================================

    Total RO  Size (Code + RO Data)                66820 (  65.25kB)
    Total RW  Size (RW Data + ZI Data)             34200 (  33.40kB)
    Total ROM Size (Code + RO Data + RW Data)      66944 (  65.38kB)

==============================================================================

