<html>
<body>
<pre>
<h1>µVision Build Log</h1>
<h2>Project:</h2>
D:\Keil\myProjects\LjbAppNewest\LJB_APP\EvalBoards\Prj\LJB_205RC.uvproj
Project File Date:  04/30/2014

<h2>Output:</h2>
Build target 'STM32F205RC'
creating preprocessor file for app.c...
compiling app.c...
creating preprocessor file for Usart_Common.c...
compiling Usart_Common.c...
creating preprocessor file for app_led.c...
compiling app_led.c...
creating preprocessor file for app_HPI.c...
compiling app_HPI.c...
creating preprocessor file for app_adc.c...
compiling app_adc.c...
creating preprocessor file for app_i2c1.c...
compiling app_i2c1.c...
creating preprocessor file for app_usart1.c...
compiling app_usart1.c...
creating preprocessor file for app_usart6.c...
compiling app_usart6.c...
linking...
Program Size: Code=62544 RO-data=4068 RW-data=396 ZI-data=33804  
FromELF: creating hex file...
".\Output\LYF1305LJA_A.axf" - 0 Error(s), 0 Warning(s).
Build target 'STM32F205RC'
linking...
Program Size: Code=62544 RO-data=4068 RW-data=396 ZI-data=33804  
FromELF: creating hex file...
".\Output\LYF1305LJA_A.axf" - 0 Error(s), 0 Warning(s).
Build target 'STM32F205RC'
creating preprocessor file for app_adc.c...
compiling app_adc.c...
linking...
Program Size: Code=62512 RO-data=4068 RW-data=396 ZI-data=33804  
FromELF: creating hex file...
".\Output\LYF1305LJA_A.axf" - 0 Error(s), 0 Warning(s).
