<html>
<body>
<pre>
<h1>µVision Build Log</h1>
<h2>Project:</h2>
D:\Keil\myProjects\I2C\USART6\bios\V10\Project\prj\LJB_Bios.uvproj
Project File Date:  02/19/2014

<h2>Output:</h2>
Build target 'BIOS'
creating preprocessor file for stm32f2xx_it.c...
compiling stm32f2xx_it.c...
creating preprocessor file for main.c...
compiling main.c...
creating preprocessor file for HexFile.c...
compiling HexFile.c...
creating preprocessor file for F205_Flash.c...
compiling F205_Flash.c...
creating preprocessor file for F205_Gpio.c...
compiling F205_Gpio.c...
creating preprocessor file for F205_Led.c...
compiling F205_Led.c...
creating preprocessor file for F205_systick.c...
compiling F205_systick.c...
creating preprocessor file for F205_usart.c...
compiling F205_usart.c...
creating preprocessor file for stm322xg_eval.c...
compiling stm322xg_eval.c...
linking...
Program Size: Code=12858 RO-data=1058 RW-data=164 ZI-data=70444  
FromELF: creating hex file...
"..\output\LJB_biosV10.axf" - 0 Error(s), 0 Warning(s).
Build target 'BIOS'
linking...
Program Size: Code=12858 RO-data=1058 RW-data=164 ZI-data=70444  
FromELF: creating hex file...
"..\output\LYF1305LJA_B.axf" - 0 Error(s), 0 Warning(s).
