ARM Linker, 4.1 [Build 791] [Professional]

==============================================================================

Section Cross References

    system_stm32f2xx.o(.text) refers to system_stm32f2xx.o(.data) for SystemCoreClock
    stm32f2xx_it.o(.text) refers to f205_systick.o(.text) for F205_SysTickFunc
    stm32f2xx_it.o(.text) refers to stm32f2xx_usart.o(.text) for USART_ClearITPendingBit
    stm32f2xx_it.o(.text) refers to f205_gpio.o(.text) for F205_DisableUsartTx
    stm32f2xx_it.o(.text) refers to stm32f2xx_dma.o(.text) for DMA_ClearITPendingBit
    stm32f2xx_it.o(.text) refers to f205_usart.o(.bss) for USART_tmpRxBuf
    stm32f2xx_it.o(.text) refers to stm32f2xx_it.o(.data) for USART_RxIndex
    stm32f2xx_it.o(.text) refers to main.o(.bss) for MyInfo
    main.o(.text) refers to f205_flash.o(.text) for F205_ReadParams
    main.o(.text) refers to f205_usart.o(.text) for Calc_CRCByte
    main.o(.text) refers to rt_memclr_w.o(.text) for __aeabi_memclr4
    main.o(.text) refers to f205_systick.o(.text) for F205_ConfigSysTick
    main.o(.text) refers to stm32f2xx_flash.o(.text) for FLASH_Lock
    main.o(.text) refers to f205_gpio.o(.text) for F205_InitGpio
    main.o(.text) refers to f205_led.o(.text) for F205_InitLED
    main.o(.text) refers to stm322xg_eval.o(.text) for STM_EVAL_LEDInit
    main.o(.text) refers to core_cm3.o(.emb_text) for __set_MSP
    main.o(.text) refers to main.o(.bss) for ParamBuf
    main.o(.text) refers to main.o(.data) for JumpAddress
    f205_flash.o(.text) refers to stm32f2xx_flash.o(.text) for FLASH_Unlock
    f205_gpio.o(.text) refers to stm32f2xx_rcc.o(.text) for RCC_AHB1PeriphClockCmd
    f205_gpio.o(.text) refers to stm32f2xx_gpio.o(.text) for GPIO_Init
    f205_gpio.o(.text) refers to f205_gpio.o(.data) for GPIO_InitStructure
    f205_gpio.o(.text) refers to main.o(.bss) for MyInfo
    f205_led.o(.text) refers to stm322xg_eval.o(.text) for STM_EVAL_LEDInit
    f205_led.o(.text) refers to main.o(.bss) for MyInfo
    f205_led.o(.text) refers to f205_led.o(.data) for RxLedTm
    f205_systick.o(.text) refers to f205_led.o(.text) for F205_BiosLed
    f205_systick.o(.text) refers to f205_gpio.o(.text) for F205_FeedDog
    f205_systick.o(.text) refers to system_stm32f2xx.o(.data) for SystemCoreClock
    f205_systick.o(.text) refers to main.o(.bss) for MyInfo
    f205_usart.o(.text) refers to rt_memclr.o(.text) for __aeabi_memclr
    f205_usart.o(.text) refers to stm322xg_eval.o(.text) for STM_EVAL_COMInit
    f205_usart.o(.text) refers to f205_gpio.o(.text) for F205_EnableUsartTx
    f205_usart.o(.text) refers to stm32f2xx_dma.o(.text) for DMA_SetCurrDataCounter
    f205_usart.o(.text) refers to f205_flash.o(.text) for F205_WriteProtection
    f205_usart.o(.text) refers to hexfile.o(.text) for InitHexVar
    f205_usart.o(.text) refers to f205_usart.o(.constdata) for CRCTable
    f205_usart.o(.text) refers to f205_usart.o(.bss) for _Info
    f205_usart.o(.text) refers to f205_usart.o(.data) for USART_BufStruct
    f205_usart.o(.text) refers to main.o(.bss) for MyInfo
    f205_usart.o(.text) refers to stm32f2xx_flash.o(.text) for FLASH_Lock
    f205_usart.o(.text) refers to f205_usart.o(i._SetRxData) for _SetRxData
    f205_usart.o(.text) refers to f205_usart.o(i._InitRx) for _InitRx
    f205_usart.o(.text) refers to stm32f2xx_it.o(.data) for USART_RxIndex
    stm32f2xx_gpio.o(.text) refers to stm32f2xx_rcc.o(.text) for RCC_AHB1PeriphResetCmd
    stm32f2xx_pwr.o(.text) refers to stm32f2xx_rcc.o(.text) for RCC_APB1PeriphResetCmd
    stm32f2xx_rcc.o(.text) refers to stm32f2xx_rcc.o(.data) for APBAHBPrescTable
    stm32f2xx_usart.o(.text) refers to stm32f2xx_rcc.o(.text) for RCC_APB2PeriphResetCmd
    stm32f2xx_syscfg.o(.text) refers to stm32f2xx_rcc.o(.text) for RCC_APB2PeriphResetCmd
    startup_stm32f2xx.o(STACK) refers (Special) to heapauxi.o(.text) for __use_two_region_memory
    startup_stm32f2xx.o(HEAP) refers (Special) to heapauxi.o(.text) for __use_two_region_memory
    startup_stm32f2xx.o(RESET) refers (Special) to heapauxi.o(.text) for __use_two_region_memory
    startup_stm32f2xx.o(RESET) refers to startup_stm32f2xx.o(STACK) for __initial_sp
    startup_stm32f2xx.o(RESET) refers to startup_stm32f2xx.o(.text) for Reset_Handler
    startup_stm32f2xx.o(RESET) refers to stm32f2xx_it.o(.text) for NMI_Handler
    startup_stm32f2xx.o(.text) refers (Special) to heapauxi.o(.text) for __use_two_region_memory
    startup_stm32f2xx.o(.text) refers to system_stm32f2xx.o(.text) for SystemInit
    startup_stm32f2xx.o(.text) refers to __main.o(!!!main) for __main
    startup_stm32f2xx.o(.text) refers to startup_stm32f2xx.o(HEAP) for Heap_Mem
    startup_stm32f2xx.o(.text) refers to startup_stm32f2xx.o(STACK) for Stack_Mem
    stm322xg_eval.o(.text) refers to stm32f2xx_rcc.o(.text) for RCC_AHB1PeriphClockCmd
    stm322xg_eval.o(.text) refers to stm32f2xx_gpio.o(.text) for GPIO_Init
    stm322xg_eval.o(.text) refers to stm32f2xx_dma.o(.text) for DMA_DeInit
    stm322xg_eval.o(.text) refers to stm32f2xx_usart.o(.text) for USART_DMACmd
    stm322xg_eval.o(.text) refers to misc.o(.text) for NVIC_PriorityGroupConfig
    stm322xg_eval.o(.text) refers to stm322xg_eval.o(.constdata) for GPIO_CLK
    stm322xg_eval.o(.text) refers to stm322xg_eval.o(.data) for GPIO_PORT
    rt_memclr.o(.text) refers to rt_memclr_w.o(.text) for _memset_w
    __main.o(!!!main) refers to rtentry.o(.ARM.Collect$$rtentry$$00000000) for __rt_entry
    rtentry.o(.ARM.Collect$$rtentry$$00000000) refers (Special) to rtentry2.o(.ARM.Collect$$rtentry$$0000000A) for __rt_entry_li
    rtentry.o(.ARM.Collect$$rtentry$$00000000) refers (Special) to rtentry2.o(.ARM.Collect$$rtentry$$0000000D) for __rt_entry_main
    rtentry.o(.ARM.Collect$$rtentry$$00000000) refers (Special) to rtentry2.o(.ARM.Collect$$rtentry$$0000000C) for __rt_entry_postli_1
    rtentry.o(.ARM.Collect$$rtentry$$00000000) refers (Special) to rtentry2.o(.ARM.Collect$$rtentry$$00000009) for __rt_entry_postsh_1
    rtentry.o(.ARM.Collect$$rtentry$$00000000) refers (Special) to rtentry2.o(.ARM.Collect$$rtentry$$00000002) for __rt_entry_presh_1
    rtentry.o(.ARM.Collect$$rtentry$$00000000) refers (Special) to rtentry4.o(.ARM.Collect$$rtentry$$00000004) for __rt_entry_sh
    rtentry2.o(.ARM.Collect$$rtentry$$00000008) refers to boardinit2.o(.text) for _platform_post_stackheap_init
    rtentry2.o(.ARM.Collect$$rtentry$$0000000A) refers to libinit.o(.ARM.Collect$$libinit$$00000000) for __rt_lib_init
    rtentry2.o(.ARM.Collect$$rtentry$$0000000B) refers to boardinit3.o(.text) for _platform_post_lib_init
    rtentry2.o(.ARM.Collect$$rtentry$$0000000D) refers to main.o(.text) for main
    rtentry2.o(.ARM.Collect$$rtentry$$0000000D) refers to exit.o(.text) for exit
    rtentry2.o(.ARM.exidx) refers to rtentry2.o(.ARM.Collect$$rtentry$$00000001) for .ARM.Collect$$rtentry$$00000001
    rtentry2.o(.ARM.exidx) refers to rtentry2.o(.ARM.Collect$$rtentry$$00000008) for .ARM.Collect$$rtentry$$00000008
    rtentry2.o(.ARM.exidx) refers to rtentry2.o(.ARM.Collect$$rtentry$$0000000A) for .ARM.Collect$$rtentry$$0000000A
    rtentry2.o(.ARM.exidx) refers to rtentry2.o(.ARM.Collect$$rtentry$$0000000B) for .ARM.Collect$$rtentry$$0000000B
    rtentry2.o(.ARM.exidx) refers to rtentry2.o(.ARM.Collect$$rtentry$$0000000D) for .ARM.Collect$$rtentry$$0000000D
    rtentry4.o(.ARM.Collect$$rtentry$$00000004) refers to sys_stackheap_outer.o(.text) for __user_setup_stackheap
    rtentry4.o(.ARM.exidx) refers to rtentry4.o(.ARM.Collect$$rtentry$$00000004) for .ARM.Collect$$rtentry$$00000004
    sys_stackheap_outer.o(.text) refers to libspace.o(.text) for __user_perproc_libspace
    sys_stackheap_outer.o(.text) refers to startup_stm32f2xx.o(.text) for __user_initial_stackheap
    exit.o(.text) refers to rtexit.o(.ARM.Collect$$rtexit$$00000000) for __rt_exit
    libinit.o(.ARM.Collect$$libinit$$00000000) refers (Special) to libinit2.o(.ARM.Collect$$libinit$$0000002A) for __rt_lib_init_alloca_1
    libinit.o(.ARM.Collect$$libinit$$00000000) refers (Special) to libinit2.o(.ARM.Collect$$libinit$$00000028) for __rt_lib_init_argv_1
    libinit.o(.ARM.Collect$$libinit$$00000000) refers (Special) to libinit2.o(.ARM.Collect$$libinit$$00000017) for __rt_lib_init_atexit_1
    libinit.o(.ARM.Collect$$libinit$$00000000) refers (Special) to libinit2.o(.ARM.Collect$$libinit$$0000001D) for __rt_lib_init_clock_1
    libinit.o(.ARM.Collect$$libinit$$00000000) refers (Special) to libinit2.o(.ARM.Collect$$libinit$$0000002E) for __rt_lib_init_cpp_1
    libinit.o(.ARM.Collect$$libinit$$00000000) refers (Special) to libinit2.o(.ARM.Collect$$libinit$$0000002C) for __rt_lib_init_exceptions_1
    libinit.o(.ARM.Collect$$libinit$$00000000) refers (Special) to libinit2.o(.ARM.Collect$$libinit$$0000001B) for __rt_lib_init_fp_trap_1
    libinit.o(.ARM.Collect$$libinit$$00000000) refers (Special) to libinit2.o(.ARM.Collect$$libinit$$0000001F) for __rt_lib_init_getenv_1
    libinit.o(.ARM.Collect$$libinit$$00000000) refers (Special) to libinit2.o(.ARM.Collect$$libinit$$00000006) for __rt_lib_init_heap_1
    libinit.o(.ARM.Collect$$libinit$$00000000) refers (Special) to libinit2.o(.ARM.Collect$$libinit$$0000000D) for __rt_lib_init_lc_collate_1
    libinit.o(.ARM.Collect$$libinit$$00000000) refers (Special) to libinit2.o(.ARM.Collect$$libinit$$0000000F) for __rt_lib_init_lc_ctype_1
    libinit.o(.ARM.Collect$$libinit$$00000000) refers (Special) to libinit2.o(.ARM.Collect$$libinit$$00000011) for __rt_lib_init_lc_monetary_1
    libinit.o(.ARM.Collect$$libinit$$00000000) refers (Special) to libinit2.o(.ARM.Collect$$libinit$$00000013) for __rt_lib_init_lc_numeric_1
    libinit.o(.ARM.Collect$$libinit$$00000000) refers (Special) to libinit2.o(.ARM.Collect$$libinit$$00000015) for __rt_lib_init_lc_time_1
    libinit.o(.ARM.Collect$$libinit$$00000000) refers (Special) to libinit2.o(.ARM.Collect$$libinit$$0000000A) for __rt_lib_init_rand_1
    libinit.o(.ARM.Collect$$libinit$$00000000) refers (Special) to libinit2.o(.ARM.Collect$$libinit$$0000002F) for __rt_lib_init_return
    libinit.o(.ARM.Collect$$libinit$$00000000) refers (Special) to libinit2.o(.ARM.Collect$$libinit$$00000019) for __rt_lib_init_signal_1
    libinit.o(.ARM.Collect$$libinit$$00000000) refers (Special) to libinit2.o(.ARM.Collect$$libinit$$00000021) for __rt_lib_init_stdio_1
    libinit.o(.ARM.Collect$$libinit$$00000000) refers (Special) to libinit2.o(.ARM.Collect$$libinit$$00000008) for __rt_lib_init_user_alloc_1
    libinit.o(.ARM.Collect$$libinit$$00000000) refers to fpinit.o(x$fpl$fpinit) for _fp_init
    libspace.o(.text) refers to libspace.o(.bss) for __libspace_start
    rtexit.o(.ARM.Collect$$rtexit$$00000000) refers (Special) to rtexit2.o(.ARM.Collect$$rtexit$$00000004) for __rt_exit_exit
    rtexit.o(.ARM.Collect$$rtexit$$00000000) refers (Special) to rtexit2.o(.ARM.Collect$$rtexit$$00000003) for __rt_exit_ls
    rtexit.o(.ARM.Collect$$rtexit$$00000000) refers (Special) to rtexit2.o(.ARM.Collect$$rtexit$$00000002) for __rt_exit_prels_1
    rtexit.o(.ARM.exidx) refers (Special) to rtexit2.o(.ARM.Collect$$rtexit$$00000004) for __rt_exit_exit
    rtexit.o(.ARM.exidx) refers (Special) to rtexit2.o(.ARM.Collect$$rtexit$$00000003) for __rt_exit_ls
    rtexit.o(.ARM.exidx) refers (Special) to rtexit2.o(.ARM.Collect$$rtexit$$00000002) for __rt_exit_prels_1
    rtexit.o(.ARM.exidx) refers to rtexit.o(.ARM.Collect$$rtexit$$00000000) for .ARM.Collect$$rtexit$$00000000
    libinit2.o(.ARM.Collect$$libinit$$0000000C) refers to libinit2.o(.ARM.Collect$$libinit$$0000000B) for .ARM.Collect$$libinit$$0000000B
    libinit2.o(.ARM.Collect$$libinit$$0000000E) refers to libinit2.o(.ARM.Collect$$libinit$$0000000B) for .ARM.Collect$$libinit$$0000000B
    libinit2.o(.ARM.Collect$$libinit$$00000010) refers to libinit2.o(.ARM.Collect$$libinit$$0000000B) for .ARM.Collect$$libinit$$0000000B
    libinit2.o(.ARM.Collect$$libinit$$00000012) refers to libinit2.o(.ARM.Collect$$libinit$$0000000B) for .ARM.Collect$$libinit$$0000000B
    libinit2.o(.ARM.Collect$$libinit$$00000014) refers to libinit2.o(.ARM.Collect$$libinit$$0000000B) for .ARM.Collect$$libinit$$0000000B
    libinit2.o(.ARM.Collect$$libinit$$00000022) refers to argv_veneer.o(.emb_text) for __ARM_argv_veneer
    libinit2.o(.ARM.Collect$$libinit$$00000023) refers to argv_veneer.o(.emb_text) for __ARM_argv_veneer
    fpinit.o(x$fpl$fpinit) refers to rt_fp_status_addr_intlibspace.o(.text) for __rt_fp_status_addr
    rtexit2.o(.ARM.Collect$$rtexit$$00000003) refers to libshutdown.o(.ARM.Collect$$libshutdown$$00000000) for __rt_lib_shutdown
    rtexit2.o(.ARM.Collect$$rtexit$$00000004) refers to sys_exit.o(.text) for _sys_exit
    rtexit2.o(.ARM.exidx) refers to rtexit2.o(.ARM.Collect$$rtexit$$00000001) for .ARM.Collect$$rtexit$$00000001
    rtexit2.o(.ARM.exidx) refers to rtexit2.o(.ARM.Collect$$rtexit$$00000003) for .ARM.Collect$$rtexit$$00000003
    rtexit2.o(.ARM.exidx) refers to rtexit2.o(.ARM.Collect$$rtexit$$00000004) for .ARM.Collect$$rtexit$$00000004
    rt_fp_status_addr.o(.text) refers to rt_fp_status_addr.o(.bss) for __rt_fp_status_addr_data
    rt_fp_status_addr_intlibspace.o(.text) refers to libspace.o(.bss) for __libspace_start
    argv_veneer.o(.emb_text) refers to no_argv.o(.text) for __ARM_get_argv
    sys_exit.o(.text) refers (Special) to use_no_semi.o(.text) for __I$use$semihosting
    sys_exit.o(.text) refers (Special) to indicate_semi.o(.text) for __semihosting_library_function
    _get_argv_nomalloc.o(.text) refers (Special) to hrguard.o(.text) for __heap_region$guard
    _get_argv_nomalloc.o(.text) refers to defsig_rtmem_outer.o(.text) for __rt_SIGRTMEM
    _get_argv_nomalloc.o(.text) refers to sys_command.o(.text) for _sys_command_string
    libshutdown.o(.ARM.Collect$$libshutdown$$00000000) refers (Special) to libshutdown2.o(.ARM.Collect$$libshutdown$$00000006) for __rt_lib_shutdown_fp_trap_1
    libshutdown.o(.ARM.Collect$$libshutdown$$00000000) refers (Special) to libshutdown2.o(.ARM.Collect$$libshutdown$$0000000E) for __rt_lib_shutdown_heap_1
    libshutdown.o(.ARM.Collect$$libshutdown$$00000000) refers (Special) to libshutdown2.o(.ARM.Collect$$libshutdown$$0000000F) for __rt_lib_shutdown_return
    libshutdown.o(.ARM.Collect$$libshutdown$$00000000) refers (Special) to libshutdown2.o(.ARM.Collect$$libshutdown$$00000009) for __rt_lib_shutdown_signal_1
    libshutdown.o(.ARM.Collect$$libshutdown$$00000000) refers (Special) to libshutdown2.o(.ARM.Collect$$libshutdown$$00000003) for __rt_lib_shutdown_stdio_1
    libshutdown.o(.ARM.Collect$$libshutdown$$00000000) refers (Special) to libshutdown2.o(.ARM.Collect$$libshutdown$$0000000B) for __rt_lib_shutdown_user_alloc_1
    sys_command.o(.text) refers (Special) to use_no_semi.o(.text) for __I$use$semihosting
    sys_command.o(.text) refers (Special) to indicate_semi.o(.text) for __semihosting_library_function
    defsig_rtmem_outer.o(.text) refers to defsig_rtmem_inner.o(.text) for __rt_SIGRTMEM_inner
    defsig_rtmem_outer.o(.text) refers to defsig_exit.o(.text) for __sig_exit
    defsig_rtmem_formal.o(.text) refers to rt_raise.o(.text) for __rt_raise
    rt_raise.o(.text) refers to __raise.o(.text) for __raise
    rt_raise.o(.text) refers to sys_exit.o(.text) for _sys_exit
    defsig_exit.o(.text) refers to sys_exit.o(.text) for _sys_exit
    defsig_rtmem_inner.o(.text) refers to defsig_general.o(.text) for __default_signal_display
    __raise.o(.text) refers to defsig.o(CL$$defsig) for __default_signal_handler
    defsig_general.o(.text) refers to sys_wrch.o(.text) for _ttywrch
    sys_wrch.o(.text) refers (Special) to use_no_semi.o(.text) for __I$use$semihosting
    sys_wrch.o(.text) refers (Special) to indicate_semi.o(.text) for __semihosting_library_function
    defsig.o(CL$$defsig) refers to defsig_rtmem_inner.o(.text) for __rt_SIGRTMEM_inner
    defsig_abrt_inner.o(.text) refers to defsig_general.o(.text) for __default_signal_display
    defsig_fpe_inner.o(.text) refers to defsig_general.o(.text) for __default_signal_display
    defsig_rtred_inner.o(.text) refers to defsig_general.o(.text) for __default_signal_display
    defsig_stak_inner.o(.text) refers to defsig_general.o(.text) for __default_signal_display
    defsig_pvfn_inner.o(.text) refers to defsig_general.o(.text) for __default_signal_display
    defsig_cppl_inner.o(.text) refers to defsig_general.o(.text) for __default_signal_display
    defsig_segv_inner.o(.text) refers to defsig_general.o(.text) for __default_signal_display
    defsig_other.o(.text) refers to defsig_general.o(.text) for __default_signal_display
    f205_usart.o(i._InitRx) refers to f205_usart.o(.data) for DLE
    f205_usart.o(i._InitRx) refers to f205_usart.o(.bss) for _Info
    f205_usart.o(i._SetRxData) refers to f205_usart.o(i._InitRx) for _InitRx
    f205_usart.o(i._SetRxData) refers to f205_usart.o(.data) for RxLen
    f205_usart.o(i._SetRxData) refers to f205_usart.o(.bss) for _Info
    f205_usart.o(i._SetRxData) refers to main.o(.bss) for MyInfo


==============================================================================

Removing Unused input sections from the image.

    Removing stm32f2xx_pwr.o(.text), (236 bytes).
    Removing stm32f2xx_exti.o(.text), (328 bytes).
    Removing stm32f2xx_syscfg.o(.text), (172 bytes).

3 unused section(s) (total 736 bytes) removed from the image.

==============================================================================

Image Symbol Table

    Local Symbols

    Symbol Name                              Value     Ov Type        Size  Object(Section)

    ../../angel/boardlib.s                   0x00000000   Number         0  boardinit3.o ABSOLUTE
    ../../angel/boardlib.s                   0x00000000   Number         0  boardinit2.o ABSOLUTE
    ../../angel/boardlib.s                   0x00000000   Number         0  boardinit1.o ABSOLUTE
    ../../angel/boardlib.s                   0x00000000   Number         0  boardshut.o ABSOLUTE
    ../../angel/handlers.s                   0x00000000   Number         0  __scatter_zi.o ABSOLUTE
    ../../angel/handlers.s                   0x00000000   Number         0  __scatter_copy.o ABSOLUTE
    ../../angel/kernel.s                     0x00000000   Number         0  rtexit.o ABSOLUTE
    ../../angel/kernel.s                     0x00000000   Number         0  rtentry.o ABSOLUTE
    ../../angel/kernel.s                     0x00000000   Number         0  rtentry2.o ABSOLUTE
    ../../angel/kernel.s                     0x00000000   Number         0  rtexit2.o ABSOLUTE
    ../../angel/kernel.s                     0x00000000   Number         0  rtentry4.o ABSOLUTE
    ../../angel/rt.s                         0x00000000   Number         0  rt_fp_status_addr.o ABSOLUTE
    ../../angel/rt.s                         0x00000000   Number         0  rt_fp_status_addr_intlibspace.o ABSOLUTE
    ../../angel/rt.s                         0x00000000   Number         0  rt_raise.o ABSOLUTE
    ../../angel/scatter.s                    0x00000000   Number         0  __scatter.o ABSOLUTE
    ../../angel/startup.s                    0x00000000   Number         0  __main.o ABSOLUTE
    ../../angel/sys.s                        0x00000000   Number         0  use_no_semi.o ABSOLUTE
    ../../angel/sys.s                        0x00000000   Number         0  libspace.o ABSOLUTE
    ../../angel/sys.s                        0x00000000   Number         0  indicate_semi.o ABSOLUTE
    ../../angel/sys.s                        0x00000000   Number         0  sys_stackheap_outer.o ABSOLUTE
    ../../angel/sysapp.c                     0x00000000   Number         0  sys_command.o ABSOLUTE
    ../../angel/sysapp.c                     0x00000000   Number         0  sys_wrch.o ABSOLUTE
    ../../angel/sysapp.c                     0x00000000   Number         0  sys_exit.o ABSOLUTE
    ../../armsys.c                           0x00000000   Number         0  no_argv.o ABSOLUTE
    ../../armsys.c                           0x00000000   Number         0  _get_argv_nomalloc.o ABSOLUTE
    ../../armsys.c                           0x00000000   Number         0  argv_veneer.o ABSOLUTE
    ../../armsys.c                           0x00000000   Number         0  argv_veneer.o ABSOLUTE
    ../../fpinit.s                           0x00000000   Number         0  fpinit.o ABSOLUTE
    ../../heapalloc.c                        0x00000000   Number         0  hrguard.o ABSOLUTE
    ../../heapaux.c                          0x00000000   Number         0  heapauxi.o ABSOLUTE
    ../../libinit.s                          0x00000000   Number         0  libinit2.o ABSOLUTE
    ../../libinit.s                          0x00000000   Number         0  libshutdown.o ABSOLUTE
    ../../libinit.s                          0x00000000   Number         0  libshutdown2.o ABSOLUTE
    ../../libinit.s                          0x00000000   Number         0  libinit.o ABSOLUTE
    ../../memcpset.s                         0x00000000   Number         0  rt_memclr.o ABSOLUTE
    ../../memcpset.s                         0x00000000   Number         0  rt_memclr_w.o ABSOLUTE
    ../../signal.c                           0x00000000   Number         0  defsig_rtred_inner.o ABSOLUTE
    ../../signal.c                           0x00000000   Number         0  defsig_fpe_inner.o ABSOLUTE
    ../../signal.c                           0x00000000   Number         0  defsig_abrt_inner.o ABSOLUTE
    ../../signal.c                           0x00000000   Number         0  __raise.o ABSOLUTE
    ../../signal.c                           0x00000000   Number         0  defsig_general.o ABSOLUTE
    ../../signal.c                           0x00000000   Number         0  defsig_segv_inner.o ABSOLUTE
    ../../signal.c                           0x00000000   Number         0  defsig_exit.o ABSOLUTE
    ../../signal.c                           0x00000000   Number         0  defsig_other.o ABSOLUTE
    ../../signal.c                           0x00000000   Number         0  defsig_cppl_inner.o ABSOLUTE
    ../../signal.c                           0x00000000   Number         0  defsig_pvfn_inner.o ABSOLUTE
    ../../signal.c                           0x00000000   Number         0  defsig_rtmem_formal.o ABSOLUTE
    ../../signal.c                           0x00000000   Number         0  defsig_rtmem_inner.o ABSOLUTE
    ../../signal.c                           0x00000000   Number         0  defsig_rtmem_outer.o ABSOLUTE
    ../../signal.c                           0x00000000   Number         0  defsig_stak_inner.o ABSOLUTE
    ../../signal.s                           0x00000000   Number         0  defsig.o ABSOLUTE
    ../../stdlib.c                           0x00000000   Number         0  exit.o ABSOLUTE
    ..\..\Libraries\CMSIS\CM3\CoreSupport\core_cm3.c 0x00000000   Number         0  core_cm3.o ABSOLUTE
    ..\..\Libraries\CMSIS\CM3\DeviceSupport\STM32F2xx\system_stm32f2xx.c 0x00000000   Number         0  system_stm32f2xx.o ABSOLUTE
    ..\..\Libraries\STM32F2xx_StdPeriph_Driver\src\misc.c 0x00000000   Number         0  misc.o ABSOLUTE
    ..\..\Libraries\STM32F2xx_StdPeriph_Driver\src\stm32f2xx_dma.c 0x00000000   Number         0  stm32f2xx_dma.o ABSOLUTE
    ..\..\Libraries\STM32F2xx_StdPeriph_Driver\src\stm32f2xx_exti.c 0x00000000   Number         0  stm32f2xx_exti.o ABSOLUTE
    ..\..\Libraries\STM32F2xx_StdPeriph_Driver\src\stm32f2xx_flash.c 0x00000000   Number         0  stm32f2xx_flash.o ABSOLUTE
    ..\..\Libraries\STM32F2xx_StdPeriph_Driver\src\stm32f2xx_gpio.c 0x00000000   Number         0  stm32f2xx_gpio.o ABSOLUTE
    ..\..\Libraries\STM32F2xx_StdPeriph_Driver\src\stm32f2xx_pwr.c 0x00000000   Number         0  stm32f2xx_pwr.o ABSOLUTE
    ..\..\Libraries\STM32F2xx_StdPeriph_Driver\src\stm32f2xx_rcc.c 0x00000000   Number         0  stm32f2xx_rcc.o ABSOLUTE
    ..\..\Libraries\STM32F2xx_StdPeriph_Driver\src\stm32f2xx_syscfg.c 0x00000000   Number         0  stm32f2xx_syscfg.o ABSOLUTE
    ..\..\Libraries\STM32F2xx_StdPeriph_Driver\src\stm32f2xx_usart.c 0x00000000   Number         0  stm32f2xx_usart.o ABSOLUTE
    ..\..\Utilities\STM32_EVAL\stm322xg_eval.c 0x00000000   Number         0  stm322xg_eval.o ABSOLUTE
    ..\\..\\Libraries\\CMSIS\\CM3\\CoreSupport\\core_cm3.c 0x00000000   Number         0  core_cm3.o ABSOLUTE
    ..\src\FLASH\F205_Flash.c                0x00000000   Number         0  f205_flash.o ABSOLUTE
    ..\src\GPIO\F205_Gpio.c                  0x00000000   Number         0  f205_gpio.o ABSOLUTE
    ..\src\HexFile\HexFile.c                 0x00000000   Number         0  hexfile.o ABSOLUTE
    ..\src\LED\F205_Led.c                    0x00000000   Number         0  f205_led.o ABSOLUTE
    ..\src\SYSTICK\F205_systick.c            0x00000000   Number         0  f205_systick.o ABSOLUTE
    ..\src\USART\F205_usart.c                0x00000000   Number         0  f205_usart.o ABSOLUTE
    ..\src\main.c                            0x00000000   Number         0  main.o ABSOLUTE
    ..\src\stm32f2xx_it.c                    0x00000000   Number         0  stm32f2xx_it.o ABSOLUTE
    ..\startup_stm32f2xx.s                   0x00000000   Number         0  startup_stm32f2xx.o ABSOLUTE
    dc.s                                     0x00000000   Number         0  dc.o ABSOLUTE
    RESET                                    0x08000000   Section      388  startup_stm32f2xx.o(RESET)
    !!!main                                  0x08000184   Section        8  __main.o(!!!main)
    !!!scatter                               0x0800018c   Section       52  __scatter.o(!!!scatter)
    !!handler_copy                           0x080001c0   Section       26  __scatter_copy.o(!!handler_copy)
    !!handler_zi                             0x080001dc   Section       28  __scatter_zi.o(!!handler_zi)
    .ARM.Collect$$libinit$$00000000          0x080001f8   Section        6  libinit.o(.ARM.Collect$$libinit$$00000000)
    .ARM.Collect$$libinit$$00000006          0x080001fe   Section        0  libinit2.o(.ARM.Collect$$libinit$$00000006)
    .ARM.Collect$$libinit$$00000008          0x080001fe   Section        0  libinit2.o(.ARM.Collect$$libinit$$00000008)
    .ARM.Collect$$libinit$$0000000A          0x080001fe   Section        0  libinit2.o(.ARM.Collect$$libinit$$0000000A)
    .ARM.Collect$$libinit$$0000000D          0x080001fe   Section        0  libinit2.o(.ARM.Collect$$libinit$$0000000D)
    .ARM.Collect$$libinit$$0000000F          0x080001fe   Section        0  libinit2.o(.ARM.Collect$$libinit$$0000000F)
    .ARM.Collect$$libinit$$00000011          0x080001fe   Section        0  libinit2.o(.ARM.Collect$$libinit$$00000011)
    .ARM.Collect$$libinit$$00000013          0x080001fe   Section        0  libinit2.o(.ARM.Collect$$libinit$$00000013)
    .ARM.Collect$$libinit$$00000015          0x080001fe   Section        0  libinit2.o(.ARM.Collect$$libinit$$00000015)
    .ARM.Collect$$libinit$$00000017          0x080001fe   Section        0  libinit2.o(.ARM.Collect$$libinit$$00000017)
    .ARM.Collect$$libinit$$00000019          0x080001fe   Section        0  libinit2.o(.ARM.Collect$$libinit$$00000019)
    .ARM.Collect$$libinit$$0000001B          0x080001fe   Section        0  libinit2.o(.ARM.Collect$$libinit$$0000001B)
    .ARM.Collect$$libinit$$0000001D          0x080001fe   Section        0  libinit2.o(.ARM.Collect$$libinit$$0000001D)
    .ARM.Collect$$libinit$$0000001F          0x080001fe   Section        0  libinit2.o(.ARM.Collect$$libinit$$0000001F)
    .ARM.Collect$$libinit$$00000021          0x080001fe   Section        0  libinit2.o(.ARM.Collect$$libinit$$00000021)
    .ARM.Collect$$libinit$$00000028          0x080001fe   Section        0  libinit2.o(.ARM.Collect$$libinit$$00000028)
    .ARM.Collect$$libinit$$0000002A          0x080001fe   Section        0  libinit2.o(.ARM.Collect$$libinit$$0000002A)
    .ARM.Collect$$libinit$$0000002C          0x080001fe   Section        0  libinit2.o(.ARM.Collect$$libinit$$0000002C)
    .ARM.Collect$$libinit$$0000002E          0x080001fe   Section        0  libinit2.o(.ARM.Collect$$libinit$$0000002E)
    .ARM.Collect$$libinit$$0000002F          0x080001fe   Section        2  libinit2.o(.ARM.Collect$$libinit$$0000002F)
    .ARM.Collect$$libshutdown$$00000000      0x08000200   Section        2  libshutdown.o(.ARM.Collect$$libshutdown$$00000000)
    .ARM.Collect$$libshutdown$$00000003      0x08000202   Section        0  libshutdown2.o(.ARM.Collect$$libshutdown$$00000003)
    .ARM.Collect$$libshutdown$$00000006      0x08000202   Section        0  libshutdown2.o(.ARM.Collect$$libshutdown$$00000006)
    .ARM.Collect$$libshutdown$$00000009      0x08000202   Section        0  libshutdown2.o(.ARM.Collect$$libshutdown$$00000009)
    .ARM.Collect$$libshutdown$$0000000B      0x08000202   Section        0  libshutdown2.o(.ARM.Collect$$libshutdown$$0000000B)
    .ARM.Collect$$libshutdown$$0000000E      0x08000202   Section        0  libshutdown2.o(.ARM.Collect$$libshutdown$$0000000E)
    .ARM.Collect$$libshutdown$$0000000F      0x08000202   Section        2  libshutdown2.o(.ARM.Collect$$libshutdown$$0000000F)
    .ARM.Collect$$rtentry$$00000000          0x08000204   Section        0  rtentry.o(.ARM.Collect$$rtentry$$00000000)
    .ARM.Collect$$rtentry$$00000002          0x08000204   Section        0  rtentry2.o(.ARM.Collect$$rtentry$$00000002)
    .ARM.Collect$$rtentry$$00000004          0x08000204   Section        6  rtentry4.o(.ARM.Collect$$rtentry$$00000004)
    .ARM.Collect$$rtentry$$00000009          0x0800020a   Section        0  rtentry2.o(.ARM.Collect$$rtentry$$00000009)
    .ARM.Collect$$rtentry$$0000000A          0x0800020a   Section        4  rtentry2.o(.ARM.Collect$$rtentry$$0000000A)
    .ARM.Collect$$rtentry$$0000000C          0x0800020e   Section        0  rtentry2.o(.ARM.Collect$$rtentry$$0000000C)
    .ARM.Collect$$rtentry$$0000000D          0x0800020e   Section        8  rtentry2.o(.ARM.Collect$$rtentry$$0000000D)
    .ARM.Collect$$rtexit$$00000000           0x08000216   Section        2  rtexit.o(.ARM.Collect$$rtexit$$00000000)
    .ARM.Collect$$rtexit$$00000002           0x08000218   Section        0  rtexit2.o(.ARM.Collect$$rtexit$$00000002)
    .ARM.Collect$$rtexit$$00000003           0x08000218   Section        4  rtexit2.o(.ARM.Collect$$rtexit$$00000003)
    .ARM.Collect$$rtexit$$00000004           0x0800021c   Section        6  rtexit2.o(.ARM.Collect$$rtexit$$00000004)
    .emb_text                                0x08000224   Section       32  core_cm3.o(.emb_text)
    .text                                    0x08000244   Section        0  system_stm32f2xx.o(.text)
    SetSysClock                              0x08000245   Thumb Code   170  system_stm32f2xx.o(.text)
    .text                                    0x0800041c   Section        0  stm32f2xx_it.o(.text)
    .text                                    0x080004ec   Section        0  main.o(.text)
    .text                                    0x0800076c   Section        0  hexfile.o(.text)
    .text                                    0x08000abe   Section        0  f205_flash.o(.text)
    .text                                    0x08000cb0   Section        0  f205_gpio.o(.text)
    .text                                    0x08000d94   Section        0  f205_led.o(.text)
    .text                                    0x08000ec4   Section        0  f205_systick.o(.text)
    .text                                    0x08000f60   Section        0  f205_usart.o(.text)
    .text                                    0x080016c8   Section        0  misc.o(.text)
    .text                                    0x080017d0   Section        0  stm32f2xx_dma.o(.text)
    .text                                    0x08001ba8   Section        0  stm32f2xx_flash.o(.text)
    .text                                    0x08002074   Section        0  stm32f2xx_gpio.o(.text)
    .text                                    0x08002324   Section        0  stm32f2xx_rcc.o(.text)
    .text                                    0x080028f4   Section        0  stm32f2xx_usart.o(.text)
    .text                                    0x08002da8   Section       64  startup_stm32f2xx.o(.text)
    .text                                    0x08002de8   Section        0  stm322xg_eval.o(.text)
    .text                                    0x0800317c   Section       68  rt_memclr.o(.text)
    .text                                    0x080031c0   Section       78  rt_memclr_w.o(.text)
    .text                                    0x0800320e   Section        0  heapauxi.o(.text)
    .text                                    0x08003214   Section       74  sys_stackheap_outer.o(.text)
    .text                                    0x0800325e   Section        0  exit.o(.text)
    .text                                    0x0800326c   Section        8  libspace.o(.text)
    .text                                    0x08003274   Section        8  rt_fp_status_addr_intlibspace.o(.text)
    .text                                    0x0800327c   Section        0  sys_exit.o(.text)
    .text                                    0x08003288   Section        2  use_no_semi.o(.text)
    .text                                    0x0800328a   Section        0  indicate_semi.o(.text)
    i._InitRx                                0x0800328c   Section        0  f205_usart.o(i._InitRx)
    i._SetRxData                             0x080032cc   Section        0  f205_usart.o(i._SetRxData)
    x$fpl$fpinit                             0x080033b0   Section       14  fpinit.o(x$fpl$fpinit)
    .constdata                               0x080033be   Section      512  f205_usart.o(.constdata)
    .constdata                               0x080035c0   Section      124  stm322xg_eval.o(.constdata)
    .data                                    0x20000000   Section       20  system_stm32f2xx.o(.data)
    .data                                    0x20000014   Section        2  stm32f2xx_it.o(.data)
    .data                                    0x20000018   Section        8  main.o(.data)
    .data                                    0x20000020   Section        8  f205_gpio.o(.data)
    .data                                    0x20000028   Section       12  f205_led.o(.data)
    WkLedTm                                  0x20000028   Data           4  f205_led.o(.data)
    RxLedTm                                  0x2000002c   Data           4  f205_led.o(.data)
    TxLedTm                                  0x20000030   Data           4  f205_led.o(.data)
    .data                                    0x20000034   Section       24  f205_usart.o(.data)
    .data                                    0x2000004c   Section       16  stm32f2xx_rcc.o(.data)
    APBAHBPrescTable                         0x2000004c   Data          16  stm32f2xx_rcc.o(.data)
    .data                                    0x2000005c   Section       72  stm322xg_eval.o(.data)
    .bss                                     0x200000a4   Section    16408  main.o(.bss)
    .bss                                     0x200040bc   Section    51380  f205_usart.o(.bss)
    .bss                                     0x20010970   Section       96  libspace.o(.bss)
    HEAP                                     0x200109d0   Section      512  startup_stm32f2xx.o(HEAP)
    Heap_Mem                                 0x200109d0   Data         512  startup_stm32f2xx.o(HEAP)
    STACK                                    0x20010bd0   Section     2048  startup_stm32f2xx.o(STACK)
    Stack_Mem                                0x20010bd0   Data        2048  startup_stm32f2xx.o(STACK)
    __initial_sp                             0x200113d0   Data           0  startup_stm32f2xx.o(STACK)

    Global Symbols

    Symbol Name                              Value     Ov Type        Size  Object(Section)

    BuildAttributes$$THM_ISAv4$P$D$K$B$S$PE$A:L22UL41UL21$X:L11$S22US41US21$IEEE1$IW$USESV6$~STKCKD$USESV7$~SHL$OSPACE$ROPI$EBA8$UX$STANDARDLIB$REQ8$PRES8$EABIv2 0x00000000   Number         0  anon$$obj.o ABSOLUTE
    __ARM_use_no_argv                        0x00000000   Number         0  main.o ABSOLUTE
    __ARM_exceptions_init                     - Undefined Weak Reference
    __alloca_initialize                       - Undefined Weak Reference
    __cpp_initialize__aeabi_                  - Undefined Weak Reference
    __cxa_finalize                            - Undefined Weak Reference
    __rt_locale                               - Undefined Weak Reference
    __sigvec_lookup                           - Undefined Weak Reference
    _atexit_init                              - Undefined Weak Reference
    _call_atexit_fns                          - Undefined Weak Reference
    _clock_init                               - Undefined Weak Reference
    _fp_trap_init                             - Undefined Weak Reference
    _fp_trap_shutdown                         - Undefined Weak Reference
    _get_lc_collate                           - Undefined Weak Reference
    _get_lc_ctype                             - Undefined Weak Reference
    _get_lc_monetary                          - Undefined Weak Reference
    _get_lc_numeric                           - Undefined Weak Reference
    _get_lc_time                              - Undefined Weak Reference
    _getenv_init                              - Undefined Weak Reference
    _handle_redirection                       - Undefined Weak Reference
    _init_alloc                               - Undefined Weak Reference
    _init_user_alloc                          - Undefined Weak Reference
    _initio                                   - Undefined Weak Reference
    _rand_init                                - Undefined Weak Reference
    _signal_finish                            - Undefined Weak Reference
    _signal_init                              - Undefined Weak Reference
    _terminate_alloc                          - Undefined Weak Reference
    _terminate_user_alloc                     - Undefined Weak Reference
    _terminateio                              - Undefined Weak Reference
    __Vectors_Size                           0x00000184   Number         0  startup_stm32f2xx.o ABSOLUTE
    __Vectors                                0x08000000   Data           4  startup_stm32f2xx.o(RESET)
    __Vectors_End                            0x08000184   Data           0  startup_stm32f2xx.o(RESET)
    __main                                   0x08000185   Thumb Code     8  __main.o(!!!main)
    __scatterload                            0x0800018d   Thumb Code     0  __scatter.o(!!!scatter)
    __scatterload_rt2                        0x0800018d   Thumb Code    44  __scatter.o(!!!scatter)
    __scatterload_rt2_thumb_only             0x0800018d   Thumb Code     0  __scatter.o(!!!scatter)
    __scatterload_null                       0x0800019b   Thumb Code     0  __scatter.o(!!!scatter)
    __scatterload_copy                       0x080001c1   Thumb Code    26  __scatter_copy.o(!!handler_copy)
    __scatterload_zeroinit                   0x080001dd   Thumb Code    28  __scatter_zi.o(!!handler_zi)
    __rt_lib_init                            0x080001f9   Thumb Code     0  libinit.o(.ARM.Collect$$libinit$$00000000)
    __rt_lib_init_alloca_1                   0x080001ff   Thumb Code     0  libinit2.o(.ARM.Collect$$libinit$$0000002A)
    __rt_lib_init_argv_1                     0x080001ff   Thumb Code     0  libinit2.o(.ARM.Collect$$libinit$$00000028)
    __rt_lib_init_atexit_1                   0x080001ff   Thumb Code     0  libinit2.o(.ARM.Collect$$libinit$$00000017)
    __rt_lib_init_clock_1                    0x080001ff   Thumb Code     0  libinit2.o(.ARM.Collect$$libinit$$0000001D)
    __rt_lib_init_cpp_1                      0x080001ff   Thumb Code     0  libinit2.o(.ARM.Collect$$libinit$$0000002E)
    __rt_lib_init_exceptions_1               0x080001ff   Thumb Code     0  libinit2.o(.ARM.Collect$$libinit$$0000002C)
    __rt_lib_init_fp_trap_1                  0x080001ff   Thumb Code     0  libinit2.o(.ARM.Collect$$libinit$$0000001B)
    __rt_lib_init_getenv_1                   0x080001ff   Thumb Code     0  libinit2.o(.ARM.Collect$$libinit$$0000001F)
    __rt_lib_init_heap_1                     0x080001ff   Thumb Code     0  libinit2.o(.ARM.Collect$$libinit$$00000006)
    __rt_lib_init_lc_collate_1               0x080001ff   Thumb Code     0  libinit2.o(.ARM.Collect$$libinit$$0000000D)
    __rt_lib_init_lc_ctype_1                 0x080001ff   Thumb Code     0  libinit2.o(.ARM.Collect$$libinit$$0000000F)
    __rt_lib_init_lc_monetary_1              0x080001ff   Thumb Code     0  libinit2.o(.ARM.Collect$$libinit$$00000011)
    __rt_lib_init_lc_numeric_1               0x080001ff   Thumb Code     0  libinit2.o(.ARM.Collect$$libinit$$00000013)
    __rt_lib_init_lc_time_1                  0x080001ff   Thumb Code     0  libinit2.o(.ARM.Collect$$libinit$$00000015)
    __rt_lib_init_rand_1                     0x080001ff   Thumb Code     0  libinit2.o(.ARM.Collect$$libinit$$0000000A)
    __rt_lib_init_return                     0x080001ff   Thumb Code     0  libinit2.o(.ARM.Collect$$libinit$$0000002F)
    __rt_lib_init_signal_1                   0x080001ff   Thumb Code     0  libinit2.o(.ARM.Collect$$libinit$$00000019)
    __rt_lib_init_stdio_1                    0x080001ff   Thumb Code     0  libinit2.o(.ARM.Collect$$libinit$$00000021)
    __rt_lib_init_user_alloc_1               0x080001ff   Thumb Code     0  libinit2.o(.ARM.Collect$$libinit$$00000008)
    __rt_lib_shutdown                        0x08000201   Thumb Code     0  libshutdown.o(.ARM.Collect$$libshutdown$$00000000)
    __rt_lib_shutdown_fp_trap_1              0x08000203   Thumb Code     0  libshutdown2.o(.ARM.Collect$$libshutdown$$00000006)
    __rt_lib_shutdown_heap_1                 0x08000203   Thumb Code     0  libshutdown2.o(.ARM.Collect$$libshutdown$$0000000E)
    __rt_lib_shutdown_return                 0x08000203   Thumb Code     0  libshutdown2.o(.ARM.Collect$$libshutdown$$0000000F)
    __rt_lib_shutdown_signal_1               0x08000203   Thumb Code     0  libshutdown2.o(.ARM.Collect$$libshutdown$$00000009)
    __rt_lib_shutdown_stdio_1                0x08000203   Thumb Code     0  libshutdown2.o(.ARM.Collect$$libshutdown$$00000003)
    __rt_lib_shutdown_user_alloc_1           0x08000203   Thumb Code     0  libshutdown2.o(.ARM.Collect$$libshutdown$$0000000B)
    __rt_entry                               0x08000205   Thumb Code     0  rtentry.o(.ARM.Collect$$rtentry$$00000000)
    __rt_entry_presh_1                       0x08000205   Thumb Code     0  rtentry2.o(.ARM.Collect$$rtentry$$00000002)
    __rt_entry_sh                            0x08000205   Thumb Code     0  rtentry4.o(.ARM.Collect$$rtentry$$00000004)
    __rt_entry_li                            0x0800020b   Thumb Code     0  rtentry2.o(.ARM.Collect$$rtentry$$0000000A)
    __rt_entry_postsh_1                      0x0800020b   Thumb Code     0  rtentry2.o(.ARM.Collect$$rtentry$$00000009)
    __rt_entry_main                          0x0800020f   Thumb Code     0  rtentry2.o(.ARM.Collect$$rtentry$$0000000D)
    __rt_entry_postli_1                      0x0800020f   Thumb Code     0  rtentry2.o(.ARM.Collect$$rtentry$$0000000C)
    __rt_exit                                0x08000217   Thumb Code     0  rtexit.o(.ARM.Collect$$rtexit$$00000000)
    __rt_exit_ls                             0x08000219   Thumb Code     0  rtexit2.o(.ARM.Collect$$rtexit$$00000003)
    __rt_exit_prels_1                        0x08000219   Thumb Code     0  rtexit2.o(.ARM.Collect$$rtexit$$00000002)
    __rt_exit_exit                           0x0800021d   Thumb Code     0  rtexit2.o(.ARM.Collect$$rtexit$$00000004)
    __get_PSP                                0x08000225   Thumb Code     6  core_cm3.o(.emb_text)
    __set_PSP                                0x0800022b   Thumb Code     6  core_cm3.o(.emb_text)
    __get_MSP                                0x08000231   Thumb Code     6  core_cm3.o(.emb_text)
    __set_MSP                                0x08000237   Thumb Code     6  core_cm3.o(.emb_text)
    __REV16                                  0x0800023d   Thumb Code     4  core_cm3.o(.emb_text)
    __REVSH                                  0x08000241   Thumb Code     4  core_cm3.o(.emb_text)
    SystemInit                               0x080002ef   Thumb Code    78  system_stm32f2xx.o(.text)
    SystemCoreClockUpdate                    0x0800033d   Thumb Code   172  system_stm32f2xx.o(.text)
    NMI_Handler                              0x0800041d   Thumb Code     2  stm32f2xx_it.o(.text)
    HardFault_Handler                        0x0800041f   Thumb Code     4  stm32f2xx_it.o(.text)
    MemManage_Handler                        0x08000423   Thumb Code     4  stm32f2xx_it.o(.text)
    BusFault_Handler                         0x08000427   Thumb Code     4  stm32f2xx_it.o(.text)
    UsageFault_Handler                       0x0800042b   Thumb Code     4  stm32f2xx_it.o(.text)
    SVC_Handler                              0x0800042f   Thumb Code     2  stm32f2xx_it.o(.text)
    DebugMon_Handler                         0x08000431   Thumb Code     2  stm32f2xx_it.o(.text)
    PendSV_Handler                           0x08000433   Thumb Code     2  stm32f2xx_it.o(.text)
    SysTick_Handler                          0x08000435   Thumb Code     8  stm32f2xx_it.o(.text)
    USART6_IRQHandler                        0x0800043d   Thumb Code    92  stm32f2xx_it.o(.text)
    DMA2_Stream7_IRQHandler                  0x08000499   Thumb Code    60  stm32f2xx_it.o(.text)
    GetParams                                0x080004ed   Thumb Code   244  main.o(.text)
    InitInfo                                 0x080005e1   Thumb Code    32  main.o(.text)
    main                                     0x08000601   Thumb Code   316  main.o(.text)
    InitHexVar                               0x0800076d   Thumb Code    30  hexfile.o(.text)
    GetDataFromHexFile                       0x0800078b   Thumb Code   820  hexfile.o(.text)
    F205_EraseSectors                        0x08000abf   Thumb Code    80  f205_flash.o(.text)
    F205_ProgramFlash                        0x08000b0f   Thumb Code    36  f205_flash.o(.text)
    F205_WriteProtection                     0x08000b33   Thumb Code   166  f205_flash.o(.text)
    F205_WriteParams                         0x08000bd9   Thumb Code   178  f205_flash.o(.text)
    F205_ReadParams                          0x08000c8b   Thumb Code    36  f205_flash.o(.text)
    F205_InitGpio                            0x08000cb1   Thumb Code   112  f205_gpio.o(.text)
    F205_GetBdAddr                           0x08000d21   Thumb Code    14  f205_gpio.o(.text)
    F205_GetBdType                           0x08000d2f   Thumb Code     4  f205_gpio.o(.text)
    F205_EnableUsartTx                       0x08000d33   Thumb Code    18  f205_gpio.o(.text)
    F205_DisableUsartTx                      0x08000d45   Thumb Code    18  f205_gpio.o(.text)
    F205_FeedDog                             0x08000d57   Thumb Code    14  f205_gpio.o(.text)
    F205_GetCapStatus                        0x08000d65   Thumb Code    20  f205_gpio.o(.text)
    F205_InitLED                             0x08000d95   Thumb Code    16  f205_led.o(.text)
    F205_PowOnLedFlash                       0x08000da5   Thumb Code    68  f205_led.o(.text)
    F205_ComLed                              0x08000de9   Thumb Code   130  f205_led.o(.text)
    F205_TaxLed                              0x08000e6b   Thumb Code    60  f205_led.o(.text)
    F205_BiosLed                             0x08000ea7   Thumb Code    12  f205_led.o(.text)
    F205_WkLed                               0x08000eb3   Thumb Code     2  f205_led.o(.text)
    F205_TxLed                               0x08000eb5   Thumb Code     2  f205_led.o(.text)
    F205_RxLed                               0x08000eb7   Thumb Code     2  f205_led.o(.text)
    F205_ConfigSysTick                       0x08000ec5   Thumb Code   114  f205_systick.o(.text)
    F205_SysTickFunc                         0x08000f37   Thumb Code    24  f205_systick.o(.text)
    Calc_CRCByte                             0x08000f61   Thumb Code    40  f205_usart.o(.text)
    Calc_CRCByte_Continue                    0x08000f89   Thumb Code    40  f205_usart.o(.text)
    F205_InitUSART                           0x08000fb1   Thumb Code    68  f205_usart.o(.text)
    F205_DisableUSART                        0x08000ff5   Thumb Code    10  f205_usart.o(.text)
    F205_DisableUSART1                       0x08000fff   Thumb Code    10  f205_usart.o(.text)
    F205_PrepareTxData                       0x08001009   Thumb Code   352  f205_usart.o(.text)
    _SetUpgradeErr                           0x08001169   Thumb Code    32  f205_usart.o(.text)
    _AckRdyToUpgrade                         0x08001189   Thumb Code    32  f205_usart.o(.text)
    F205_RxDataHandler                       0x080011a9   Thumb Code   484  f205_usart.o(.text)
    _ErrHandler                              0x0800138d   Thumb Code     2  f205_usart.o(.text)
    _CheckProtectData                        0x0800138f   Thumb Code   130  f205_usart.o(.text)
    _CheckFirmData                           0x08001411   Thumb Code    66  f205_usart.o(.text)
    _RxDataHandler                           0x08001453   Thumb Code   240  f205_usart.o(.text)
    _CheckRxFrame                            0x08001543   Thumb Code   106  f205_usart.o(.text)
    F205_UsartRxData                         0x080015ad   Thumb Code   232  f205_usart.o(.text)
    NVIC_PriorityGroupConfig                 0x080016c9   Thumb Code    12  misc.o(.text)
    NVIC_Init                                0x080016d5   Thumb Code   136  misc.o(.text)
    NVIC_SetVectorTable                      0x0800175d   Thumb Code    16  misc.o(.text)
    NVIC_SystemLPConfig                      0x0800176d   Thumb Code    30  misc.o(.text)
    SysTick_CLKSourceConfig                  0x0800178b   Thumb Code    40  misc.o(.text)
    DMA_DeInit                               0x080017d1   Thumb Code   300  stm32f2xx_dma.o(.text)
    DMA_Init                                 0x080018fd   Thumb Code   110  stm32f2xx_dma.o(.text)
    DMA_StructInit                           0x0800196b   Thumb Code    36  stm32f2xx_dma.o(.text)
    DMA_Cmd                                  0x0800198f   Thumb Code    22  stm32f2xx_dma.o(.text)
    DMA_PeriphIncOffsetSizeConfig            0x080019a5   Thumb Code    22  stm32f2xx_dma.o(.text)
    DMA_FlowControllerConfig                 0x080019bb   Thumb Code    22  stm32f2xx_dma.o(.text)
    DMA_SetCurrDataCounter                   0x080019d1   Thumb Code     4  stm32f2xx_dma.o(.text)
    DMA_GetCurrDataCounter                   0x080019d5   Thumb Code     8  stm32f2xx_dma.o(.text)
    DMA_DoubleBufferModeConfig               0x080019dd   Thumb Code    24  stm32f2xx_dma.o(.text)
    DMA_DoubleBufferModeCmd                  0x080019f5   Thumb Code    22  stm32f2xx_dma.o(.text)
    DMA_MemoryTargetConfig                   0x08001a0b   Thumb Code    10  stm32f2xx_dma.o(.text)
    DMA_GetCurrentMemoryTarget               0x08001a15   Thumb Code    26  stm32f2xx_dma.o(.text)
    DMA_GetCmdStatus                         0x08001a2f   Thumb Code    26  stm32f2xx_dma.o(.text)
    DMA_GetFIFOStatus                        0x08001a49   Thumb Code    14  stm32f2xx_dma.o(.text)
    DMA_GetFlagStatus                        0x08001a57   Thumb Code    58  stm32f2xx_dma.o(.text)
    DMA_ClearFlag                            0x08001a91   Thumb Code    40  stm32f2xx_dma.o(.text)
    DMA_ITConfig                             0x08001ab9   Thumb Code    62  stm32f2xx_dma.o(.text)
    DMA_GetITStatus                          0x08001af7   Thumb Code    88  stm32f2xx_dma.o(.text)
    DMA_ClearITPendingBit                    0x08001b4f   Thumb Code    40  stm32f2xx_dma.o(.text)
    FLASH_SetLatency                         0x08001ba9   Thumb Code     6  stm32f2xx_flash.o(.text)
    FLASH_PrefetchBufferCmd                  0x08001baf   Thumb Code    30  stm32f2xx_flash.o(.text)
    FLASH_InstructionCacheCmd                0x08001bcd   Thumb Code    30  stm32f2xx_flash.o(.text)
    FLASH_DataCacheCmd                       0x08001beb   Thumb Code    30  stm32f2xx_flash.o(.text)
    FLASH_InstructionCacheReset              0x08001c09   Thumb Code    14  stm32f2xx_flash.o(.text)
    FLASH_DataCacheReset                     0x08001c17   Thumb Code    14  stm32f2xx_flash.o(.text)
    FLASH_Unlock                             0x08001c25   Thumb Code    24  stm32f2xx_flash.o(.text)
    FLASH_Lock                               0x08001c3d   Thumb Code    14  stm32f2xx_flash.o(.text)
    FLASH_GetStatus                          0x08001c4b   Thumb Code    78  stm32f2xx_flash.o(.text)
    FLASH_WaitForLastOperation               0x08001c99   Thumb Code    28  stm32f2xx_flash.o(.text)
    FLASH_EraseSector                        0x08001cb5   Thumb Code   142  stm32f2xx_flash.o(.text)
    FLASH_EraseAllSectors                    0x08001d43   Thumb Code   114  stm32f2xx_flash.o(.text)
    FLASH_ProgramDoubleWord                  0x08001db5   Thumb Code    80  stm32f2xx_flash.o(.text)
    FLASH_ProgramWord                        0x08001e05   Thumb Code    76  stm32f2xx_flash.o(.text)
    FLASH_ProgramHalfWord                    0x08001e51   Thumb Code    76  stm32f2xx_flash.o(.text)
    FLASH_ProgramByte                        0x08001e9d   Thumb Code    72  stm32f2xx_flash.o(.text)
    FLASH_OB_Unlock                          0x08001ee5   Thumb Code    24  stm32f2xx_flash.o(.text)
    FLASH_OB_Lock                            0x08001efd   Thumb Code    14  stm32f2xx_flash.o(.text)
    FLASH_OB_WRPConfig                       0x08001f0b   Thumb Code    52  stm32f2xx_flash.o(.text)
    FLASH_OB_RDPConfig                       0x08001f3f   Thumb Code    24  stm32f2xx_flash.o(.text)
    FLASH_OB_UserConfig                      0x08001f57   Thumb Code   102  stm32f2xx_flash.o(.text)
    FLASH_OB_BORConfig                       0x08001fbd   Thumb Code    24  stm32f2xx_flash.o(.text)
    FLASH_OB_Launch                          0x08001fd5   Thumb Code    28  stm32f2xx_flash.o(.text)
    FLASH_OB_GetUser                         0x08001ff1   Thumb Code    10  stm32f2xx_flash.o(.text)
    FLASH_OB_GetWRP                          0x08001ffb   Thumb Code     8  stm32f2xx_flash.o(.text)
    FLASH_OB_GetRDP                          0x08002003   Thumb Code    24  stm32f2xx_flash.o(.text)
    FLASH_OB_GetBOR                          0x0800201b   Thumb Code    10  stm32f2xx_flash.o(.text)
    FLASH_ITConfig                           0x08002025   Thumb Code    30  stm32f2xx_flash.o(.text)
    FLASH_GetFlagStatus                      0x08002043   Thumb Code    26  stm32f2xx_flash.o(.text)
    FLASH_ClearFlag                          0x0800205d   Thumb Code     6  stm32f2xx_flash.o(.text)
    GPIO_DeInit                              0x08002075   Thumb Code   220  stm32f2xx_gpio.o(.text)
    GPIO_Init                                0x08002151   Thumb Code   202  stm32f2xx_gpio.o(.text)
    GPIO_StructInit                          0x0800221b   Thumb Code    20  stm32f2xx_gpio.o(.text)
    GPIO_PinLockConfig                       0x0800222f   Thumb Code    20  stm32f2xx_gpio.o(.text)
    GPIO_ReadInputDataBit                    0x08002243   Thumb Code    24  stm32f2xx_gpio.o(.text)
    GPIO_ReadInputData                       0x0800225b   Thumb Code     8  stm32f2xx_gpio.o(.text)
    GPIO_ReadOutputDataBit                   0x08002263   Thumb Code    24  stm32f2xx_gpio.o(.text)
    GPIO_ReadOutputData                      0x0800227b   Thumb Code     8  stm32f2xx_gpio.o(.text)
    GPIO_SetBits                             0x08002283   Thumb Code     4  stm32f2xx_gpio.o(.text)
    GPIO_ResetBits                           0x08002287   Thumb Code     4  stm32f2xx_gpio.o(.text)
    GPIO_WriteBit                            0x0800228b   Thumb Code    10  stm32f2xx_gpio.o(.text)
    GPIO_Write                               0x08002295   Thumb Code     4  stm32f2xx_gpio.o(.text)
    GPIO_ToggleBits                          0x08002299   Thumb Code    10  stm32f2xx_gpio.o(.text)
    GPIO_PinAFConfig                         0x080022a3   Thumb Code    94  stm32f2xx_gpio.o(.text)
    RCC_DeInit                               0x08002325   Thumb Code    64  stm32f2xx_rcc.o(.text)
    RCC_HSEConfig                            0x08002365   Thumb Code    14  stm32f2xx_rcc.o(.text)
    RCC_GetFlagStatus                        0x08002373   Thumb Code    68  stm32f2xx_rcc.o(.text)
    RCC_WaitForHSEStartUp                    0x080023b7   Thumb Code    56  stm32f2xx_rcc.o(.text)
    RCC_AdjustHSICalibrationValue            0x080023ef   Thumb Code    22  stm32f2xx_rcc.o(.text)
    RCC_HSICmd                               0x08002405   Thumb Code     6  stm32f2xx_rcc.o(.text)
    RCC_LSEConfig                            0x0800240b   Thumb Code    46  stm32f2xx_rcc.o(.text)
    RCC_LSICmd                               0x08002439   Thumb Code     6  stm32f2xx_rcc.o(.text)
    RCC_PLLConfig                            0x0800243f   Thumb Code    34  stm32f2xx_rcc.o(.text)
    RCC_PLLCmd                               0x08002461   Thumb Code     6  stm32f2xx_rcc.o(.text)
    RCC_PLLI2SConfig                         0x08002467   Thumb Code    14  stm32f2xx_rcc.o(.text)
    RCC_PLLI2SCmd                            0x08002475   Thumb Code     6  stm32f2xx_rcc.o(.text)
    RCC_ClockSecuritySystemCmd               0x0800247b   Thumb Code     6  stm32f2xx_rcc.o(.text)
    RCC_MCO1Config                           0x08002481   Thumb Code    28  stm32f2xx_rcc.o(.text)
    RCC_MCO2Config                           0x0800249d   Thumb Code    28  stm32f2xx_rcc.o(.text)
    RCC_SYSCLKConfig                         0x080024b9   Thumb Code    22  stm32f2xx_rcc.o(.text)
    RCC_GetSYSCLKSource                      0x080024cf   Thumb Code    10  stm32f2xx_rcc.o(.text)
    RCC_HCLKConfig                           0x080024d9   Thumb Code    22  stm32f2xx_rcc.o(.text)
    RCC_PCLK1Config                          0x080024ef   Thumb Code    22  stm32f2xx_rcc.o(.text)
    RCC_PCLK2Config                          0x08002505   Thumb Code    22  stm32f2xx_rcc.o(.text)
    RCC_GetClocksFreq                        0x0800251b   Thumb Code   222  stm32f2xx_rcc.o(.text)
    RCC_RTCCLKConfig                         0x080025f9   Thumb Code    54  stm32f2xx_rcc.o(.text)
    RCC_RTCCLKCmd                            0x0800262f   Thumb Code     6  stm32f2xx_rcc.o(.text)
    RCC_BackupResetCmd                       0x08002635   Thumb Code     6  stm32f2xx_rcc.o(.text)
    RCC_I2SCLKConfig                         0x0800263b   Thumb Code     6  stm32f2xx_rcc.o(.text)
    RCC_AHB1PeriphClockCmd                   0x08002641   Thumb Code    30  stm32f2xx_rcc.o(.text)
    RCC_AHB2PeriphClockCmd                   0x0800265f   Thumb Code    30  stm32f2xx_rcc.o(.text)
    RCC_AHB3PeriphClockCmd                   0x0800267d   Thumb Code    30  stm32f2xx_rcc.o(.text)
    RCC_APB1PeriphClockCmd                   0x0800269b   Thumb Code    30  stm32f2xx_rcc.o(.text)
    RCC_APB2PeriphClockCmd                   0x080026b9   Thumb Code    30  stm32f2xx_rcc.o(.text)
    RCC_AHB1PeriphResetCmd                   0x080026d7   Thumb Code    30  stm32f2xx_rcc.o(.text)
    RCC_AHB2PeriphResetCmd                   0x080026f5   Thumb Code   136  stm32f2xx_rcc.o(.text)
    RCC_AHB3PeriphResetCmd                   0x0800277d   Thumb Code    30  stm32f2xx_rcc.o(.text)
    RCC_APB1PeriphResetCmd                   0x0800279b   Thumb Code    30  stm32f2xx_rcc.o(.text)
    RCC_APB2PeriphResetCmd                   0x080027b9   Thumb Code    30  stm32f2xx_rcc.o(.text)
    RCC_AHB1PeriphClockLPModeCmd             0x080027d7   Thumb Code    30  stm32f2xx_rcc.o(.text)
    RCC_AHB2PeriphClockLPModeCmd             0x080027f5   Thumb Code    30  stm32f2xx_rcc.o(.text)
    RCC_AHB3PeriphClockLPModeCmd             0x08002813   Thumb Code    30  stm32f2xx_rcc.o(.text)
    RCC_APB1PeriphClockLPModeCmd             0x08002831   Thumb Code    30  stm32f2xx_rcc.o(.text)
    RCC_APB2PeriphClockLPModeCmd             0x0800284f   Thumb Code    30  stm32f2xx_rcc.o(.text)
    RCC_ITConfig                             0x0800286d   Thumb Code    36  stm32f2xx_rcc.o(.text)
    RCC_ClearFlag                            0x08002891   Thumb Code    14  stm32f2xx_rcc.o(.text)
    RCC_GetITStatus                          0x0800289f   Thumb Code    26  stm32f2xx_rcc.o(.text)
    RCC_ClearITPendingBit                    0x080028b9   Thumb Code     6  stm32f2xx_rcc.o(.text)
    USART_DeInit                             0x080028f5   Thumb Code   156  stm32f2xx_usart.o(.text)
    USART_Init                               0x08002991   Thumb Code   240  stm32f2xx_usart.o(.text)
    USART_StructInit                         0x08002a81   Thumb Code    30  stm32f2xx_usart.o(.text)
    USART_ClockInit                          0x08002a9f   Thumb Code    42  stm32f2xx_usart.o(.text)
    USART_ClockStructInit                    0x08002ac9   Thumb Code    14  stm32f2xx_usart.o(.text)
    USART_Cmd                                0x08002ad7   Thumb Code    26  stm32f2xx_usart.o(.text)
    USART_SetPrescaler                       0x08002af1   Thumb Code    18  stm32f2xx_usart.o(.text)
    USART_OverSampling8Cmd                   0x08002b03   Thumb Code    22  stm32f2xx_usart.o(.text)
    USART_OneBitMethodCmd                    0x08002b19   Thumb Code    26  stm32f2xx_usart.o(.text)
    USART_SendData                           0x08002b33   Thumb Code     8  stm32f2xx_usart.o(.text)
    USART_ReceiveData                        0x08002b3b   Thumb Code    10  stm32f2xx_usart.o(.text)
    USART_SetAddress                         0x08002b45   Thumb Code    22  stm32f2xx_usart.o(.text)
    USART_ReceiverWakeUpCmd                  0x08002b5b   Thumb Code    26  stm32f2xx_usart.o(.text)
    USART_WakeUpConfig                       0x08002b75   Thumb Code    22  stm32f2xx_usart.o(.text)
    USART_LINBreakDetectLengthConfig         0x08002b8b   Thumb Code    22  stm32f2xx_usart.o(.text)
    USART_LINCmd                             0x08002ba1   Thumb Code    26  stm32f2xx_usart.o(.text)
    USART_SendBreak                          0x08002bbb   Thumb Code    10  stm32f2xx_usart.o(.text)
    USART_HalfDuplexCmd                      0x08002bc5   Thumb Code    26  stm32f2xx_usart.o(.text)
    USART_SetGuardTime                       0x08002bdf   Thumb Code    16  stm32f2xx_usart.o(.text)
    USART_SmartCardCmd                       0x08002bef   Thumb Code    26  stm32f2xx_usart.o(.text)
    USART_SmartCardNACKCmd                   0x08002c09   Thumb Code    26  stm32f2xx_usart.o(.text)
    USART_IrDAConfig                         0x08002c23   Thumb Code    22  stm32f2xx_usart.o(.text)
    USART_IrDACmd                            0x08002c39   Thumb Code    26  stm32f2xx_usart.o(.text)
    USART_DMACmd                             0x08002c53   Thumb Code    30  stm32f2xx_usart.o(.text)
    USART_ITConfig                           0x08002c71   Thumb Code    88  stm32f2xx_usart.o(.text)
    USART_GetFlagStatus                      0x08002cc9   Thumb Code    58  stm32f2xx_usart.o(.text)
    USART_ClearFlag                          0x08002d03   Thumb Code    20  stm32f2xx_usart.o(.text)
    USART_GetITStatus                        0x08002d17   Thumb Code   104  stm32f2xx_usart.o(.text)
    USART_ClearITPendingBit                  0x08002d7f   Thumb Code    40  stm32f2xx_usart.o(.text)
    Reset_Handler                            0x08002da9   Thumb Code     8  startup_stm32f2xx.o(.text)
    ADC_IRQHandler                           0x08002dc3   Thumb Code     0  startup_stm32f2xx.o(.text)
    CAN1_RX0_IRQHandler                      0x08002dc3   Thumb Code     0  startup_stm32f2xx.o(.text)
    CAN1_RX1_IRQHandler                      0x08002dc3   Thumb Code     0  startup_stm32f2xx.o(.text)
    CAN1_SCE_IRQHandler                      0x08002dc3   Thumb Code     0  startup_stm32f2xx.o(.text)
    CAN1_TX_IRQHandler                       0x08002dc3   Thumb Code     0  startup_stm32f2xx.o(.text)
    CAN2_RX0_IRQHandler                      0x08002dc3   Thumb Code     0  startup_stm32f2xx.o(.text)
    CAN2_RX1_IRQHandler                      0x08002dc3   Thumb Code     0  startup_stm32f2xx.o(.text)
    CAN2_SCE_IRQHandler                      0x08002dc3   Thumb Code     0  startup_stm32f2xx.o(.text)
    CAN2_TX_IRQHandler                       0x08002dc3   Thumb Code     0  startup_stm32f2xx.o(.text)
    CRYP_IRQHandler                          0x08002dc3   Thumb Code     0  startup_stm32f2xx.o(.text)
    DCMI_IRQHandler                          0x08002dc3   Thumb Code     0  startup_stm32f2xx.o(.text)
    DMA1_Stream0_IRQHandler                  0x08002dc3   Thumb Code     0  startup_stm32f2xx.o(.text)
    DMA1_Stream1_IRQHandler                  0x08002dc3   Thumb Code     0  startup_stm32f2xx.o(.text)
    DMA1_Stream2_IRQHandler                  0x08002dc3   Thumb Code     0  startup_stm32f2xx.o(.text)
    DMA1_Stream3_IRQHandler                  0x08002dc3   Thumb Code     0  startup_stm32f2xx.o(.text)
    DMA1_Stream4_IRQHandler                  0x08002dc3   Thumb Code     0  startup_stm32f2xx.o(.text)
    DMA1_Stream5_IRQHandler                  0x08002dc3   Thumb Code     0  startup_stm32f2xx.o(.text)
    DMA1_Stream6_IRQHandler                  0x08002dc3   Thumb Code     0  startup_stm32f2xx.o(.text)
    DMA1_Stream7_IRQHandler                  0x08002dc3   Thumb Code     0  startup_stm32f2xx.o(.text)
    DMA2_Stream0_IRQHandler                  0x08002dc3   Thumb Code     0  startup_stm32f2xx.o(.text)
    DMA2_Stream1_IRQHandler                  0x08002dc3   Thumb Code     0  startup_stm32f2xx.o(.text)
    DMA2_Stream2_IRQHandler                  0x08002dc3   Thumb Code     0  startup_stm32f2xx.o(.text)
    DMA2_Stream3_IRQHandler                  0x08002dc3   Thumb Code     0  startup_stm32f2xx.o(.text)
    DMA2_Stream4_IRQHandler                  0x08002dc3   Thumb Code     0  startup_stm32f2xx.o(.text)
    DMA2_Stream5_IRQHandler                  0x08002dc3   Thumb Code     0  startup_stm32f2xx.o(.text)
    DMA2_Stream6_IRQHandler                  0x08002dc3   Thumb Code     0  startup_stm32f2xx.o(.text)
    ETH_IRQHandler                           0x08002dc3   Thumb Code     0  startup_stm32f2xx.o(.text)
    ETH_WKUP_IRQHandler                      0x08002dc3   Thumb Code     0  startup_stm32f2xx.o(.text)
    EXTI0_IRQHandler                         0x08002dc3   Thumb Code     0  startup_stm32f2xx.o(.text)
    EXTI15_10_IRQHandler                     0x08002dc3   Thumb Code     0  startup_stm32f2xx.o(.text)
    EXTI1_IRQHandler                         0x08002dc3   Thumb Code     0  startup_stm32f2xx.o(.text)
    EXTI2_IRQHandler                         0x08002dc3   Thumb Code     0  startup_stm32f2xx.o(.text)
    EXTI3_IRQHandler                         0x08002dc3   Thumb Code     0  startup_stm32f2xx.o(.text)
    EXTI4_IRQHandler                         0x08002dc3   Thumb Code     0  startup_stm32f2xx.o(.text)
    EXTI9_5_IRQHandler                       0x08002dc3   Thumb Code     0  startup_stm32f2xx.o(.text)
    FLASH_IRQHandler                         0x08002dc3   Thumb Code     0  startup_stm32f2xx.o(.text)
    FSMC_IRQHandler                          0x08002dc3   Thumb Code     0  startup_stm32f2xx.o(.text)
    HASH_RNG_IRQHandler                      0x08002dc3   Thumb Code     0  startup_stm32f2xx.o(.text)
    I2C1_ER_IRQHandler                       0x08002dc3   Thumb Code     0  startup_stm32f2xx.o(.text)
    I2C1_EV_IRQHandler                       0x08002dc3   Thumb Code     0  startup_stm32f2xx.o(.text)
    I2C2_ER_IRQHandler                       0x08002dc3   Thumb Code     0  startup_stm32f2xx.o(.text)
    I2C2_EV_IRQHandler                       0x08002dc3   Thumb Code     0  startup_stm32f2xx.o(.text)
    I2C3_ER_IRQHandler                       0x08002dc3   Thumb Code     0  startup_stm32f2xx.o(.text)
    I2C3_EV_IRQHandler                       0x08002dc3   Thumb Code     0  startup_stm32f2xx.o(.text)
    OTG_FS_IRQHandler                        0x08002dc3   Thumb Code     0  startup_stm32f2xx.o(.text)
    OTG_FS_WKUP_IRQHandler                   0x08002dc3   Thumb Code     0  startup_stm32f2xx.o(.text)
    OTG_HS_EP1_IN_IRQHandler                 0x08002dc3   Thumb Code     0  startup_stm32f2xx.o(.text)
    OTG_HS_EP1_OUT_IRQHandler                0x08002dc3   Thumb Code     0  startup_stm32f2xx.o(.text)
    OTG_HS_IRQHandler                        0x08002dc3   Thumb Code     0  startup_stm32f2xx.o(.text)
    OTG_HS_WKUP_IRQHandler                   0x08002dc3   Thumb Code     0  startup_stm32f2xx.o(.text)
    PVD_IRQHandler                           0x08002dc3   Thumb Code     0  startup_stm32f2xx.o(.text)
    RCC_IRQHandler                           0x08002dc3   Thumb Code     0  startup_stm32f2xx.o(.text)
    RTC_Alarm_IRQHandler                     0x08002dc3   Thumb Code     0  startup_stm32f2xx.o(.text)
    RTC_WKUP_IRQHandler                      0x08002dc3   Thumb Code     0  startup_stm32f2xx.o(.text)
    SDIO_IRQHandler                          0x08002dc3   Thumb Code     0  startup_stm32f2xx.o(.text)
    SPI1_IRQHandler                          0x08002dc3   Thumb Code     0  startup_stm32f2xx.o(.text)
    SPI2_IRQHandler                          0x08002dc3   Thumb Code     0  startup_stm32f2xx.o(.text)
    SPI3_IRQHandler                          0x08002dc3   Thumb Code     0  startup_stm32f2xx.o(.text)
    TAMP_STAMP_IRQHandler                    0x08002dc3   Thumb Code     0  startup_stm32f2xx.o(.text)
    TIM1_BRK_TIM9_IRQHandler                 0x08002dc3   Thumb Code     0  startup_stm32f2xx.o(.text)
    TIM1_CC_IRQHandler                       0x08002dc3   Thumb Code     0  startup_stm32f2xx.o(.text)
    TIM1_TRG_COM_TIM11_IRQHandler            0x08002dc3   Thumb Code     0  startup_stm32f2xx.o(.text)
    TIM1_UP_TIM10_IRQHandler                 0x08002dc3   Thumb Code     0  startup_stm32f2xx.o(.text)
    TIM2_IRQHandler                          0x08002dc3   Thumb Code     0  startup_stm32f2xx.o(.text)
    TIM3_IRQHandler                          0x08002dc3   Thumb Code     0  startup_stm32f2xx.o(.text)
    TIM4_IRQHandler                          0x08002dc3   Thumb Code     0  startup_stm32f2xx.o(.text)
    TIM5_IRQHandler                          0x08002dc3   Thumb Code     0  startup_stm32f2xx.o(.text)
    TIM6_DAC_IRQHandler                      0x08002dc3   Thumb Code     0  startup_stm32f2xx.o(.text)
    TIM7_IRQHandler                          0x08002dc3   Thumb Code     0  startup_stm32f2xx.o(.text)
    TIM8_BRK_TIM12_IRQHandler                0x08002dc3   Thumb Code     0  startup_stm32f2xx.o(.text)
    TIM8_CC_IRQHandler                       0x08002dc3   Thumb Code     0  startup_stm32f2xx.o(.text)
    TIM8_TRG_COM_TIM14_IRQHandler            0x08002dc3   Thumb Code     0  startup_stm32f2xx.o(.text)
    TIM8_UP_TIM13_IRQHandler                 0x08002dc3   Thumb Code     0  startup_stm32f2xx.o(.text)
    UART4_IRQHandler                         0x08002dc3   Thumb Code     0  startup_stm32f2xx.o(.text)
    UART5_IRQHandler                         0x08002dc3   Thumb Code     0  startup_stm32f2xx.o(.text)
    USART1_IRQHandler                        0x08002dc3   Thumb Code     0  startup_stm32f2xx.o(.text)
    USART2_IRQHandler                        0x08002dc3   Thumb Code     0  startup_stm32f2xx.o(.text)
    USART3_IRQHandler                        0x08002dc3   Thumb Code     0  startup_stm32f2xx.o(.text)
    WWDG_IRQHandler                          0x08002dc3   Thumb Code     0  startup_stm32f2xx.o(.text)
    __user_initial_stackheap                 0x08002dc5   Thumb Code     0  startup_stm32f2xx.o(.text)
    STM_EVAL_LEDInit                         0x08002de9   Thumb Code    72  stm322xg_eval.o(.text)
    STM_EVAL_LEDOff                          0x08002e31   Thumb Code    16  stm322xg_eval.o(.text)
    STM_EVAL_LEDOn                           0x08002e41   Thumb Code    16  stm322xg_eval.o(.text)
    STM_EVAL_LEDToggle                       0x08002e51   Thumb Code    28  stm322xg_eval.o(.text)
    F205_UsartDMAConfig                      0x08002e6d   Thumb Code   150  stm322xg_eval.o(.text)
    STM_EVAL_COMInit                         0x08002f03   Thumb Code   370  stm322xg_eval.o(.text)
    F205_DisablePeripherals                  0x08003075   Thumb Code   172  stm322xg_eval.o(.text)
    Delay                                    0x08003121   Thumb Code    18  stm322xg_eval.o(.text)
    __aeabi_memclr                           0x0800317d   Thumb Code     0  rt_memclr.o(.text)
    __rt_memclr                              0x0800317d   Thumb Code    68  rt_memclr.o(.text)
    _memset                                  0x08003181   Thumb Code     0  rt_memclr.o(.text)
    __aeabi_memclr4                          0x080031c1   Thumb Code     0  rt_memclr_w.o(.text)
    __aeabi_memclr8                          0x080031c1   Thumb Code     0  rt_memclr_w.o(.text)
    __rt_memclr_w                            0x080031c1   Thumb Code    78  rt_memclr_w.o(.text)
    _memset_w                                0x080031c5   Thumb Code     0  rt_memclr_w.o(.text)
    __use_two_region_memory                  0x0800320f   Thumb Code     2  heapauxi.o(.text)
    __rt_heap_escrow$2region                 0x08003211   Thumb Code     2  heapauxi.o(.text)
    __rt_heap_expand$2region                 0x08003213   Thumb Code     2  heapauxi.o(.text)
    __user_setup_stackheap                   0x08003215   Thumb Code    74  sys_stackheap_outer.o(.text)
    exit                                     0x0800325f   Thumb Code    12  exit.o(.text)
    __user_libspace                          0x0800326d   Thumb Code     8  libspace.o(.text)
    __user_perproc_libspace                  0x0800326d   Thumb Code     0  libspace.o(.text)
    __user_perthread_libspace                0x0800326d   Thumb Code     0  libspace.o(.text)
    __rt_fp_status_addr                      0x08003275   Thumb Code     8  rt_fp_status_addr_intlibspace.o(.text)
    _sys_exit                                0x0800327d   Thumb Code     8  sys_exit.o(.text)
    __I$use$semihosting                      0x08003289   Thumb Code     0  use_no_semi.o(.text)
    __use_no_semihosting_swi                 0x08003289   Thumb Code     2  use_no_semi.o(.text)
    __semihosting_library_function           0x0800328b   Thumb Code     0  indicate_semi.o(.text)
    _InitRx                                  0x0800328d   Thumb Code    38  f205_usart.o(i._InitRx)
    _SetRxData                               0x080032cd   Thumb Code   212  f205_usart.o(i._SetRxData)
    _fp_init                                 0x080033b1   Thumb Code    14  fpinit.o(x$fpl$fpinit)
    __fplib_config_pureend_doubles           0x080033bd   Thumb Code     0  fpinit.o(x$fpl$fpinit)
    CRCTable                                 0x080033be   Data         512  f205_usart.o(.constdata)
    GPIO_PIN                                 0x080035c0   Data          24  stm322xg_eval.o(.constdata)
    GPIO_CLK                                 0x080035d8   Data          48  stm322xg_eval.o(.constdata)
    COM_USART_CLK                            0x08003608   Data           8  stm322xg_eval.o(.constdata)
    COM_TX_PORT_CLK                          0x08003610   Data           8  stm322xg_eval.o(.constdata)
    COM_RX_PORT_CLK                          0x08003618   Data           8  stm322xg_eval.o(.constdata)
    COM_TX_PIN                               0x08003620   Data           4  stm322xg_eval.o(.constdata)
    COM_RX_PIN                               0x08003624   Data           4  stm322xg_eval.o(.constdata)
    COM_TX_PIN_SOURCE                        0x08003628   Data           2  stm322xg_eval.o(.constdata)
    COM_RX_PIN_SOURCE                        0x0800362a   Data           2  stm322xg_eval.o(.constdata)
    COM_TX_AF                                0x0800362c   Data           2  stm322xg_eval.o(.constdata)
    COM_RX_AF                                0x0800362e   Data           2  stm322xg_eval.o(.constdata)
    COM_IRQn                                 0x08003630   Data           2  stm322xg_eval.o(.constdata)
    USART_DATA_REG_ADDR                      0x08003634   Data           8  stm322xg_eval.o(.constdata)
    Region$$Table$$Base                      0x0800363c   Number         0  anon$$obj.o(Region$$Table)
    Region$$Table$$Limit                     0x0800365c   Number         0  anon$$obj.o(Region$$Table)
    SystemCoreClock                          0x20000000   Data           4  system_stm32f2xx.o(.data)
    AHBPrescTable                            0x20000004   Data          16  system_stm32f2xx.o(.data)
    USART_RxIndex                            0x20000014   Data           2  stm32f2xx_it.o(.data)
    Jump_To_Application                      0x20000018   Data           4  main.o(.data)
    JumpAddress                              0x2000001c   Data           4  main.o(.data)
    GPIO_InitStructure                       0x20000020   Data           8  f205_gpio.o(.data)
    TxHandleIndex                            0x20000034   Data           2  f205_usart.o(.data)
    RxHandleIndex                            0x20000036   Data           2  f205_usart.o(.data)
    RxLen                                    0x20000038   Data           2  f205_usart.o(.data)
    StartF                                   0x2000003a   Data           1  f205_usart.o(.data)
    DLE                                      0x2000003b   Data           1  f205_usart.o(.data)
    CalcCheck                                0x2000003c   Data           2  f205_usart.o(.data)
    CheckUpIndex                             0x2000003e   Data           1  f205_usart.o(.data)
    USART_BufStruct                          0x20000040   Data           8  f205_usart.o(.data)
    CheckUp                                  0x20000048   Data           4  f205_usart.o(.data)
    GPIO_PORT                                0x2000005c   Data          48  stm322xg_eval.o(.data)
    COM_USART                                0x2000008c   Data           8  stm322xg_eval.o(.data)
    COM_TX_PORT                              0x20000094   Data           8  stm322xg_eval.o(.data)
    COM_RX_PORT                              0x2000009c   Data           8  stm322xg_eval.o(.data)
    MyInfo                                   0x200000a4   Data          24  main.o(.bss)
    ParamBuf                                 0x200000bc   Data       16384  main.o(.bss)
    USART_InitStructure                      0x200040bc   Data          16  f205_usart.o(.bss)
    USART_RxBuf                              0x200040cc   Data       16384  f205_usart.o(.bss)
    USART_TxBuf                              0x200080cc   Data        2048  f205_usart.o(.bss)
    USART_tmpRxBuf                           0x200088cc   Data       32768  f205_usart.o(.bss)
    _Info                                    0x200108cc   Data         140  f205_usart.o(.bss)
    HexInfo                                  0x20010958   Data          24  f205_usart.o(.bss)
    __libspace_start                         0x20010970   Data          96  libspace.o(.bss)
    __temporary_stack_top$libspace           0x200109d0   Data           0  libspace.o(.bss)



==============================================================================

Memory Map of the image

  Image Entry point : 0x08000185

  Load Region LR_IROM1 (Base: 0x08000000, Size: 0x00003700, Max: 0x00008000, ABSOLUTE)

    Execution Region ER_IROM1 (Base: 0x08000000, Size: 0x0000365c, Max: 0x00008000, ABSOLUTE)

    Base Addr    Size         Type   Attr      Idx    E Section Name        Object

    0x08000000   0x00000184   Data   RO          514    RESET               startup_stm32f2xx.o
    0x08000184   0x00000008   Code   RO          543  * !!!main             c_w.l(__main.o)
    0x0800018c   0x00000034   Code   RO          700    !!!scatter          c_w.l(__scatter.o)
    0x080001c0   0x0000001a   Code   RO          702    !!handler_copy      c_w.l(__scatter_copy.o)
    0x080001da   0x00000002   PAD
    0x080001dc   0x0000001c   Code   RO          704    !!handler_zi        c_w.l(__scatter_zi.o)
    0x080001f8   0x00000006   Code   RO          570    .ARM.Collect$$libinit$$00000000  c_w.l(libinit.o)
    0x080001fe   0x00000000   Code   RO          578    .ARM.Collect$$libinit$$00000006  c_w.l(libinit2.o)
    0x080001fe   0x00000000   Code   RO          580    .ARM.Collect$$libinit$$00000008  c_w.l(libinit2.o)
    0x080001fe   0x00000000   Code   RO          582    .ARM.Collect$$libinit$$0000000A  c_w.l(libinit2.o)
    0x080001fe   0x00000000   Code   RO          585    .ARM.Collect$$libinit$$0000000D  c_w.l(libinit2.o)
    0x080001fe   0x00000000   Code   RO          587    .ARM.Collect$$libinit$$0000000F  c_w.l(libinit2.o)
    0x080001fe   0x00000000   Code   RO          589    .ARM.Collect$$libinit$$00000011  c_w.l(libinit2.o)
    0x080001fe   0x00000000   Code   RO          591    .ARM.Collect$$libinit$$00000013  c_w.l(libinit2.o)
    0x080001fe   0x00000000   Code   RO          593    .ARM.Collect$$libinit$$00000015  c_w.l(libinit2.o)
    0x080001fe   0x00000000   Code   RO          595    .ARM.Collect$$libinit$$00000017  c_w.l(libinit2.o)
    0x080001fe   0x00000000   Code   RO          597    .ARM.Collect$$libinit$$00000019  c_w.l(libinit2.o)
    0x080001fe   0x00000000   Code   RO          599    .ARM.Collect$$libinit$$0000001B  c_w.l(libinit2.o)
    0x080001fe   0x00000000   Code   RO          601    .ARM.Collect$$libinit$$0000001D  c_w.l(libinit2.o)
    0x080001fe   0x00000000   Code   RO          603    .ARM.Collect$$libinit$$0000001F  c_w.l(libinit2.o)
    0x080001fe   0x00000000   Code   RO          605    .ARM.Collect$$libinit$$00000021  c_w.l(libinit2.o)
    0x080001fe   0x00000000   Code   RO          609    .ARM.Collect$$libinit$$00000028  c_w.l(libinit2.o)
    0x080001fe   0x00000000   Code   RO          611    .ARM.Collect$$libinit$$0000002A  c_w.l(libinit2.o)
    0x080001fe   0x00000000   Code   RO          613    .ARM.Collect$$libinit$$0000002C  c_w.l(libinit2.o)
    0x080001fe   0x00000000   Code   RO          615    .ARM.Collect$$libinit$$0000002E  c_w.l(libinit2.o)
    0x080001fe   0x00000002   Code   RO          616    .ARM.Collect$$libinit$$0000002F  c_w.l(libinit2.o)
    0x08000200   0x00000002   Code   RO          641    .ARM.Collect$$libshutdown$$00000000  c_w.l(libshutdown.o)
    0x08000202   0x00000000   Code   RO          655    .ARM.Collect$$libshutdown$$00000003  c_w.l(libshutdown2.o)
    0x08000202   0x00000000   Code   RO          658    .ARM.Collect$$libshutdown$$00000006  c_w.l(libshutdown2.o)
    0x08000202   0x00000000   Code   RO          661    .ARM.Collect$$libshutdown$$00000009  c_w.l(libshutdown2.o)
    0x08000202   0x00000000   Code   RO          663    .ARM.Collect$$libshutdown$$0000000B  c_w.l(libshutdown2.o)
    0x08000202   0x00000000   Code   RO          666    .ARM.Collect$$libshutdown$$0000000E  c_w.l(libshutdown2.o)
    0x08000202   0x00000002   Code   RO          667    .ARM.Collect$$libshutdown$$0000000F  c_w.l(libshutdown2.o)
    0x08000204   0x00000000   Code   RO          545    .ARM.Collect$$rtentry$$00000000  c_w.l(rtentry.o)
    0x08000204   0x00000000   Code   RO          547    .ARM.Collect$$rtentry$$00000002  c_w.l(rtentry2.o)
    0x08000204   0x00000006   Code   RO          559    .ARM.Collect$$rtentry$$00000004  c_w.l(rtentry4.o)
    0x0800020a   0x00000000   Code   RO          549    .ARM.Collect$$rtentry$$00000009  c_w.l(rtentry2.o)
    0x0800020a   0x00000004   Code   RO          550    .ARM.Collect$$rtentry$$0000000A  c_w.l(rtentry2.o)
    0x0800020e   0x00000000   Code   RO          552    .ARM.Collect$$rtentry$$0000000C  c_w.l(rtentry2.o)
    0x0800020e   0x00000008   Code   RO          553    .ARM.Collect$$rtentry$$0000000D  c_w.l(rtentry2.o)
    0x08000216   0x00000002   Code   RO          574    .ARM.Collect$$rtexit$$00000000  c_w.l(rtexit.o)
    0x08000218   0x00000000   Code   RO          620    .ARM.Collect$$rtexit$$00000002  c_w.l(rtexit2.o)
    0x08000218   0x00000004   Code   RO          621    .ARM.Collect$$rtexit$$00000003  c_w.l(rtexit2.o)
    0x0800021c   0x00000006   Code   RO          622    .ARM.Collect$$rtexit$$00000004  c_w.l(rtexit2.o)
    0x08000222   0x00000002   PAD
    0x08000224   0x00000020   Code   RO          501    .emb_text           core_cm3.o
    0x08000244   0x000001d8   Code   RO            1    .text               system_stm32f2xx.o
    0x0800041c   0x000000d0   Code   RO          112    .text               stm32f2xx_it.o
    0x080004ec   0x00000280   Code   RO          233    .text               main.o
    0x0800076c   0x00000352   Code   RO          268    .text               hexfile.o
    0x08000abe   0x000001f0   Code   RO          290    .text               f205_flash.o
    0x08000cae   0x00000002   PAD
    0x08000cb0   0x000000e4   Code   RO          302    .text               f205_gpio.o
    0x08000d94   0x00000130   Code   RO          317    .text               f205_led.o
    0x08000ec4   0x0000009c   Code   RO          331    .text               f205_systick.o
    0x08000f60   0x00000768   Code   RO          351    .text               f205_usart.o
    0x080016c8   0x00000108   Code   RO          387    .text               misc.o
    0x080017d0   0x000003d8   Code   RO          403    .text               stm32f2xx_dma.o
    0x08001ba8   0x000004cc   Code   RO          415    .text               stm32f2xx_flash.o
    0x08002074   0x000002b0   Code   RO          427    .text               stm32f2xx_gpio.o
    0x08002324   0x000005d0   Code   RO          451    .text               stm32f2xx_rcc.o
    0x080028f4   0x000004b2   Code   RO          465    .text               stm32f2xx_usart.o
    0x08002da6   0x00000002   PAD
    0x08002da8   0x00000040   Code   RO          515    .text               startup_stm32f2xx.o
    0x08002de8   0x00000394   Code   RO          519    .text               stm322xg_eval.o
    0x0800317c   0x00000044   Code   RO          537    .text               c_w.l(rt_memclr.o)
    0x080031c0   0x0000004e   Code   RO          539    .text               c_w.l(rt_memclr_w.o)
    0x0800320e   0x00000006   Code   RO          541    .text               c_w.l(heapauxi.o)
    0x08003214   0x0000004a   Code   RO          561    .text               c_w.l(sys_stackheap_outer.o)
    0x0800325e   0x0000000c   Code   RO          563    .text               c_w.l(exit.o)
    0x0800326a   0x00000002   PAD
    0x0800326c   0x00000008   Code   RO          571    .text               c_w.l(libspace.o)
    0x08003274   0x00000008   Code   RO          629    .text               c_w.l(rt_fp_status_addr_intlibspace.o)
    0x0800327c   0x0000000c   Code   RO          633    .text               c_w.l(sys_exit.o)
    0x08003288   0x00000002   Code   RO          644    .text               c_w.l(use_no_semi.o)
    0x0800328a   0x00000000   Code   RO          646    .text               c_w.l(indicate_semi.o)
    0x0800328a   0x00000002   PAD
    0x0800328c   0x00000040   Code   RO          365    i._InitRx           f205_usart.o
    0x080032cc   0x000000e4   Code   RO          371    i._SetRxData        f205_usart.o
    0x080033b0   0x0000000e   Code   RO          617    x$fpl$fpinit        fz_ws.l(fpinit.o)
    0x080033be   0x00000200   Data   RO          353    .constdata          f205_usart.o
    0x080035be   0x00000002   PAD
    0x080035c0   0x0000007c   Data   RO          520    .constdata          stm322xg_eval.o
    0x0800363c   0x00000020   Data   RO          698    Region$$Table       anon$$obj.o


    Execution Region RW_IRAM1 (Base: 0x20000000, Size: 0x000113d0, Max: 0x00018000, ABSOLUTE)

    Base Addr    Size         Type   Attr      Idx    E Section Name        Object

    0x20000000   0x00000014   Data   RW            2    .data               system_stm32f2xx.o
    0x20000014   0x00000002   Data   RW          113    .data               stm32f2xx_it.o
    0x20000016   0x00000002   PAD
    0x20000018   0x00000008   Data   RW          235    .data               main.o
    0x20000020   0x00000008   Data   RW          303    .data               f205_gpio.o
    0x20000028   0x0000000c   Data   RW          318    .data               f205_led.o
    0x20000034   0x00000018   Data   RW          354    .data               f205_usart.o
    0x2000004c   0x00000010   Data   RW          452    .data               stm32f2xx_rcc.o
    0x2000005c   0x00000048   Data   RW          521    .data               stm322xg_eval.o
    0x200000a4   0x00004018   Zero   RW          234    .bss                main.o
    0x200040bc   0x0000c8b4   Zero   RW          352    .bss                f205_usart.o
    0x20010970   0x00000060   Zero   RW          572    .bss                c_w.l(libspace.o)
    0x200109d0   0x00000200   Zero   RW          513    HEAP                startup_stm32f2xx.o
    0x20010bd0   0x00000800   Zero   RW          512    STACK               startup_stm32f2xx.o


==============================================================================

Image component sizes


      Code (inc. data)   RO Data    RW Data    ZI Data      Debug   Object Name

        32          0          0          0          0        576   core_cm3.o
       496          0          0          0          0       2908   f205_flash.o
       228         28          0          8          0       1521   f205_gpio.o
       304         12          0         12          0       1940   f205_led.o
       156         18          0          0          0      18049   f205_systick.o
      2188        146        512         24      51380       9006   f205_usart.o
       850         14          0          0          0       4818   hexfile.o
       640         48          0          8      16408       7064   main.o
       264         30          0          0          0       1833   misc.o
        64         26        388          0       2560        732   startup_stm32f2xx.o
       916         74        124         72          0       4161   stm322xg_eval.o
       984         50          0          0          0       6373   stm32f2xx_dma.o
      1228         68          0          0          0       6961   stm32f2xx_flash.o
       688         36          0          0          0       3997   stm32f2xx_gpio.o
       208         24          0          2          0     241077   stm32f2xx_it.o
      1488        158          0         16          0      11023   stm32f2xx_rcc.o
      1202         26          0          0          0       7768   stm32f2xx_usart.o
       472         52          0         20          0     254211   system_stm32f2xx.o

    ----------------------------------------------------------------------
     12412        810       1058        164      70348     584018   Object Totals
         0          0         32          0          0          0   (incl. Generated)
         4          0          2          2          0          0   (incl. Padding)

    ----------------------------------------------------------------------

      Code (inc. data)   RO Data    RW Data    ZI Data      Debug   Library Member Name

         8          0          0          0          0         68   __main.o
        52          8          0          0          0          0   __scatter.o
        26          0          0          0          0          0   __scatter_copy.o
        28          0          0          0          0          0   __scatter_zi.o
        12          0          0          0          0         72   exit.o
         6          0          0          0          0        152   heapauxi.o
         0          0          0          0          0          0   indicate_semi.o
         6          0          0          0          0          0   libinit.o
         2          0          0          0          0          0   libinit2.o
         2          0          0          0          0          0   libshutdown.o
         2          0          0          0          0          0   libshutdown2.o
         8          4          0          0         96         68   libspace.o
         8          4          0          0          0         68   rt_fp_status_addr_intlibspace.o
        68          0          0          0          0         68   rt_memclr.o
        78          0          0          0          0         80   rt_memclr_w.o
         0          0          0          0          0          0   rtentry.o
        12          0          0          0          0          0   rtentry2.o
         6          0          0          0          0          0   rtentry4.o
         2          0          0          0          0          0   rtexit.o
        10          0          0          0          0          0   rtexit2.o
        12          4          0          0          0         68   sys_exit.o
        74          0          0          0          0         80   sys_stackheap_outer.o
         2          0          0          0          0         68   use_no_semi.o
        14          0          0          0          0         76   fpinit.o

    ----------------------------------------------------------------------
       446         20          0          0         96        868   Library Totals
         8          0          0          0          0          0   (incl. Padding)

    ----------------------------------------------------------------------

      Code (inc. data)   RO Data    RW Data    ZI Data      Debug   Library Name

       424         20          0          0         96        792   c_w.l
        14          0          0          0          0         76   fz_ws.l

    ----------------------------------------------------------------------
       446         20          0          0         96        868   Library Totals

    ----------------------------------------------------------------------

==============================================================================


      Code (inc. data)   RO Data    RW Data    ZI Data      Debug   

     12858        830       1058        164      70444     582494   Grand Totals
     12858        830       1058        164      70444     582494   ELF Image Totals
     12858        830       1058        164          0          0   ROM Totals

==============================================================================

    Total RO  Size (Code + RO Data)                13916 (  13.59kB)
    Total RW  Size (RW Data + ZI Data)             70608 (  68.95kB)
    Total ROM Size (Code + RO Data + RW Data)      14080 (  13.75kB)

==============================================================================

